Archive member included to satisfy reference by file (symbol)

c:/program files (x86)/atmel/studio/7.0/toolchain/avr8/avr8-gnu-toolchain/bin/../lib/gcc/avr/5.4.0/../../../../avr/lib/avr6\libm.a(addsf3.o)
                              Termostat.o (__subsf3)
c:/program files (x86)/atmel/studio/7.0/toolchain/avr8/avr8-gnu-toolchain/bin/../lib/gcc/avr/5.4.0/../../../../avr/lib/avr6\libm.a(addsf3x.o)
                              c:/program files (x86)/atmel/studio/7.0/toolchain/avr8/avr8-gnu-toolchain/bin/../lib/gcc/avr/5.4.0/../../../../avr/lib/avr6\libm.a(addsf3.o) (__addsf3x)
c:/program files (x86)/atmel/studio/7.0/toolchain/avr8/avr8-gnu-toolchain/bin/../lib/gcc/avr/5.4.0/../../../../avr/lib/avr6\libm.a(cmpsf2.o)
                              Termostat.o (__lesf2)
c:/program files (x86)/atmel/studio/7.0/toolchain/avr8/avr8-gnu-toolchain/bin/../lib/gcc/avr/5.4.0/../../../../avr/lib/avr6\libm.a(divsf3.o)
                              Termostat.o (__divsf3)
c:/program files (x86)/atmel/studio/7.0/toolchain/avr8/avr8-gnu-toolchain/bin/../lib/gcc/avr/5.4.0/../../../../avr/lib/avr6\libm.a(divsf3x.o)
                              c:/program files (x86)/atmel/studio/7.0/toolchain/avr8/avr8-gnu-toolchain/bin/../lib/gcc/avr/5.4.0/../../../../avr/lib/avr6\libm.a(divsf3.o) (__divsf3x)
c:/program files (x86)/atmel/studio/7.0/toolchain/avr8/avr8-gnu-toolchain/bin/../lib/gcc/avr/5.4.0/../../../../avr/lib/avr6\libm.a(floatsisf.o)
                              Termostat.o (__floatsisf)
c:/program files (x86)/atmel/studio/7.0/toolchain/avr8/avr8-gnu-toolchain/bin/../lib/gcc/avr/5.4.0/../../../../avr/lib/avr6\libm.a(fp_cmp.o)
                              c:/program files (x86)/atmel/studio/7.0/toolchain/avr8/avr8-gnu-toolchain/bin/../lib/gcc/avr/5.4.0/../../../../avr/lib/avr6\libm.a(cmpsf2.o) (__fp_cmp)
c:/program files (x86)/atmel/studio/7.0/toolchain/avr8/avr8-gnu-toolchain/bin/../lib/gcc/avr/5.4.0/../../../../avr/lib/avr6\libm.a(fp_inf.o)
                              c:/program files (x86)/atmel/studio/7.0/toolchain/avr8/avr8-gnu-toolchain/bin/../lib/gcc/avr/5.4.0/../../../../avr/lib/avr6\libm.a(addsf3x.o) (__fp_inf)
c:/program files (x86)/atmel/studio/7.0/toolchain/avr8/avr8-gnu-toolchain/bin/../lib/gcc/avr/5.4.0/../../../../avr/lib/avr6\libm.a(fp_nan.o)
                              c:/program files (x86)/atmel/studio/7.0/toolchain/avr8/avr8-gnu-toolchain/bin/../lib/gcc/avr/5.4.0/../../../../avr/lib/avr6\libm.a(addsf3x.o) (__fp_nan)
c:/program files (x86)/atmel/studio/7.0/toolchain/avr8/avr8-gnu-toolchain/bin/../lib/gcc/avr/5.4.0/../../../../avr/lib/avr6\libm.a(fp_pscA.o)
                              c:/program files (x86)/atmel/studio/7.0/toolchain/avr8/avr8-gnu-toolchain/bin/../lib/gcc/avr/5.4.0/../../../../avr/lib/avr6\libm.a(addsf3x.o) (__fp_pscA)
c:/program files (x86)/atmel/studio/7.0/toolchain/avr8/avr8-gnu-toolchain/bin/../lib/gcc/avr/5.4.0/../../../../avr/lib/avr6\libm.a(fp_pscB.o)
                              c:/program files (x86)/atmel/studio/7.0/toolchain/avr8/avr8-gnu-toolchain/bin/../lib/gcc/avr/5.4.0/../../../../avr/lib/avr6\libm.a(addsf3x.o) (__fp_pscB)
c:/program files (x86)/atmel/studio/7.0/toolchain/avr8/avr8-gnu-toolchain/bin/../lib/gcc/avr/5.4.0/../../../../avr/lib/avr6\libm.a(fp_round.o)
                              c:/program files (x86)/atmel/studio/7.0/toolchain/avr8/avr8-gnu-toolchain/bin/../lib/gcc/avr/5.4.0/../../../../avr/lib/avr6\libm.a(addsf3.o) (__fp_round)
c:/program files (x86)/atmel/studio/7.0/toolchain/avr8/avr8-gnu-toolchain/bin/../lib/gcc/avr/5.4.0/../../../../avr/lib/avr6\libm.a(fp_split3.o)
                              c:/program files (x86)/atmel/studio/7.0/toolchain/avr8/avr8-gnu-toolchain/bin/../lib/gcc/avr/5.4.0/../../../../avr/lib/avr6\libm.a(addsf3x.o) (__fp_split3)
c:/program files (x86)/atmel/studio/7.0/toolchain/avr8/avr8-gnu-toolchain/bin/../lib/gcc/avr/5.4.0/../../../../avr/lib/avr6\libm.a(fp_zero.o)
                              c:/program files (x86)/atmel/studio/7.0/toolchain/avr8/avr8-gnu-toolchain/bin/../lib/gcc/avr/5.4.0/../../../../avr/lib/avr6\libm.a(addsf3x.o) (__fp_zero)
c:/program files (x86)/atmel/studio/7.0/toolchain/avr8/avr8-gnu-toolchain/bin/../lib/gcc/avr/5.4.0/../../../../avr/lib/avr6\libm.a(gesf2.o)
                              Termostat.o (__gesf2)
c:/program files (x86)/atmel/studio/7.0/toolchain/avr8/avr8-gnu-toolchain/bin/../lib/gcc/avr/5.4.0/../../../../avr/lib/avr6\libm.a(log.o)
                              Termostat.o (log)
c:/program files (x86)/atmel/studio/7.0/toolchain/avr8/avr8-gnu-toolchain/bin/../lib/gcc/avr/5.4.0/../../../../avr/lib/avr6\libm.a(mulsf3.o)
                              Termostat.o (__mulsf3)
c:/program files (x86)/atmel/studio/7.0/toolchain/avr8/avr8-gnu-toolchain/bin/../lib/gcc/avr/5.4.0/../../../../avr/lib/avr6\libm.a(mulsf3x.o)
                              c:/program files (x86)/atmel/studio/7.0/toolchain/avr8/avr8-gnu-toolchain/bin/../lib/gcc/avr/5.4.0/../../../../avr/lib/avr6\libm.a(log.o) (__mulsf3x)
c:/program files (x86)/atmel/studio/7.0/toolchain/avr8/avr8-gnu-toolchain/bin/../lib/gcc/avr/5.4.0/../../../../avr/lib/avr6\libm.a(fp_mpack.o)
                              c:/program files (x86)/atmel/studio/7.0/toolchain/avr8/avr8-gnu-toolchain/bin/../lib/gcc/avr/5.4.0/../../../../avr/lib/avr6\libm.a(log.o) (__fp_mpack)
c:/program files (x86)/atmel/studio/7.0/toolchain/avr8/avr8-gnu-toolchain/bin/../lib/gcc/avr/5.4.0/../../../../avr/lib/avr6\libm.a(fp_powser.o)
                              c:/program files (x86)/atmel/studio/7.0/toolchain/avr8/avr8-gnu-toolchain/bin/../lib/gcc/avr/5.4.0/../../../../avr/lib/avr6\libm.a(log.o) (__fp_powser)
C:\Users\renep\Documents\Atmel Studio\7.0\Leapyear\Leapyear\ArduinoCore\Debug\libArduinoCore.a(main.o)
                              C:/Program Files (x86)/Atmel/Studio/7.0/Packs/atmel/ATmega_DFP/1.6.364/gcc/dev/atmega2560/avr6/crtatmega2560.o (main)
C:\Users\renep\Documents\Atmel Studio\7.0\Leapyear\Leapyear\ArduinoCore\Debug\libArduinoCore.a(Print.o)
                              src/libraries/LiquidCrystal/src/LiquidCrystal.o (_ZN5Print5writeEPKhj)
C:\Users\renep\Documents\Atmel Studio\7.0\Leapyear\Leapyear\ArduinoCore\Debug\libArduinoCore.a(wiring.o)
                              src/libraries/LiquidCrystal/src/LiquidCrystal.o (delayMicroseconds)
C:\Users\renep\Documents\Atmel Studio\7.0\Leapyear\Leapyear\ArduinoCore\Debug\libArduinoCore.a(wiring_analog.o)
                              Termostat.o (analogRead)
C:\Users\renep\Documents\Atmel Studio\7.0\Leapyear\Leapyear\ArduinoCore\Debug\libArduinoCore.a(wiring_digital.o)
                              Termostat.o (pinMode)
C:\Users\renep\Documents\Atmel Studio\7.0\Leapyear\Leapyear\ArduinoCore\Debug\libArduinoCore.a(abi.o)
                              C:\Users\renep\Documents\Atmel Studio\7.0\Leapyear\Leapyear\ArduinoCore\Debug\libArduinoCore.a(Print.o) (__cxa_pure_virtual)
C:\Users\renep\Documents\Atmel Studio\7.0\Leapyear\Leapyear\ArduinoCore\Debug\libArduinoCore.a(hooks.o)
                              C:\Users\renep\Documents\Atmel Studio\7.0\Leapyear\Leapyear\ArduinoCore\Debug\libArduinoCore.a(wiring.o) (yield)
c:/program files (x86)/atmel/studio/7.0/toolchain/avr8/avr8-gnu-toolchain/bin/../lib/gcc/avr/5.4.0/../../../../avr/lib/avr6\libm.a(fixunssfsi.o)
                              C:\Users\renep\Documents\Atmel Studio\7.0\Leapyear\Leapyear\ArduinoCore\Debug\libArduinoCore.a(Print.o) (__fixunssfsi)
c:/program files (x86)/atmel/studio/7.0/toolchain/avr8/avr8-gnu-toolchain/bin/../lib/gcc/avr/5.4.0/../../../../avr/lib/avr6\libm.a(unordsf2.o)
                              C:\Users\renep\Documents\Atmel Studio\7.0\Leapyear\Leapyear\ArduinoCore\Debug\libArduinoCore.a(Print.o) (__unordsf2)
c:/program files (x86)/atmel/studio/7.0/toolchain/avr8/avr8-gnu-toolchain/bin/../lib/gcc/avr/5.4.0/avr6\libgcc.a(_udivmodsi4.o)
                              C:\Users\renep\Documents\Atmel Studio\7.0\Leapyear\Leapyear\ArduinoCore\Debug\libArduinoCore.a(Print.o) (__udivmodsi4)
c:/program files (x86)/atmel/studio/7.0/toolchain/avr8/avr8-gnu-toolchain/bin/../lib/gcc/avr/5.4.0/avr6\libgcc.a(_exit.o)
                              C:/Program Files (x86)/Atmel/Studio/7.0/Packs/atmel/ATmega_DFP/1.6.364/gcc/dev/atmega2560/avr6/crtatmega2560.o (exit)
c:/program files (x86)/atmel/studio/7.0/toolchain/avr8/avr8-gnu-toolchain/bin/../lib/gcc/avr/5.4.0/avr6\libgcc.a(_tablejump2.o)
                              C:\Users\renep\Documents\Atmel Studio\7.0\Leapyear\Leapyear\ArduinoCore\Debug\libArduinoCore.a(wiring_analog.o) (__tablejump2__)
c:/program files (x86)/atmel/studio/7.0/toolchain/avr8/avr8-gnu-toolchain/bin/../lib/gcc/avr/5.4.0/avr6\libgcc.a(_copy_data.o)
                              Termostat.o (__do_copy_data)
c:/program files (x86)/atmel/studio/7.0/toolchain/avr8/avr8-gnu-toolchain/bin/../lib/gcc/avr/5.4.0/avr6\libgcc.a(_clear_bss.o)
                              Termostat.o (__do_clear_bss)
c:/program files (x86)/atmel/studio/7.0/toolchain/avr8/avr8-gnu-toolchain/bin/../lib/gcc/avr/5.4.0/avr6\libgcc.a(_ctors.o)
                              Termostat.o (__do_global_ctors)
c:/program files (x86)/atmel/studio/7.0/toolchain/avr8/avr8-gnu-toolchain/bin/../lib/gcc/avr/5.4.0/../../../../avr/lib/avr6\libc.a(abort.o)
                              C:\Users\renep\Documents\Atmel Studio\7.0\Leapyear\Leapyear\ArduinoCore\Debug\libArduinoCore.a(abi.o) (abort)

Discarded input sections

 .data          0x00000000        0x0 C:/Program Files (x86)/Atmel/Studio/7.0/Packs/atmel/ATmega_DFP/1.6.364/gcc/dev/atmega2560/avr6/crtatmega2560.o
 .bss           0x00000000        0x0 C:/Program Files (x86)/Atmel/Studio/7.0/Packs/atmel/ATmega_DFP/1.6.364/gcc/dev/atmega2560/avr6/crtatmega2560.o
 .text          0x00000000        0x0 Termostat.o
 .data          0x00000000        0x0 Termostat.o
 .bss           0x00000000        0x0 Termostat.o
 .data.led      0x00000000        0x2 Termostat.o
 .group         0x00000000        0x8 src/libraries/LiquidCrystal/src/LiquidCrystal.o
 .group         0x00000000        0x8 src/libraries/LiquidCrystal/src/LiquidCrystal.o
 .group         0x00000000        0x8 src/libraries/LiquidCrystal/src/LiquidCrystal.o
 .group         0x00000000        0x8 src/libraries/LiquidCrystal/src/LiquidCrystal.o
 .group         0x00000000        0x8 src/libraries/LiquidCrystal/src/LiquidCrystal.o
 .text          0x00000000        0x0 src/libraries/LiquidCrystal/src/LiquidCrystal.o
 .data          0x00000000        0x0 src/libraries/LiquidCrystal/src/LiquidCrystal.o
 .bss           0x00000000        0x0 src/libraries/LiquidCrystal/src/LiquidCrystal.o
 .text._ZN13LiquidCrystal13setRowOffsetsEiiii
                0x00000000       0x10 src/libraries/LiquidCrystal/src/LiquidCrystal.o
 .text._ZN13LiquidCrystal4homeEv
                0x00000000        0xe src/libraries/LiquidCrystal/src/LiquidCrystal.o
 .text._ZN13LiquidCrystal9noDisplayEv
                0x00000000        0xe src/libraries/LiquidCrystal/src/LiquidCrystal.o
 .text._ZN13LiquidCrystal4initEhhhhhhhhhhhh
                0x00000000       0x58 src/libraries/LiquidCrystal/src/LiquidCrystal.o
 .text._ZN13LiquidCrystalC2Ehhhhhhhhhhh
                0x00000000       0x5a src/libraries/LiquidCrystal/src/LiquidCrystal.o
 .text._ZN13LiquidCrystalC2Ehhhhhhhhhh
                0x00000000       0x5a src/libraries/LiquidCrystal/src/LiquidCrystal.o
 .text._ZN13LiquidCrystalC2Ehhhhhhh
                0x00000000       0x42 src/libraries/LiquidCrystal/src/LiquidCrystal.o
 .text._ZN13LiquidCrystal8noCursorEv
                0x00000000        0xe src/libraries/LiquidCrystal/src/LiquidCrystal.o
 .text._ZN13LiquidCrystal6cursorEv
                0x00000000       0x10 src/libraries/LiquidCrystal/src/LiquidCrystal.o
 .text._ZN13LiquidCrystal7noBlinkEv
                0x00000000        0xe src/libraries/LiquidCrystal/src/LiquidCrystal.o
 .text._ZN13LiquidCrystal5blinkEv
                0x00000000       0x10 src/libraries/LiquidCrystal/src/LiquidCrystal.o
 .text._ZN13LiquidCrystal17scrollDisplayLeftEv
                0x00000000        0x6 src/libraries/LiquidCrystal/src/LiquidCrystal.o
 .text._ZN13LiquidCrystal18scrollDisplayRightEv
                0x00000000        0x6 src/libraries/LiquidCrystal/src/LiquidCrystal.o
 .text._ZN13LiquidCrystal11leftToRightEv
                0x00000000       0x10 src/libraries/LiquidCrystal/src/LiquidCrystal.o
 .text._ZN13LiquidCrystal11rightToLeftEv
                0x00000000        0xe src/libraries/LiquidCrystal/src/LiquidCrystal.o
 .text._ZN13LiquidCrystal10autoscrollEv
                0x00000000       0x10 src/libraries/LiquidCrystal/src/LiquidCrystal.o
 .text._ZN13LiquidCrystal12noAutoscrollEv
                0x00000000        0xe src/libraries/LiquidCrystal/src/LiquidCrystal.o
 .text._ZN13LiquidCrystal10createCharEhPh
                0x00000000       0x50 src/libraries/LiquidCrystal/src/LiquidCrystal.o
 .text          0x00000000        0x0 c:/program files (x86)/atmel/studio/7.0/toolchain/avr8/avr8-gnu-toolchain/bin/../lib/gcc/avr/5.4.0/../../../../avr/lib/avr6\libm.a(addsf3.o)
 .data          0x00000000        0x0 c:/program files (x86)/atmel/studio/7.0/toolchain/avr8/avr8-gnu-toolchain/bin/../lib/gcc/avr/5.4.0/../../../../avr/lib/avr6\libm.a(addsf3.o)
 .bss           0x00000000        0x0 c:/program files (x86)/atmel/studio/7.0/toolchain/avr8/avr8-gnu-toolchain/bin/../lib/gcc/avr/5.4.0/../../../../avr/lib/avr6\libm.a(addsf3.o)
 .text          0x00000000        0x0 c:/program files (x86)/atmel/studio/7.0/toolchain/avr8/avr8-gnu-toolchain/bin/../lib/gcc/avr/5.4.0/../../../../avr/lib/avr6\libm.a(addsf3x.o)
 .data          0x00000000        0x0 c:/program files (x86)/atmel/studio/7.0/toolchain/avr8/avr8-gnu-toolchain/bin/../lib/gcc/avr/5.4.0/../../../../avr/lib/avr6\libm.a(addsf3x.o)
 .bss           0x00000000        0x0 c:/program files (x86)/atmel/studio/7.0/toolchain/avr8/avr8-gnu-toolchain/bin/../lib/gcc/avr/5.4.0/../../../../avr/lib/avr6\libm.a(addsf3x.o)
 .text          0x00000000        0x0 c:/program files (x86)/atmel/studio/7.0/toolchain/avr8/avr8-gnu-toolchain/bin/../lib/gcc/avr/5.4.0/../../../../avr/lib/avr6\libm.a(cmpsf2.o)
 .data          0x00000000        0x0 c:/program files (x86)/atmel/studio/7.0/toolchain/avr8/avr8-gnu-toolchain/bin/../lib/gcc/avr/5.4.0/../../../../avr/lib/avr6\libm.a(cmpsf2.o)
 .bss           0x00000000        0x0 c:/program files (x86)/atmel/studio/7.0/toolchain/avr8/avr8-gnu-toolchain/bin/../lib/gcc/avr/5.4.0/../../../../avr/lib/avr6\libm.a(cmpsf2.o)
 .text          0x00000000        0x0 c:/program files (x86)/atmel/studio/7.0/toolchain/avr8/avr8-gnu-toolchain/bin/../lib/gcc/avr/5.4.0/../../../../avr/lib/avr6\libm.a(divsf3.o)
 .data          0x00000000        0x0 c:/program files (x86)/atmel/studio/7.0/toolchain/avr8/avr8-gnu-toolchain/bin/../lib/gcc/avr/5.4.0/../../../../avr/lib/avr6\libm.a(divsf3.o)
 .bss           0x00000000        0x0 c:/program files (x86)/atmel/studio/7.0/toolchain/avr8/avr8-gnu-toolchain/bin/../lib/gcc/avr/5.4.0/../../../../avr/lib/avr6\libm.a(divsf3.o)
 .text          0x00000000        0x0 c:/program files (x86)/atmel/studio/7.0/toolchain/avr8/avr8-gnu-toolchain/bin/../lib/gcc/avr/5.4.0/../../../../avr/lib/avr6\libm.a(divsf3x.o)
 .data          0x00000000        0x0 c:/program files (x86)/atmel/studio/7.0/toolchain/avr8/avr8-gnu-toolchain/bin/../lib/gcc/avr/5.4.0/../../../../avr/lib/avr6\libm.a(divsf3x.o)
 .bss           0x00000000        0x0 c:/program files (x86)/atmel/studio/7.0/toolchain/avr8/avr8-gnu-toolchain/bin/../lib/gcc/avr/5.4.0/../../../../avr/lib/avr6\libm.a(divsf3x.o)
 .text          0x00000000        0x0 c:/program files (x86)/atmel/studio/7.0/toolchain/avr8/avr8-gnu-toolchain/bin/../lib/gcc/avr/5.4.0/../../../../avr/lib/avr6\libm.a(floatsisf.o)
 .data          0x00000000        0x0 c:/program files (x86)/atmel/studio/7.0/toolchain/avr8/avr8-gnu-toolchain/bin/../lib/gcc/avr/5.4.0/../../../../avr/lib/avr6\libm.a(floatsisf.o)
 .bss           0x00000000        0x0 c:/program files (x86)/atmel/studio/7.0/toolchain/avr8/avr8-gnu-toolchain/bin/../lib/gcc/avr/5.4.0/../../../../avr/lib/avr6\libm.a(floatsisf.o)
 .text          0x00000000        0x0 c:/program files (x86)/atmel/studio/7.0/toolchain/avr8/avr8-gnu-toolchain/bin/../lib/gcc/avr/5.4.0/../../../../avr/lib/avr6\libm.a(fp_cmp.o)
 .data          0x00000000        0x0 c:/program files (x86)/atmel/studio/7.0/toolchain/avr8/avr8-gnu-toolchain/bin/../lib/gcc/avr/5.4.0/../../../../avr/lib/avr6\libm.a(fp_cmp.o)
 .bss           0x00000000        0x0 c:/program files (x86)/atmel/studio/7.0/toolchain/avr8/avr8-gnu-toolchain/bin/../lib/gcc/avr/5.4.0/../../../../avr/lib/avr6\libm.a(fp_cmp.o)
 .text          0x00000000        0x0 c:/program files (x86)/atmel/studio/7.0/toolchain/avr8/avr8-gnu-toolchain/bin/../lib/gcc/avr/5.4.0/../../../../avr/lib/avr6\libm.a(fp_inf.o)
 .data          0x00000000        0x0 c:/program files (x86)/atmel/studio/7.0/toolchain/avr8/avr8-gnu-toolchain/bin/../lib/gcc/avr/5.4.0/../../../../avr/lib/avr6\libm.a(fp_inf.o)
 .bss           0x00000000        0x0 c:/program files (x86)/atmel/studio/7.0/toolchain/avr8/avr8-gnu-toolchain/bin/../lib/gcc/avr/5.4.0/../../../../avr/lib/avr6\libm.a(fp_inf.o)
 .text          0x00000000        0x0 c:/program files (x86)/atmel/studio/7.0/toolchain/avr8/avr8-gnu-toolchain/bin/../lib/gcc/avr/5.4.0/../../../../avr/lib/avr6\libm.a(fp_nan.o)
 .data          0x00000000        0x0 c:/program files (x86)/atmel/studio/7.0/toolchain/avr8/avr8-gnu-toolchain/bin/../lib/gcc/avr/5.4.0/../../../../avr/lib/avr6\libm.a(fp_nan.o)
 .bss           0x00000000        0x0 c:/program files (x86)/atmel/studio/7.0/toolchain/avr8/avr8-gnu-toolchain/bin/../lib/gcc/avr/5.4.0/../../../../avr/lib/avr6\libm.a(fp_nan.o)
 .text          0x00000000        0x0 c:/program files (x86)/atmel/studio/7.0/toolchain/avr8/avr8-gnu-toolchain/bin/../lib/gcc/avr/5.4.0/../../../../avr/lib/avr6\libm.a(fp_pscA.o)
 .data          0x00000000        0x0 c:/program files (x86)/atmel/studio/7.0/toolchain/avr8/avr8-gnu-toolchain/bin/../lib/gcc/avr/5.4.0/../../../../avr/lib/avr6\libm.a(fp_pscA.o)
 .bss           0x00000000        0x0 c:/program files (x86)/atmel/studio/7.0/toolchain/avr8/avr8-gnu-toolchain/bin/../lib/gcc/avr/5.4.0/../../../../avr/lib/avr6\libm.a(fp_pscA.o)
 .text          0x00000000        0x0 c:/program files (x86)/atmel/studio/7.0/toolchain/avr8/avr8-gnu-toolchain/bin/../lib/gcc/avr/5.4.0/../../../../avr/lib/avr6\libm.a(fp_pscB.o)
 .data          0x00000000        0x0 c:/program files (x86)/atmel/studio/7.0/toolchain/avr8/avr8-gnu-toolchain/bin/../lib/gcc/avr/5.4.0/../../../../avr/lib/avr6\libm.a(fp_pscB.o)
 .bss           0x00000000        0x0 c:/program files (x86)/atmel/studio/7.0/toolchain/avr8/avr8-gnu-toolchain/bin/../lib/gcc/avr/5.4.0/../../../../avr/lib/avr6\libm.a(fp_pscB.o)
 .text          0x00000000        0x0 c:/program files (x86)/atmel/studio/7.0/toolchain/avr8/avr8-gnu-toolchain/bin/../lib/gcc/avr/5.4.0/../../../../avr/lib/avr6\libm.a(fp_round.o)
 .data          0x00000000        0x0 c:/program files (x86)/atmel/studio/7.0/toolchain/avr8/avr8-gnu-toolchain/bin/../lib/gcc/avr/5.4.0/../../../../avr/lib/avr6\libm.a(fp_round.o)
 .bss           0x00000000        0x0 c:/program files (x86)/atmel/studio/7.0/toolchain/avr8/avr8-gnu-toolchain/bin/../lib/gcc/avr/5.4.0/../../../../avr/lib/avr6\libm.a(fp_round.o)
 .text          0x00000000        0x0 c:/program files (x86)/atmel/studio/7.0/toolchain/avr8/avr8-gnu-toolchain/bin/../lib/gcc/avr/5.4.0/../../../../avr/lib/avr6\libm.a(fp_split3.o)
 .data          0x00000000        0x0 c:/program files (x86)/atmel/studio/7.0/toolchain/avr8/avr8-gnu-toolchain/bin/../lib/gcc/avr/5.4.0/../../../../avr/lib/avr6\libm.a(fp_split3.o)
 .bss           0x00000000        0x0 c:/program files (x86)/atmel/studio/7.0/toolchain/avr8/avr8-gnu-toolchain/bin/../lib/gcc/avr/5.4.0/../../../../avr/lib/avr6\libm.a(fp_split3.o)
 .text          0x00000000        0x0 c:/program files (x86)/atmel/studio/7.0/toolchain/avr8/avr8-gnu-toolchain/bin/../lib/gcc/avr/5.4.0/../../../../avr/lib/avr6\libm.a(fp_zero.o)
 .data          0x00000000        0x0 c:/program files (x86)/atmel/studio/7.0/toolchain/avr8/avr8-gnu-toolchain/bin/../lib/gcc/avr/5.4.0/../../../../avr/lib/avr6\libm.a(fp_zero.o)
 .bss           0x00000000        0x0 c:/program files (x86)/atmel/studio/7.0/toolchain/avr8/avr8-gnu-toolchain/bin/../lib/gcc/avr/5.4.0/../../../../avr/lib/avr6\libm.a(fp_zero.o)
 .text          0x00000000        0x0 c:/program files (x86)/atmel/studio/7.0/toolchain/avr8/avr8-gnu-toolchain/bin/../lib/gcc/avr/5.4.0/../../../../avr/lib/avr6\libm.a(gesf2.o)
 .data          0x00000000        0x0 c:/program files (x86)/atmel/studio/7.0/toolchain/avr8/avr8-gnu-toolchain/bin/../lib/gcc/avr/5.4.0/../../../../avr/lib/avr6\libm.a(gesf2.o)
 .bss           0x00000000        0x0 c:/program files (x86)/atmel/studio/7.0/toolchain/avr8/avr8-gnu-toolchain/bin/../lib/gcc/avr/5.4.0/../../../../avr/lib/avr6\libm.a(gesf2.o)
 .text          0x00000000        0x0 c:/program files (x86)/atmel/studio/7.0/toolchain/avr8/avr8-gnu-toolchain/bin/../lib/gcc/avr/5.4.0/../../../../avr/lib/avr6\libm.a(log.o)
 .data          0x00000000        0x0 c:/program files (x86)/atmel/studio/7.0/toolchain/avr8/avr8-gnu-toolchain/bin/../lib/gcc/avr/5.4.0/../../../../avr/lib/avr6\libm.a(log.o)
 .bss           0x00000000        0x0 c:/program files (x86)/atmel/studio/7.0/toolchain/avr8/avr8-gnu-toolchain/bin/../lib/gcc/avr/5.4.0/../../../../avr/lib/avr6\libm.a(log.o)
 .text          0x00000000        0x0 c:/program files (x86)/atmel/studio/7.0/toolchain/avr8/avr8-gnu-toolchain/bin/../lib/gcc/avr/5.4.0/../../../../avr/lib/avr6\libm.a(mulsf3.o)
 .data          0x00000000        0x0 c:/program files (x86)/atmel/studio/7.0/toolchain/avr8/avr8-gnu-toolchain/bin/../lib/gcc/avr/5.4.0/../../../../avr/lib/avr6\libm.a(mulsf3.o)
 .bss           0x00000000        0x0 c:/program files (x86)/atmel/studio/7.0/toolchain/avr8/avr8-gnu-toolchain/bin/../lib/gcc/avr/5.4.0/../../../../avr/lib/avr6\libm.a(mulsf3.o)
 .text          0x00000000        0x0 c:/program files (x86)/atmel/studio/7.0/toolchain/avr8/avr8-gnu-toolchain/bin/../lib/gcc/avr/5.4.0/../../../../avr/lib/avr6\libm.a(mulsf3x.o)
 .data          0x00000000        0x0 c:/program files (x86)/atmel/studio/7.0/toolchain/avr8/avr8-gnu-toolchain/bin/../lib/gcc/avr/5.4.0/../../../../avr/lib/avr6\libm.a(mulsf3x.o)
 .bss           0x00000000        0x0 c:/program files (x86)/atmel/studio/7.0/toolchain/avr8/avr8-gnu-toolchain/bin/../lib/gcc/avr/5.4.0/../../../../avr/lib/avr6\libm.a(mulsf3x.o)
 .text          0x00000000        0x0 c:/program files (x86)/atmel/studio/7.0/toolchain/avr8/avr8-gnu-toolchain/bin/../lib/gcc/avr/5.4.0/../../../../avr/lib/avr6\libm.a(fp_mpack.o)
 .data          0x00000000        0x0 c:/program files (x86)/atmel/studio/7.0/toolchain/avr8/avr8-gnu-toolchain/bin/../lib/gcc/avr/5.4.0/../../../../avr/lib/avr6\libm.a(fp_mpack.o)
 .bss           0x00000000        0x0 c:/program files (x86)/atmel/studio/7.0/toolchain/avr8/avr8-gnu-toolchain/bin/../lib/gcc/avr/5.4.0/../../../../avr/lib/avr6\libm.a(fp_mpack.o)
 .text          0x00000000        0x0 c:/program files (x86)/atmel/studio/7.0/toolchain/avr8/avr8-gnu-toolchain/bin/../lib/gcc/avr/5.4.0/../../../../avr/lib/avr6\libm.a(fp_powser.o)
 .data          0x00000000        0x0 c:/program files (x86)/atmel/studio/7.0/toolchain/avr8/avr8-gnu-toolchain/bin/../lib/gcc/avr/5.4.0/../../../../avr/lib/avr6\libm.a(fp_powser.o)
 .bss           0x00000000        0x0 c:/program files (x86)/atmel/studio/7.0/toolchain/avr8/avr8-gnu-toolchain/bin/../lib/gcc/avr/5.4.0/../../../../avr/lib/avr6\libm.a(fp_powser.o)
 .text          0x00000000        0x0 C:\Users\renep\Documents\Atmel Studio\7.0\Leapyear\Leapyear\ArduinoCore\Debug\libArduinoCore.a(main.o)
 .data          0x00000000        0x0 C:\Users\renep\Documents\Atmel Studio\7.0\Leapyear\Leapyear\ArduinoCore\Debug\libArduinoCore.a(main.o)
 .bss           0x00000000        0x0 C:\Users\renep\Documents\Atmel Studio\7.0\Leapyear\Leapyear\ArduinoCore\Debug\libArduinoCore.a(main.o)
 .text.atexit   0x00000000        0x6 C:\Users\renep\Documents\Atmel Studio\7.0\Leapyear\Leapyear\ArduinoCore\Debug\libArduinoCore.a(main.o)
 .text._Z8setupUSBv
                0x00000000        0x2 C:\Users\renep\Documents\Atmel Studio\7.0\Leapyear\Leapyear\ArduinoCore\Debug\libArduinoCore.a(main.o)
 .group         0x00000000        0x8 C:\Users\renep\Documents\Atmel Studio\7.0\Leapyear\Leapyear\ArduinoCore\Debug\libArduinoCore.a(Print.o)
 .group         0x00000000        0x8 C:\Users\renep\Documents\Atmel Studio\7.0\Leapyear\Leapyear\ArduinoCore\Debug\libArduinoCore.a(Print.o)
 .group         0x00000000        0x8 C:\Users\renep\Documents\Atmel Studio\7.0\Leapyear\Leapyear\ArduinoCore\Debug\libArduinoCore.a(Print.o)
 .group         0x00000000        0x8 C:\Users\renep\Documents\Atmel Studio\7.0\Leapyear\Leapyear\ArduinoCore\Debug\libArduinoCore.a(Print.o)
 .text          0x00000000        0x0 C:\Users\renep\Documents\Atmel Studio\7.0\Leapyear\Leapyear\ArduinoCore\Debug\libArduinoCore.a(Print.o)
 .data          0x00000000        0x0 C:\Users\renep\Documents\Atmel Studio\7.0\Leapyear\Leapyear\ArduinoCore\Debug\libArduinoCore.a(Print.o)
 .bss           0x00000000        0x0 C:\Users\renep\Documents\Atmel Studio\7.0\Leapyear\Leapyear\ArduinoCore\Debug\libArduinoCore.a(Print.o)
 .text._ZN5Print17availableForWriteEv
                0x00000000        0x6 C:\Users\renep\Documents\Atmel Studio\7.0\Leapyear\Leapyear\ArduinoCore\Debug\libArduinoCore.a(Print.o)
 .text._ZN5Print5flushEv
                0x00000000        0x2 C:\Users\renep\Documents\Atmel Studio\7.0\Leapyear\Leapyear\ArduinoCore\Debug\libArduinoCore.a(Print.o)
 .text._ZN5Print5printEPK19__FlashStringHelper
                0x00000000       0x48 C:\Users\renep\Documents\Atmel Studio\7.0\Leapyear\Leapyear\ArduinoCore\Debug\libArduinoCore.a(Print.o)
 .text._ZN5Print5printERK6String
                0x00000000       0x1c C:\Users\renep\Documents\Atmel Studio\7.0\Leapyear\Leapyear\ArduinoCore\Debug\libArduinoCore.a(Print.o)
 .text._ZN5Print5printERK9Printable
                0x00000000       0x14 C:\Users\renep\Documents\Atmel Studio\7.0\Leapyear\Leapyear\ArduinoCore\Debug\libArduinoCore.a(Print.o)
 .text._ZN5Print7printlnEv
                0x00000000        0x8 C:\Users\renep\Documents\Atmel Studio\7.0\Leapyear\Leapyear\ArduinoCore\Debug\libArduinoCore.a(Print.o)
 .text._ZN5Print7printlnEPK19__FlashStringHelper
                0x00000000       0x24 C:\Users\renep\Documents\Atmel Studio\7.0\Leapyear\Leapyear\ArduinoCore\Debug\libArduinoCore.a(Print.o)
 .text._ZN5Print7printlnERK6String
                0x00000000       0x24 C:\Users\renep\Documents\Atmel Studio\7.0\Leapyear\Leapyear\ArduinoCore\Debug\libArduinoCore.a(Print.o)
 .text._ZN5Print7printlnEPKc
                0x00000000       0x24 C:\Users\renep\Documents\Atmel Studio\7.0\Leapyear\Leapyear\ArduinoCore\Debug\libArduinoCore.a(Print.o)
 .text._ZN5Print7printlnEc
                0x00000000       0x24 C:\Users\renep\Documents\Atmel Studio\7.0\Leapyear\Leapyear\ArduinoCore\Debug\libArduinoCore.a(Print.o)
 .text._ZN5Print7printlnERK9Printable
                0x00000000       0x24 C:\Users\renep\Documents\Atmel Studio\7.0\Leapyear\Leapyear\ArduinoCore\Debug\libArduinoCore.a(Print.o)
 .text._ZN5Print5printEhi
                0x00000000        0xe C:\Users\renep\Documents\Atmel Studio\7.0\Leapyear\Leapyear\ArduinoCore\Debug\libArduinoCore.a(Print.o)
 .text._ZN5Print7printlnEhi
                0x00000000       0x24 C:\Users\renep\Documents\Atmel Studio\7.0\Leapyear\Leapyear\ArduinoCore\Debug\libArduinoCore.a(Print.o)
 .text._ZN5Print7printlnEji
                0x00000000       0x24 C:\Users\renep\Documents\Atmel Studio\7.0\Leapyear\Leapyear\ArduinoCore\Debug\libArduinoCore.a(Print.o)
 .text._ZN5Print7printlnEmi
                0x00000000       0x24 C:\Users\renep\Documents\Atmel Studio\7.0\Leapyear\Leapyear\ArduinoCore\Debug\libArduinoCore.a(Print.o)
 .text._ZN5Print5printEli
                0x00000000       0x90 C:\Users\renep\Documents\Atmel Studio\7.0\Leapyear\Leapyear\ArduinoCore\Debug\libArduinoCore.a(Print.o)
 .text._ZN5Print5printEii
                0x00000000        0xe C:\Users\renep\Documents\Atmel Studio\7.0\Leapyear\Leapyear\ArduinoCore\Debug\libArduinoCore.a(Print.o)
 .text._ZN5Print7printlnEii
                0x00000000       0x24 C:\Users\renep\Documents\Atmel Studio\7.0\Leapyear\Leapyear\ArduinoCore\Debug\libArduinoCore.a(Print.o)
 .text._ZN5Print7printlnEli
                0x00000000       0x24 C:\Users\renep\Documents\Atmel Studio\7.0\Leapyear\Leapyear\ArduinoCore\Debug\libArduinoCore.a(Print.o)
 .text._ZN5Print7printlnEdi
                0x00000000       0x24 C:\Users\renep\Documents\Atmel Studio\7.0\Leapyear\Leapyear\ArduinoCore\Debug\libArduinoCore.a(Print.o)
 .rodata._ZTV5Print
                0x00000000        0xc C:\Users\renep\Documents\Atmel Studio\7.0\Leapyear\Leapyear\ArduinoCore\Debug\libArduinoCore.a(Print.o)
 .text          0x00000000        0x0 C:\Users\renep\Documents\Atmel Studio\7.0\Leapyear\Leapyear\ArduinoCore\Debug\libArduinoCore.a(wiring.o)
 .data          0x00000000        0x0 C:\Users\renep\Documents\Atmel Studio\7.0\Leapyear\Leapyear\ArduinoCore\Debug\libArduinoCore.a(wiring.o)
 .bss           0x00000000        0x0 C:\Users\renep\Documents\Atmel Studio\7.0\Leapyear\Leapyear\ArduinoCore\Debug\libArduinoCore.a(wiring.o)
 .text.millis   0x00000000       0x18 C:\Users\renep\Documents\Atmel Studio\7.0\Leapyear\Leapyear\ArduinoCore\Debug\libArduinoCore.a(wiring.o)
 .text.micros   0x00000000       0x4a C:\Users\renep\Documents\Atmel Studio\7.0\Leapyear\Leapyear\ArduinoCore\Debug\libArduinoCore.a(wiring.o)
 .text.delay    0x00000000       0x78 C:\Users\renep\Documents\Atmel Studio\7.0\Leapyear\Leapyear\ArduinoCore\Debug\libArduinoCore.a(wiring.o)
 .text          0x00000000        0x0 C:\Users\renep\Documents\Atmel Studio\7.0\Leapyear\Leapyear\ArduinoCore\Debug\libArduinoCore.a(wiring_analog.o)
 .data          0x00000000        0x0 C:\Users\renep\Documents\Atmel Studio\7.0\Leapyear\Leapyear\ArduinoCore\Debug\libArduinoCore.a(wiring_analog.o)
 .bss           0x00000000        0x0 C:\Users\renep\Documents\Atmel Studio\7.0\Leapyear\Leapyear\ArduinoCore\Debug\libArduinoCore.a(wiring_analog.o)
 .text.analogReference
                0x00000000        0x6 C:\Users\renep\Documents\Atmel Studio\7.0\Leapyear\Leapyear\ArduinoCore\Debug\libArduinoCore.a(wiring_analog.o)
 .text.analogWrite
                0x00000000      0x192 C:\Users\renep\Documents\Atmel Studio\7.0\Leapyear\Leapyear\ArduinoCore\Debug\libArduinoCore.a(wiring_analog.o)
 .progmem.gcc_sw_table.analogWrite
                0x00000000       0x24 C:\Users\renep\Documents\Atmel Studio\7.0\Leapyear\Leapyear\ArduinoCore\Debug\libArduinoCore.a(wiring_analog.o)
 .text          0x00000000        0x0 C:\Users\renep\Documents\Atmel Studio\7.0\Leapyear\Leapyear\ArduinoCore\Debug\libArduinoCore.a(wiring_digital.o)
 .data          0x00000000        0x0 C:\Users\renep\Documents\Atmel Studio\7.0\Leapyear\Leapyear\ArduinoCore\Debug\libArduinoCore.a(wiring_digital.o)
 .bss           0x00000000        0x0 C:\Users\renep\Documents\Atmel Studio\7.0\Leapyear\Leapyear\ArduinoCore\Debug\libArduinoCore.a(wiring_digital.o)
 .text.digitalRead
                0x00000000       0x52 C:\Users\renep\Documents\Atmel Studio\7.0\Leapyear\Leapyear\ArduinoCore\Debug\libArduinoCore.a(wiring_digital.o)
 .progmem.data.port_to_input_PGM
                0x00000000       0x1a C:\Users\renep\Documents\Atmel Studio\7.0\Leapyear\Leapyear\ArduinoCore\Debug\libArduinoCore.a(wiring_digital.o)
 .text          0x00000000        0x0 C:\Users\renep\Documents\Atmel Studio\7.0\Leapyear\Leapyear\ArduinoCore\Debug\libArduinoCore.a(abi.o)
 .data          0x00000000        0x0 C:\Users\renep\Documents\Atmel Studio\7.0\Leapyear\Leapyear\ArduinoCore\Debug\libArduinoCore.a(abi.o)
 .bss           0x00000000        0x0 C:\Users\renep\Documents\Atmel Studio\7.0\Leapyear\Leapyear\ArduinoCore\Debug\libArduinoCore.a(abi.o)
 .text.__cxa_pure_virtual
                0x00000000        0x4 C:\Users\renep\Documents\Atmel Studio\7.0\Leapyear\Leapyear\ArduinoCore\Debug\libArduinoCore.a(abi.o)
 .text.__cxa_deleted_virtual
                0x00000000        0x4 C:\Users\renep\Documents\Atmel Studio\7.0\Leapyear\Leapyear\ArduinoCore\Debug\libArduinoCore.a(abi.o)
 .debug_info    0x00000000       0x76 C:\Users\renep\Documents\Atmel Studio\7.0\Leapyear\Leapyear\ArduinoCore\Debug\libArduinoCore.a(abi.o)
 .debug_abbrev  0x00000000       0x6d C:\Users\renep\Documents\Atmel Studio\7.0\Leapyear\Leapyear\ArduinoCore\Debug\libArduinoCore.a(abi.o)
 .debug_aranges
                0x00000000       0x20 C:\Users\renep\Documents\Atmel Studio\7.0\Leapyear\Leapyear\ArduinoCore\Debug\libArduinoCore.a(abi.o)
 .debug_ranges  0x00000000       0x10 C:\Users\renep\Documents\Atmel Studio\7.0\Leapyear\Leapyear\ArduinoCore\Debug\libArduinoCore.a(abi.o)
 .debug_line    0x00000000       0xa9 C:\Users\renep\Documents\Atmel Studio\7.0\Leapyear\Leapyear\ArduinoCore\Debug\libArduinoCore.a(abi.o)
 .debug_str     0x00000000      0x19f C:\Users\renep\Documents\Atmel Studio\7.0\Leapyear\Leapyear\ArduinoCore\Debug\libArduinoCore.a(abi.o)
 .comment       0x00000000       0x31 C:\Users\renep\Documents\Atmel Studio\7.0\Leapyear\Leapyear\ArduinoCore\Debug\libArduinoCore.a(abi.o)
 .debug_frame   0x00000000       0x34 C:\Users\renep\Documents\Atmel Studio\7.0\Leapyear\Leapyear\ArduinoCore\Debug\libArduinoCore.a(abi.o)
 .text          0x00000000        0x0 C:\Users\renep\Documents\Atmel Studio\7.0\Leapyear\Leapyear\ArduinoCore\Debug\libArduinoCore.a(hooks.o)
 .data          0x00000000        0x0 C:\Users\renep\Documents\Atmel Studio\7.0\Leapyear\Leapyear\ArduinoCore\Debug\libArduinoCore.a(hooks.o)
 .bss           0x00000000        0x0 C:\Users\renep\Documents\Atmel Studio\7.0\Leapyear\Leapyear\ArduinoCore\Debug\libArduinoCore.a(hooks.o)
 .text.__empty  0x00000000        0x2 C:\Users\renep\Documents\Atmel Studio\7.0\Leapyear\Leapyear\ArduinoCore\Debug\libArduinoCore.a(hooks.o)
 .debug_info    0x00000000       0x3e C:\Users\renep\Documents\Atmel Studio\7.0\Leapyear\Leapyear\ArduinoCore\Debug\libArduinoCore.a(hooks.o)
 .debug_abbrev  0x00000000       0x2a C:\Users\renep\Documents\Atmel Studio\7.0\Leapyear\Leapyear\ArduinoCore\Debug\libArduinoCore.a(hooks.o)
 .debug_aranges
                0x00000000       0x20 C:\Users\renep\Documents\Atmel Studio\7.0\Leapyear\Leapyear\ArduinoCore\Debug\libArduinoCore.a(hooks.o)
 .debug_ranges  0x00000000       0x10 C:\Users\renep\Documents\Atmel Studio\7.0\Leapyear\Leapyear\ArduinoCore\Debug\libArduinoCore.a(hooks.o)
 .debug_line    0x00000000       0x41 C:\Users\renep\Documents\Atmel Studio\7.0\Leapyear\Leapyear\ArduinoCore\Debug\libArduinoCore.a(hooks.o)
 .debug_str     0x00000000      0x140 C:\Users\renep\Documents\Atmel Studio\7.0\Leapyear\Leapyear\ArduinoCore\Debug\libArduinoCore.a(hooks.o)
 .comment       0x00000000       0x31 C:\Users\renep\Documents\Atmel Studio\7.0\Leapyear\Leapyear\ArduinoCore\Debug\libArduinoCore.a(hooks.o)
 .debug_frame   0x00000000       0x24 C:\Users\renep\Documents\Atmel Studio\7.0\Leapyear\Leapyear\ArduinoCore\Debug\libArduinoCore.a(hooks.o)
 .text          0x00000000        0x0 c:/program files (x86)/atmel/studio/7.0/toolchain/avr8/avr8-gnu-toolchain/bin/../lib/gcc/avr/5.4.0/../../../../avr/lib/avr6\libm.a(fixunssfsi.o)
 .data          0x00000000        0x0 c:/program files (x86)/atmel/studio/7.0/toolchain/avr8/avr8-gnu-toolchain/bin/../lib/gcc/avr/5.4.0/../../../../avr/lib/avr6\libm.a(fixunssfsi.o)
 .bss           0x00000000        0x0 c:/program files (x86)/atmel/studio/7.0/toolchain/avr8/avr8-gnu-toolchain/bin/../lib/gcc/avr/5.4.0/../../../../avr/lib/avr6\libm.a(fixunssfsi.o)
 .text          0x00000000        0x0 c:/program files (x86)/atmel/studio/7.0/toolchain/avr8/avr8-gnu-toolchain/bin/../lib/gcc/avr/5.4.0/../../../../avr/lib/avr6\libm.a(unordsf2.o)
 .data          0x00000000        0x0 c:/program files (x86)/atmel/studio/7.0/toolchain/avr8/avr8-gnu-toolchain/bin/../lib/gcc/avr/5.4.0/../../../../avr/lib/avr6\libm.a(unordsf2.o)
 .bss           0x00000000        0x0 c:/program files (x86)/atmel/studio/7.0/toolchain/avr8/avr8-gnu-toolchain/bin/../lib/gcc/avr/5.4.0/../../../../avr/lib/avr6\libm.a(unordsf2.o)
 .text          0x00000000        0x0 c:/program files (x86)/atmel/studio/7.0/toolchain/avr8/avr8-gnu-toolchain/bin/../lib/gcc/avr/5.4.0/avr6\libgcc.a(_udivmodsi4.o)
 .data          0x00000000        0x0 c:/program files (x86)/atmel/studio/7.0/toolchain/avr8/avr8-gnu-toolchain/bin/../lib/gcc/avr/5.4.0/avr6\libgcc.a(_udivmodsi4.o)
 .bss           0x00000000        0x0 c:/program files (x86)/atmel/studio/7.0/toolchain/avr8/avr8-gnu-toolchain/bin/../lib/gcc/avr/5.4.0/avr6\libgcc.a(_udivmodsi4.o)
 .text.libgcc.mul
                0x00000000        0x0 c:/program files (x86)/atmel/studio/7.0/toolchain/avr8/avr8-gnu-toolchain/bin/../lib/gcc/avr/5.4.0/avr6\libgcc.a(_udivmodsi4.o)
 .text.libgcc   0x00000000        0x0 c:/program files (x86)/atmel/studio/7.0/toolchain/avr8/avr8-gnu-toolchain/bin/../lib/gcc/avr/5.4.0/avr6\libgcc.a(_udivmodsi4.o)
 .text.libgcc.prologue
                0x00000000        0x0 c:/program files (x86)/atmel/studio/7.0/toolchain/avr8/avr8-gnu-toolchain/bin/../lib/gcc/avr/5.4.0/avr6\libgcc.a(_udivmodsi4.o)
 .text.libgcc.builtins
                0x00000000        0x0 c:/program files (x86)/atmel/studio/7.0/toolchain/avr8/avr8-gnu-toolchain/bin/../lib/gcc/avr/5.4.0/avr6\libgcc.a(_udivmodsi4.o)
 .text.libgcc.fmul
                0x00000000        0x0 c:/program files (x86)/atmel/studio/7.0/toolchain/avr8/avr8-gnu-toolchain/bin/../lib/gcc/avr/5.4.0/avr6\libgcc.a(_udivmodsi4.o)
 .text.libgcc.fixed
                0x00000000        0x0 c:/program files (x86)/atmel/studio/7.0/toolchain/avr8/avr8-gnu-toolchain/bin/../lib/gcc/avr/5.4.0/avr6\libgcc.a(_udivmodsi4.o)
 .text          0x00000000        0x0 c:/program files (x86)/atmel/studio/7.0/toolchain/avr8/avr8-gnu-toolchain/bin/../lib/gcc/avr/5.4.0/avr6\libgcc.a(_exit.o)
 .data          0x00000000        0x0 c:/program files (x86)/atmel/studio/7.0/toolchain/avr8/avr8-gnu-toolchain/bin/../lib/gcc/avr/5.4.0/avr6\libgcc.a(_exit.o)
 .bss           0x00000000        0x0 c:/program files (x86)/atmel/studio/7.0/toolchain/avr8/avr8-gnu-toolchain/bin/../lib/gcc/avr/5.4.0/avr6\libgcc.a(_exit.o)
 .text.libgcc.mul
                0x00000000        0x0 c:/program files (x86)/atmel/studio/7.0/toolchain/avr8/avr8-gnu-toolchain/bin/../lib/gcc/avr/5.4.0/avr6\libgcc.a(_exit.o)
 .text.libgcc.div
                0x00000000        0x0 c:/program files (x86)/atmel/studio/7.0/toolchain/avr8/avr8-gnu-toolchain/bin/../lib/gcc/avr/5.4.0/avr6\libgcc.a(_exit.o)
 .text.libgcc   0x00000000        0x0 c:/program files (x86)/atmel/studio/7.0/toolchain/avr8/avr8-gnu-toolchain/bin/../lib/gcc/avr/5.4.0/avr6\libgcc.a(_exit.o)
 .text.libgcc.prologue
                0x00000000        0x0 c:/program files (x86)/atmel/studio/7.0/toolchain/avr8/avr8-gnu-toolchain/bin/../lib/gcc/avr/5.4.0/avr6\libgcc.a(_exit.o)
 .text.libgcc.builtins
                0x00000000        0x0 c:/program files (x86)/atmel/studio/7.0/toolchain/avr8/avr8-gnu-toolchain/bin/../lib/gcc/avr/5.4.0/avr6\libgcc.a(_exit.o)
 .text.libgcc.fmul
                0x00000000        0x0 c:/program files (x86)/atmel/studio/7.0/toolchain/avr8/avr8-gnu-toolchain/bin/../lib/gcc/avr/5.4.0/avr6\libgcc.a(_exit.o)
 .text.libgcc.fixed
                0x00000000        0x0 c:/program files (x86)/atmel/studio/7.0/toolchain/avr8/avr8-gnu-toolchain/bin/../lib/gcc/avr/5.4.0/avr6\libgcc.a(_exit.o)
 .text          0x00000000        0x0 c:/program files (x86)/atmel/studio/7.0/toolchain/avr8/avr8-gnu-toolchain/bin/../lib/gcc/avr/5.4.0/avr6\libgcc.a(_tablejump2.o)
 .data          0x00000000        0x0 c:/program files (x86)/atmel/studio/7.0/toolchain/avr8/avr8-gnu-toolchain/bin/../lib/gcc/avr/5.4.0/avr6\libgcc.a(_tablejump2.o)
 .bss           0x00000000        0x0 c:/program files (x86)/atmel/studio/7.0/toolchain/avr8/avr8-gnu-toolchain/bin/../lib/gcc/avr/5.4.0/avr6\libgcc.a(_tablejump2.o)
 .text.libgcc.mul
                0x00000000        0x0 c:/program files (x86)/atmel/studio/7.0/toolchain/avr8/avr8-gnu-toolchain/bin/../lib/gcc/avr/5.4.0/avr6\libgcc.a(_tablejump2.o)
 .text.libgcc.div
                0x00000000        0x0 c:/program files (x86)/atmel/studio/7.0/toolchain/avr8/avr8-gnu-toolchain/bin/../lib/gcc/avr/5.4.0/avr6\libgcc.a(_tablejump2.o)
 .text.libgcc.prologue
                0x00000000        0x0 c:/program files (x86)/atmel/studio/7.0/toolchain/avr8/avr8-gnu-toolchain/bin/../lib/gcc/avr/5.4.0/avr6\libgcc.a(_tablejump2.o)
 .text.libgcc.builtins
                0x00000000        0x0 c:/program files (x86)/atmel/studio/7.0/toolchain/avr8/avr8-gnu-toolchain/bin/../lib/gcc/avr/5.4.0/avr6\libgcc.a(_tablejump2.o)
 .text.libgcc.fmul
                0x00000000        0x0 c:/program files (x86)/atmel/studio/7.0/toolchain/avr8/avr8-gnu-toolchain/bin/../lib/gcc/avr/5.4.0/avr6\libgcc.a(_tablejump2.o)
 .text.libgcc.fixed
                0x00000000        0x0 c:/program files (x86)/atmel/studio/7.0/toolchain/avr8/avr8-gnu-toolchain/bin/../lib/gcc/avr/5.4.0/avr6\libgcc.a(_tablejump2.o)
 .text          0x00000000        0x0 c:/program files (x86)/atmel/studio/7.0/toolchain/avr8/avr8-gnu-toolchain/bin/../lib/gcc/avr/5.4.0/avr6\libgcc.a(_copy_data.o)
 .data          0x00000000        0x0 c:/program files (x86)/atmel/studio/7.0/toolchain/avr8/avr8-gnu-toolchain/bin/../lib/gcc/avr/5.4.0/avr6\libgcc.a(_copy_data.o)
 .bss           0x00000000        0x0 c:/program files (x86)/atmel/studio/7.0/toolchain/avr8/avr8-gnu-toolchain/bin/../lib/gcc/avr/5.4.0/avr6\libgcc.a(_copy_data.o)
 .text.libgcc.mul
                0x00000000        0x0 c:/program files (x86)/atmel/studio/7.0/toolchain/avr8/avr8-gnu-toolchain/bin/../lib/gcc/avr/5.4.0/avr6\libgcc.a(_copy_data.o)
 .text.libgcc.div
                0x00000000        0x0 c:/program files (x86)/atmel/studio/7.0/toolchain/avr8/avr8-gnu-toolchain/bin/../lib/gcc/avr/5.4.0/avr6\libgcc.a(_copy_data.o)
 .text.libgcc   0x00000000        0x0 c:/program files (x86)/atmel/studio/7.0/toolchain/avr8/avr8-gnu-toolchain/bin/../lib/gcc/avr/5.4.0/avr6\libgcc.a(_copy_data.o)
 .text.libgcc.prologue
                0x00000000        0x0 c:/program files (x86)/atmel/studio/7.0/toolchain/avr8/avr8-gnu-toolchain/bin/../lib/gcc/avr/5.4.0/avr6\libgcc.a(_copy_data.o)
 .text.libgcc.builtins
                0x00000000        0x0 c:/program files (x86)/atmel/studio/7.0/toolchain/avr8/avr8-gnu-toolchain/bin/../lib/gcc/avr/5.4.0/avr6\libgcc.a(_copy_data.o)
 .text.libgcc.fmul
                0x00000000        0x0 c:/program files (x86)/atmel/studio/7.0/toolchain/avr8/avr8-gnu-toolchain/bin/../lib/gcc/avr/5.4.0/avr6\libgcc.a(_copy_data.o)
 .text.libgcc.fixed
                0x00000000        0x0 c:/program files (x86)/atmel/studio/7.0/toolchain/avr8/avr8-gnu-toolchain/bin/../lib/gcc/avr/5.4.0/avr6\libgcc.a(_copy_data.o)
 .text          0x00000000        0x0 c:/program files (x86)/atmel/studio/7.0/toolchain/avr8/avr8-gnu-toolchain/bin/../lib/gcc/avr/5.4.0/avr6\libgcc.a(_clear_bss.o)
 .data          0x00000000        0x0 c:/program files (x86)/atmel/studio/7.0/toolchain/avr8/avr8-gnu-toolchain/bin/../lib/gcc/avr/5.4.0/avr6\libgcc.a(_clear_bss.o)
 .bss           0x00000000        0x0 c:/program files (x86)/atmel/studio/7.0/toolchain/avr8/avr8-gnu-toolchain/bin/../lib/gcc/avr/5.4.0/avr6\libgcc.a(_clear_bss.o)
 .text.libgcc.mul
                0x00000000        0x0 c:/program files (x86)/atmel/studio/7.0/toolchain/avr8/avr8-gnu-toolchain/bin/../lib/gcc/avr/5.4.0/avr6\libgcc.a(_clear_bss.o)
 .text.libgcc.div
                0x00000000        0x0 c:/program files (x86)/atmel/studio/7.0/toolchain/avr8/avr8-gnu-toolchain/bin/../lib/gcc/avr/5.4.0/avr6\libgcc.a(_clear_bss.o)
 .text.libgcc   0x00000000        0x0 c:/program files (x86)/atmel/studio/7.0/toolchain/avr8/avr8-gnu-toolchain/bin/../lib/gcc/avr/5.4.0/avr6\libgcc.a(_clear_bss.o)
 .text.libgcc.prologue
                0x00000000        0x0 c:/program files (x86)/atmel/studio/7.0/toolchain/avr8/avr8-gnu-toolchain/bin/../lib/gcc/avr/5.4.0/avr6\libgcc.a(_clear_bss.o)
 .text.libgcc.builtins
                0x00000000        0x0 c:/program files (x86)/atmel/studio/7.0/toolchain/avr8/avr8-gnu-toolchain/bin/../lib/gcc/avr/5.4.0/avr6\libgcc.a(_clear_bss.o)
 .text.libgcc.fmul
                0x00000000        0x0 c:/program files (x86)/atmel/studio/7.0/toolchain/avr8/avr8-gnu-toolchain/bin/../lib/gcc/avr/5.4.0/avr6\libgcc.a(_clear_bss.o)
 .text.libgcc.fixed
                0x00000000        0x0 c:/program files (x86)/atmel/studio/7.0/toolchain/avr8/avr8-gnu-toolchain/bin/../lib/gcc/avr/5.4.0/avr6\libgcc.a(_clear_bss.o)
 .text          0x00000000        0x0 c:/program files (x86)/atmel/studio/7.0/toolchain/avr8/avr8-gnu-toolchain/bin/../lib/gcc/avr/5.4.0/avr6\libgcc.a(_ctors.o)
 .data          0x00000000        0x0 c:/program files (x86)/atmel/studio/7.0/toolchain/avr8/avr8-gnu-toolchain/bin/../lib/gcc/avr/5.4.0/avr6\libgcc.a(_ctors.o)
 .bss           0x00000000        0x0 c:/program files (x86)/atmel/studio/7.0/toolchain/avr8/avr8-gnu-toolchain/bin/../lib/gcc/avr/5.4.0/avr6\libgcc.a(_ctors.o)
 .text.libgcc.mul
                0x00000000        0x0 c:/program files (x86)/atmel/studio/7.0/toolchain/avr8/avr8-gnu-toolchain/bin/../lib/gcc/avr/5.4.0/avr6\libgcc.a(_ctors.o)
 .text.libgcc.div
                0x00000000        0x0 c:/program files (x86)/atmel/studio/7.0/toolchain/avr8/avr8-gnu-toolchain/bin/../lib/gcc/avr/5.4.0/avr6\libgcc.a(_ctors.o)
 .text.libgcc   0x00000000        0x0 c:/program files (x86)/atmel/studio/7.0/toolchain/avr8/avr8-gnu-toolchain/bin/../lib/gcc/avr/5.4.0/avr6\libgcc.a(_ctors.o)
 .text.libgcc.prologue
                0x00000000        0x0 c:/program files (x86)/atmel/studio/7.0/toolchain/avr8/avr8-gnu-toolchain/bin/../lib/gcc/avr/5.4.0/avr6\libgcc.a(_ctors.o)
 .text.libgcc.builtins
                0x00000000        0x0 c:/program files (x86)/atmel/studio/7.0/toolchain/avr8/avr8-gnu-toolchain/bin/../lib/gcc/avr/5.4.0/avr6\libgcc.a(_ctors.o)
 .text.libgcc.fmul
                0x00000000        0x0 c:/program files (x86)/atmel/studio/7.0/toolchain/avr8/avr8-gnu-toolchain/bin/../lib/gcc/avr/5.4.0/avr6\libgcc.a(_ctors.o)
 .text.libgcc.fixed
                0x00000000        0x0 c:/program files (x86)/atmel/studio/7.0/toolchain/avr8/avr8-gnu-toolchain/bin/../lib/gcc/avr/5.4.0/avr6\libgcc.a(_ctors.o)
 .text          0x00000000        0x0 c:/program files (x86)/atmel/studio/7.0/toolchain/avr8/avr8-gnu-toolchain/bin/../lib/gcc/avr/5.4.0/../../../../avr/lib/avr6\libc.a(abort.o)
 .data          0x00000000        0x0 c:/program files (x86)/atmel/studio/7.0/toolchain/avr8/avr8-gnu-toolchain/bin/../lib/gcc/avr/5.4.0/../../../../avr/lib/avr6\libc.a(abort.o)
 .bss           0x00000000        0x0 c:/program files (x86)/atmel/studio/7.0/toolchain/avr8/avr8-gnu-toolchain/bin/../lib/gcc/avr/5.4.0/../../../../avr/lib/avr6\libc.a(abort.o)
 .text.avr-libc
                0x00000000        0xa c:/program files (x86)/atmel/studio/7.0/toolchain/avr8/avr8-gnu-toolchain/bin/../lib/gcc/avr/5.4.0/../../../../avr/lib/avr6\libc.a(abort.o)

Memory Configuration

Name             Origin             Length             Attributes
text             0x00000000         0x00040000         xr
data             0x00800200         0x00002000         rw !x
eeprom           0x00810000         0x00001000         rw !x
fuse             0x00820000         0x00000003         rw !x
lock             0x00830000         0x00000400         rw !x
signature        0x00840000         0x00000400         rw !x
user_signatures  0x00850000         0x00000400         rw !x
*default*        0x00000000         0xffffffff

Linker script and memory map

Address of section .data set to 0x800200
LOAD C:/Program Files (x86)/Atmel/Studio/7.0/Packs/atmel/ATmega_DFP/1.6.364/gcc/dev/atmega2560/avr6/crtatmega2560.o
LOAD Termostat.o
LOAD src/libraries/LiquidCrystal/src/LiquidCrystal.o
START GROUP
LOAD c:/program files (x86)/atmel/studio/7.0/toolchain/avr8/avr8-gnu-toolchain/bin/../lib/gcc/avr/5.4.0/../../../../avr/lib/avr6\libm.a
LOAD C:\Users\renep\Documents\Atmel Studio\7.0\Leapyear\Leapyear\ArduinoCore\Debug\libArduinoCore.a
END GROUP
LOAD c:/program files (x86)/atmel/studio/7.0/toolchain/avr8/avr8-gnu-toolchain/bin/../lib/gcc/avr/5.4.0/avr6\libgcc.a
LOAD c:/program files (x86)/atmel/studio/7.0/toolchain/avr8/avr8-gnu-toolchain/bin/../lib/gcc/avr/5.4.0/../../../../avr/lib/avr6\libm.a
START GROUP
LOAD c:/program files (x86)/atmel/studio/7.0/toolchain/avr8/avr8-gnu-toolchain/bin/../lib/gcc/avr/5.4.0/avr6\libgcc.a
LOAD c:/program files (x86)/atmel/studio/7.0/toolchain/avr8/avr8-gnu-toolchain/bin/../lib/gcc/avr/5.4.0/../../../../avr/lib/avr6\libm.a
LOAD c:/program files (x86)/atmel/studio/7.0/toolchain/avr8/avr8-gnu-toolchain/bin/../lib/gcc/avr/5.4.0/../../../../avr/lib/avr6\libc.a
LOAD C:/Program Files (x86)/Atmel/Studio/7.0/Packs/atmel/ATmega_DFP/1.6.364/gcc/dev/atmega2560/avr6\libatmega2560.a
END GROUP
                0x00000000                __TEXT_REGION_ORIGIN__ = DEFINED (__TEXT_REGION_ORIGIN__)?__TEXT_REGION_ORIGIN__:0x0
                [0x00800200]                __DATA_REGION_ORIGIN__ = DEFINED (__DATA_REGION_ORIGIN__)?__DATA_REGION_ORIGIN__:0x800200
                [0x00040000]                __TEXT_REGION_LENGTH__ = DEFINED (__TEXT_REGION_LENGTH__)?__TEXT_REGION_LENGTH__:0x100000
                [0x00002000]                __DATA_REGION_LENGTH__ = DEFINED (__DATA_REGION_LENGTH__)?__DATA_REGION_LENGTH__:0xfe00
                [0x00001000]                __EEPROM_REGION_LENGTH__ = DEFINED (__EEPROM_REGION_LENGTH__)?__EEPROM_REGION_LENGTH__:0x10000
                [0x00000003]                __FUSE_REGION_LENGTH__ = DEFINED (__FUSE_REGION_LENGTH__)?__FUSE_REGION_LENGTH__:0x400
                0x00000400                __LOCK_REGION_LENGTH__ = DEFINED (__LOCK_REGION_LENGTH__)?__LOCK_REGION_LENGTH__:0x400
                0x00000400                __SIGNATURE_REGION_LENGTH__ = DEFINED (__SIGNATURE_REGION_LENGTH__)?__SIGNATURE_REGION_LENGTH__:0x400
                0x00000400                __USER_SIGNATURE_REGION_LENGTH__ = DEFINED (__USER_SIGNATURE_REGION_LENGTH__)?__USER_SIGNATURE_REGION_LENGTH__:0x400

.hash
 *(.hash)

.dynsym
 *(.dynsym)

.dynstr
 *(.dynstr)

.gnu.version
 *(.gnu.version)

.gnu.version_d
 *(.gnu.version_d)

.gnu.version_r
 *(.gnu.version_r)

.rel.init
 *(.rel.init)

.rela.init
 *(.rela.init)

.rel.text
 *(.rel.text)
 *(.rel.text.*)
 *(.rel.gnu.linkonce.t*)

.rela.text
 *(.rela.text)
 *(.rela.text.*)
 *(.rela.gnu.linkonce.t*)

.rel.fini
 *(.rel.fini)

.rela.fini
 *(.rela.fini)

.rel.rodata
 *(.rel.rodata)
 *(.rel.rodata.*)
 *(.rel.gnu.linkonce.r*)

.rela.rodata
 *(.rela.rodata)
 *(.rela.rodata.*)
 *(.rela.gnu.linkonce.r*)

.rel.data
 *(.rel.data)
 *(.rel.data.*)
 *(.rel.gnu.linkonce.d*)

.rela.data
 *(.rela.data)
 *(.rela.data.*)
 *(.rela.gnu.linkonce.d*)

.rel.ctors
 *(.rel.ctors)

.rela.ctors
 *(.rela.ctors)

.rel.dtors
 *(.rel.dtors)

.rela.dtors
 *(.rela.dtors)

.rel.got
 *(.rel.got)

.rela.got
 *(.rela.got)

.rel.bss
 *(.rel.bss)

.rela.bss
 *(.rela.bss)

.rel.plt
 *(.rel.plt)

.rela.plt
 *(.rela.plt)

.text           0x00000000     0x12ba
 *(.vectors)
 .vectors       0x00000000       0xe4 C:/Program Files (x86)/Atmel/Studio/7.0/Packs/atmel/ATmega_DFP/1.6.364/gcc/dev/atmega2560/avr6/crtatmega2560.o
                0x00000000                __vector_default
                0x00000000                __vectors
 *(.vectors)
 *(.progmem.gcc*)
 .progmem.gcc_fplib
                0x000000e4       0x5a c:/program files (x86)/atmel/studio/7.0/toolchain/avr8/avr8-gnu-toolchain/bin/../lib/gcc/avr/5.4.0/../../../../avr/lib/avr6\libm.a(log.o)
 .progmem.gcc_sw_table.turnOffPWM
                0x0000013e       0x24 C:\Users\renep\Documents\Atmel Studio\7.0\Leapyear\Leapyear\ArduinoCore\Debug\libArduinoCore.a(wiring_digital.o)
                0x00000162                . = ALIGN (0x2)
                0x00000162                __trampolines_start = .
 *(.trampolines)
 .trampolines   0x00000162        0x0 linker stubs
 *(.trampolines*)
                0x00000162                __trampolines_end = .
 *libprintf_flt.a:*(.progmem.data)
 *libc.a:*(.progmem.data)
 *(.progmem*)
 .progmem.data.digital_pin_to_timer_PGM
                0x00000162       0x46 C:\Users\renep\Documents\Atmel Studio\7.0\Leapyear\Leapyear\ArduinoCore\Debug\libArduinoCore.a(wiring_digital.o)
                0x00000162                digital_pin_to_timer_PGM
 .progmem.data.digital_pin_to_bit_mask_PGM
                0x000001a8       0x46 C:\Users\renep\Documents\Atmel Studio\7.0\Leapyear\Leapyear\ArduinoCore\Debug\libArduinoCore.a(wiring_digital.o)
                0x000001a8                digital_pin_to_bit_mask_PGM
 .progmem.data.digital_pin_to_port_PGM
                0x000001ee       0x46 C:\Users\renep\Documents\Atmel Studio\7.0\Leapyear\Leapyear\ArduinoCore\Debug\libArduinoCore.a(wiring_digital.o)
                0x000001ee                digital_pin_to_port_PGM
 .progmem.data.port_to_output_PGM
                0x00000234       0x1a C:\Users\renep\Documents\Atmel Studio\7.0\Leapyear\Leapyear\ArduinoCore\Debug\libArduinoCore.a(wiring_digital.o)
                0x00000234                port_to_output_PGM
 .progmem.data.port_to_mode_PGM
                0x0000024e       0x1a C:\Users\renep\Documents\Atmel Studio\7.0\Leapyear\Leapyear\ArduinoCore\Debug\libArduinoCore.a(wiring_digital.o)
                0x0000024e                port_to_mode_PGM
                0x00000268                . = ALIGN (0x2)
 *(.jumptables)
 *(.jumptables*)
 *(.lowtext)
 *(.lowtext*)
                0x00000268                __ctors_start = .
 *(.ctors)
 .ctors         0x00000268        0x2 Termostat.o
                0x0000026a                __ctors_end = .
                0x0000026a                __dtors_start = .
 *(.dtors)
                0x0000026a                __dtors_end = .
 SORT(*)(.ctors)
 SORT(*)(.dtors)
 *(.init0)
 .init0         0x0000026a        0x0 C:/Program Files (x86)/Atmel/Studio/7.0/Packs/atmel/ATmega_DFP/1.6.364/gcc/dev/atmega2560/avr6/crtatmega2560.o
                0x0000026a                __init
 *(.init0)
 *(.init1)
 *(.init1)
 *(.init2)
 .init2         0x0000026a       0x10 C:/Program Files (x86)/Atmel/Studio/7.0/Packs/atmel/ATmega_DFP/1.6.364/gcc/dev/atmega2560/avr6/crtatmega2560.o
 *(.init2)
 *(.init3)
 *(.init3)
 *(.init4)
 .init4         0x0000027a       0x1a c:/program files (x86)/atmel/studio/7.0/toolchain/avr8/avr8-gnu-toolchain/bin/../lib/gcc/avr/5.4.0/avr6\libgcc.a(_copy_data.o)
                0x0000027a                __do_copy_data
 .init4         0x00000294       0x10 c:/program files (x86)/atmel/studio/7.0/toolchain/avr8/avr8-gnu-toolchain/bin/../lib/gcc/avr/5.4.0/avr6\libgcc.a(_clear_bss.o)
                0x00000294                __do_clear_bss
 *(.init4)
 *(.init5)
 *(.init5)
 *(.init6)
 .init6         0x000002a4       0x1e c:/program files (x86)/atmel/studio/7.0/toolchain/avr8/avr8-gnu-toolchain/bin/../lib/gcc/avr/5.4.0/avr6\libgcc.a(_ctors.o)
                0x000002a4                __do_global_ctors
 *(.init6)
 *(.init7)
 *(.init7)
 *(.init8)
 *(.init8)
 *(.init9)
 .init9         0x000002c2        0x4 C:/Program Files (x86)/Atmel/Studio/7.0/Packs/atmel/ATmega_DFP/1.6.364/gcc/dev/atmega2560/avr6/crtatmega2560.o
 *(.init9)
 *(.text)
 .text          0x000002c6        0x2 C:/Program Files (x86)/Atmel/Studio/7.0/Packs/atmel/ATmega_DFP/1.6.364/gcc/dev/atmega2560/avr6/crtatmega2560.o
                0x000002c6                __vector_38
                0x000002c6                __vector_22
                0x000002c6                __vector_28
                0x000002c6                __vector_1
                0x000002c6                __vector_32
                0x000002c6                __vector_34
                0x000002c6                __vector_24
                0x000002c6                __vector_12
                0x000002c6                __vector_55
                0x000002c6                __vector_46
                0x000002c6                __bad_interrupt
                0x000002c6                __vector_6
                0x000002c6                __vector_31
                0x000002c6                __vector_35
                0x000002c6                __vector_39
                0x000002c6                __vector_3
                0x000002c6                __vector_30
                0x000002c6                __vector_45
                0x000002c6                __vector_25
                0x000002c6                __vector_11
                0x000002c6                __vector_54
                0x000002c6                __vector_13
                0x000002c6                __vector_17
                0x000002c6                __vector_19
                0x000002c6                __vector_56
                0x000002c6                __vector_7
                0x000002c6                __vector_49
                0x000002c6                __vector_41
                0x000002c6                __vector_43
                0x000002c6                __vector_27
                0x000002c6                __vector_5
                0x000002c6                __vector_33
                0x000002c6                __vector_47
                0x000002c6                __vector_52
                0x000002c6                __vector_37
                0x000002c6                __vector_4
                0x000002c6                __vector_44
                0x000002c6                __vector_51
                0x000002c6                __vector_9
                0x000002c6                __vector_2
                0x000002c6                __vector_21
                0x000002c6                __vector_15
                0x000002c6                __vector_36
                0x000002c6                __vector_29
                0x000002c6                __vector_40
                0x000002c6                __vector_8
                0x000002c6                __vector_26
                0x000002c6                __vector_48
                0x000002c6                __vector_14
                0x000002c6                __vector_53
                0x000002c6                __vector_10
                0x000002c6                __vector_50
                0x000002c6                __vector_16
                0x000002c6                __vector_18
                0x000002c6                __vector_20
                0x000002c6                __vector_42
                0x000002c8                . = ALIGN (0x2)
 *(.text.*)
 .text.setup    0x000002c8       0x30 Termostat.o
                0x000002c8                setup
 .text.loop     0x000002f8      0x13a Termostat.o
                0x000002f8                loop
 .text.startup._GLOBAL__sub_I_MaxTemp
                0x00000432       0x24 Termostat.o
 .text._ZN5Print17availableForWriteEv
                0x00000456        0x6 src/libraries/LiquidCrystal/src/LiquidCrystal.o
                0x00000456                _ZN5Print17availableForWriteEv
 .text._ZN5Print5flushEv
                0x0000045c        0x2 src/libraries/LiquidCrystal/src/LiquidCrystal.o
                0x0000045c                _ZN5Print5flushEv
 .text._ZN13LiquidCrystal11pulseEnableEv
                0x0000045e       0x2e src/libraries/LiquidCrystal/src/LiquidCrystal.o
                0x0000045e                _ZN13LiquidCrystal11pulseEnableEv
 .text._ZN13LiquidCrystal10write4bitsEh
                0x0000048c       0x56 src/libraries/LiquidCrystal/src/LiquidCrystal.o
                0x0000048c                _ZN13LiquidCrystal10write4bitsEh
 .text._ZN13LiquidCrystal10write8bitsEh
                0x000004e2       0x56 src/libraries/LiquidCrystal/src/LiquidCrystal.o
                0x000004e2                _ZN13LiquidCrystal10write8bitsEh
 .text._ZN13LiquidCrystal4sendEhh
                0x00000538       0x48 src/libraries/LiquidCrystal/src/LiquidCrystal.o
                0x00000538                _ZN13LiquidCrystal4sendEhh
 .text._ZN13LiquidCrystal7commandEh
                0x00000580        0x4 src/libraries/LiquidCrystal/src/LiquidCrystal.o
                0x00000580                _ZN13LiquidCrystal7commandEh
 .text._ZN13LiquidCrystal5clearEv
                0x00000584        0xa src/libraries/LiquidCrystal/src/LiquidCrystal.o
                0x00000584                _ZN13LiquidCrystal5clearEv
 .text._ZN13LiquidCrystal9setCursorEhh
                0x0000058e       0x24 src/libraries/LiquidCrystal/src/LiquidCrystal.o
                0x0000058e                _ZN13LiquidCrystal9setCursorEhh
 .text._ZN13LiquidCrystal7displayEv
                0x000005b2        0xe src/libraries/LiquidCrystal/src/LiquidCrystal.o
                0x000005b2                _ZN13LiquidCrystal7displayEv
 .text._ZN13LiquidCrystal5beginEhhh
                0x000005c0      0x11a src/libraries/LiquidCrystal/src/LiquidCrystal.o
                0x000005c0                _ZN13LiquidCrystal5beginEhhh
 .text._ZN13LiquidCrystalC2Ehhhhhh
                0x000006da       0x3e src/libraries/LiquidCrystal/src/LiquidCrystal.o
                0x000006da                _ZN13LiquidCrystalC1Ehhhhhh
                0x000006da                _ZN13LiquidCrystalC2Ehhhhhh
 .text._ZN13LiquidCrystal5writeEh
                0x00000718        0xa src/libraries/LiquidCrystal/src/LiquidCrystal.o
                0x00000718                _ZN13LiquidCrystal5writeEh
 .text.avr-libc.fplib
                0x00000722        0xa c:/program files (x86)/atmel/studio/7.0/toolchain/avr8/avr8-gnu-toolchain/bin/../lib/gcc/avr/5.4.0/../../../../avr/lib/avr6\libm.a(addsf3.o)
                0x00000722                __subsf3
                0x00000724                __addsf3
 .text.avr-libc.fplib
                0x0000072c       0xc0 c:/program files (x86)/atmel/studio/7.0/toolchain/avr8/avr8-gnu-toolchain/bin/../lib/gcc/avr/5.4.0/../../../../avr/lib/avr6\libm.a(addsf3x.o)
                0x00000746                __addsf3x
 .text.avr-libc.fplib
                0x000007ec        0x8 c:/program files (x86)/atmel/studio/7.0/toolchain/avr8/avr8-gnu-toolchain/bin/../lib/gcc/avr/5.4.0/../../../../avr/lib/avr6\libm.a(cmpsf2.o)
                0x000007ec                __nesf2
                0x000007ec                __eqsf2
                0x000007ec                __cmpsf2
                0x000007ec                __ltsf2
                0x000007ec                __lesf2
 .text.avr-libc.fplib
                0x000007f4        0x4 c:/program files (x86)/atmel/studio/7.0/toolchain/avr8/avr8-gnu-toolchain/bin/../lib/gcc/avr/5.4.0/../../../../avr/lib/avr6\libm.a(divsf3.o)
                0x000007f4                __divsf3
 .text.avr-libc.fplib
                0x000007f8       0xcc c:/program files (x86)/atmel/studio/7.0/toolchain/avr8/avr8-gnu-toolchain/bin/../lib/gcc/avr/5.4.0/../../../../avr/lib/avr6\libm.a(divsf3x.o)
                0x0000080e                __divsf3x
                0x00000812                __divsf3_pse
 .text.avr-libc.fplib
                0x000008c4       0x7a c:/program files (x86)/atmel/studio/7.0/toolchain/avr8/avr8-gnu-toolchain/bin/../lib/gcc/avr/5.4.0/../../../../avr/lib/avr6\libm.a(floatsisf.o)
                0x000008c4                __floatunsisf
                0x000008c8                __floatsisf
 .text.avr-libc.fplib
                0x0000093e       0x48 c:/program files (x86)/atmel/studio/7.0/toolchain/avr8/avr8-gnu-toolchain/bin/../lib/gcc/avr/5.4.0/../../../../avr/lib/avr6\libm.a(fp_cmp.o)
                0x0000093e                __fp_cmp
 .text.avr-libc.fplib
                0x00000986        0xc c:/program files (x86)/atmel/studio/7.0/toolchain/avr8/avr8-gnu-toolchain/bin/../lib/gcc/avr/5.4.0/../../../../avr/lib/avr6\libm.a(fp_inf.o)
                0x00000986                __fp_inf
 .text.avr-libc.fplib
                0x00000992        0x6 c:/program files (x86)/atmel/studio/7.0/toolchain/avr8/avr8-gnu-toolchain/bin/../lib/gcc/avr/5.4.0/../../../../avr/lib/avr6\libm.a(fp_nan.o)
                0x00000992                __fp_nan
 .text.avr-libc.fplib
                0x00000998        0xe c:/program files (x86)/atmel/studio/7.0/toolchain/avr8/avr8-gnu-toolchain/bin/../lib/gcc/avr/5.4.0/../../../../avr/lib/avr6\libm.a(fp_pscA.o)
                0x00000998                __fp_pscA
 .text.avr-libc.fplib
                0x000009a6        0xe c:/program files (x86)/atmel/studio/7.0/toolchain/avr8/avr8-gnu-toolchain/bin/../lib/gcc/avr/5.4.0/../../../../avr/lib/avr6\libm.a(fp_pscB.o)
                0x000009a6                __fp_pscB
 .text.avr-libc.fplib
                0x000009b4       0x22 c:/program files (x86)/atmel/studio/7.0/toolchain/avr8/avr8-gnu-toolchain/bin/../lib/gcc/avr/5.4.0/../../../../avr/lib/avr6\libm.a(fp_round.o)
                0x000009b4                __fp_round
 .text.avr-libc.fplib
                0x000009d6       0x44 c:/program files (x86)/atmel/studio/7.0/toolchain/avr8/avr8-gnu-toolchain/bin/../lib/gcc/avr/5.4.0/../../../../avr/lib/avr6\libm.a(fp_split3.o)
                0x000009d6                __fp_split3
                0x000009e6                __fp_splitA
 .text.avr-libc.fplib
                0x00000a1a        0xe c:/program files (x86)/atmel/studio/7.0/toolchain/avr8/avr8-gnu-toolchain/bin/../lib/gcc/avr/5.4.0/../../../../avr/lib/avr6\libm.a(fp_zero.o)
                0x00000a1a                __fp_zero
                0x00000a1c                __fp_szero
 .text.avr-libc.fplib
                0x00000a28        0x8 c:/program files (x86)/atmel/studio/7.0/toolchain/avr8/avr8-gnu-toolchain/bin/../lib/gcc/avr/5.4.0/../../../../avr/lib/avr6\libm.a(gesf2.o)
                0x00000a28                __gesf2
                0x00000a28                __gtsf2
 .text.avr-libc.fplib
                0x00000a30       0x8a c:/program files (x86)/atmel/studio/7.0/toolchain/avr8/avr8-gnu-toolchain/bin/../lib/gcc/avr/5.4.0/../../../../avr/lib/avr6\libm.a(log.o)
                0x00000a3a                log
 .text.avr-libc.fplib
                0x00000aba        0x4 c:/program files (x86)/atmel/studio/7.0/toolchain/avr8/avr8-gnu-toolchain/bin/../lib/gcc/avr/5.4.0/../../../../avr/lib/avr6\libm.a(mulsf3.o)
                0x00000aba                __mulsf3
 .text.avr-libc.fplib
                0x00000abe       0xc2 c:/program files (x86)/atmel/studio/7.0/toolchain/avr8/avr8-gnu-toolchain/bin/../lib/gcc/avr/5.4.0/../../../../avr/lib/avr6\libm.a(mulsf3x.o)
                0x00000ad2                __mulsf3x
                0x00000ad6                __mulsf3_pse
 .text.avr-libc.fplib
                0x00000b80       0x1c c:/program files (x86)/atmel/studio/7.0/toolchain/avr8/avr8-gnu-toolchain/bin/../lib/gcc/avr/5.4.0/../../../../avr/lib/avr6\libm.a(fp_mpack.o)
                0x00000b80                __fp_mpack
                0x00000b84                __fp_mpack_finite
 .text.avr-libc.fplib
                0x00000b9c       0x4a c:/program files (x86)/atmel/studio/7.0/toolchain/avr8/avr8-gnu-toolchain/bin/../lib/gcc/avr/5.4.0/../../../../avr/lib/avr6\libm.a(fp_powser.o)
                0x00000b9c                __fp_powser
 .text.initVariant
                0x00000be6        0x2 C:\Users\renep\Documents\Atmel Studio\7.0\Leapyear\Leapyear\ArduinoCore\Debug\libArduinoCore.a(main.o)
                0x00000be6                initVariant
 .text.startup.main
                0x00000be8       0x16 C:\Users\renep\Documents\Atmel Studio\7.0\Leapyear\Leapyear\ArduinoCore\Debug\libArduinoCore.a(main.o)
                0x00000be8                main
 .text._ZN5Print5writeEPKhj
                0x00000bfe       0x54 C:\Users\renep\Documents\Atmel Studio\7.0\Leapyear\Leapyear\ArduinoCore\Debug\libArduinoCore.a(Print.o)
                0x00000bfe                _ZN5Print5writeEPKhj
 .text._ZN5Print5writeEPKc
                0x00000c52       0x2a C:\Users\renep\Documents\Atmel Studio\7.0\Leapyear\Leapyear\ArduinoCore\Debug\libArduinoCore.a(Print.o)
                0x00000c52                _ZN5Print5writeEPKc
 .text._ZN5Print5printEPKc
                0x00000c7c        0x2 C:\Users\renep\Documents\Atmel Studio\7.0\Leapyear\Leapyear\ArduinoCore\Debug\libArduinoCore.a(Print.o)
                0x00000c7c                _ZN5Print5printEPKc
 .text._ZN5Print5printEc
                0x00000c7e        0xe C:\Users\renep\Documents\Atmel Studio\7.0\Leapyear\Leapyear\ArduinoCore\Debug\libArduinoCore.a(Print.o)
                0x00000c7e                _ZN5Print5printEc
 .text._ZN5Print11printNumberEmh
                0x00000c8c       0x8e C:\Users\renep\Documents\Atmel Studio\7.0\Leapyear\Leapyear\ArduinoCore\Debug\libArduinoCore.a(Print.o)
                0x00000c8c                _ZN5Print11printNumberEmh
 .text._ZN5Print5printEmi
                0x00000d1a       0x18 C:\Users\renep\Documents\Atmel Studio\7.0\Leapyear\Leapyear\ArduinoCore\Debug\libArduinoCore.a(Print.o)
                0x00000d1a                _ZN5Print5printEmi
 .text._ZN5Print5printEji
                0x00000d32        0xa C:\Users\renep\Documents\Atmel Studio\7.0\Leapyear\Leapyear\ArduinoCore\Debug\libArduinoCore.a(Print.o)
                0x00000d32                _ZN5Print5printEji
 .text._ZN5Print10printFloatEdh
                0x00000d3c      0x18e C:\Users\renep\Documents\Atmel Studio\7.0\Leapyear\Leapyear\ArduinoCore\Debug\libArduinoCore.a(Print.o)
                0x00000d3c                _ZN5Print10printFloatEdh
 .text._ZN5Print5printEdi
                0x00000eca        0x2 C:\Users\renep\Documents\Atmel Studio\7.0\Leapyear\Leapyear\ArduinoCore\Debug\libArduinoCore.a(Print.o)
                0x00000eca                _ZN5Print5printEdi
 .text.__vector_23
                0x00000ecc       0x94 C:\Users\renep\Documents\Atmel Studio\7.0\Leapyear\Leapyear\ArduinoCore\Debug\libArduinoCore.a(wiring.o)
                0x00000ecc                __vector_23
 .text.delayMicroseconds
                0x00000f60       0x16 C:\Users\renep\Documents\Atmel Studio\7.0\Leapyear\Leapyear\ArduinoCore\Debug\libArduinoCore.a(wiring.o)
                0x00000f60                delayMicroseconds
 .text.init     0x00000f76       0xc4 C:\Users\renep\Documents\Atmel Studio\7.0\Leapyear\Leapyear\ArduinoCore\Debug\libArduinoCore.a(wiring.o)
                0x00000f76                init
 .text.analogRead
                0x0000103a       0x4a C:\Users\renep\Documents\Atmel Studio\7.0\Leapyear\Leapyear\ArduinoCore\Debug\libArduinoCore.a(wiring_analog.o)
                0x0000103a                analogRead
 .text.turnOffPWM
                0x00001084       0xaa C:\Users\renep\Documents\Atmel Studio\7.0\Leapyear\Leapyear\ArduinoCore\Debug\libArduinoCore.a(wiring_digital.o)
 .text.pinMode  0x0000112e       0x78 C:\Users\renep\Documents\Atmel Studio\7.0\Leapyear\Leapyear\ArduinoCore\Debug\libArduinoCore.a(wiring_digital.o)
                0x0000112e                pinMode
 .text.digitalWrite
                0x000011a6       0x5c C:\Users\renep\Documents\Atmel Studio\7.0\Leapyear\Leapyear\ArduinoCore\Debug\libArduinoCore.a(wiring_digital.o)
                0x000011a6                digitalWrite
 .text.avr-libc.fplib
                0x00001202       0x58 c:/program files (x86)/atmel/studio/7.0/toolchain/avr8/avr8-gnu-toolchain/bin/../lib/gcc/avr/5.4.0/../../../../avr/lib/avr6\libm.a(fixunssfsi.o)
                0x00001202                __fixunssfsi
 .text.avr-libc.fplib
                0x0000125a        0x8 c:/program files (x86)/atmel/studio/7.0/toolchain/avr8/avr8-gnu-toolchain/bin/../lib/gcc/avr/5.4.0/../../../../avr/lib/avr6\libm.a(unordsf2.o)
                0x0000125a                __unordsf2
 .text.libgcc.div
                0x00001262       0x44 c:/program files (x86)/atmel/studio/7.0/toolchain/avr8/avr8-gnu-toolchain/bin/../lib/gcc/avr/5.4.0/avr6\libgcc.a(_udivmodsi4.o)
                0x00001262                __udivmodsi4
 .text.libgcc   0x000012a6       0x10 c:/program files (x86)/atmel/studio/7.0/toolchain/avr8/avr8-gnu-toolchain/bin/../lib/gcc/avr/5.4.0/avr6\libgcc.a(_tablejump2.o)
                0x000012a6                __tablejump2__
                0x000012b6                . = ALIGN (0x2)
 *(.fini9)
 .fini9         0x000012b6        0x0 c:/program files (x86)/atmel/studio/7.0/toolchain/avr8/avr8-gnu-toolchain/bin/../lib/gcc/avr/5.4.0/avr6\libgcc.a(_exit.o)
                0x000012b6                _exit
                0x000012b6                exit
 *(.fini9)
 *(.fini8)
 *(.fini8)
 *(.fini7)
 *(.fini7)
 *(.fini6)
 *(.fini6)
 *(.fini5)
 *(.fini5)
 *(.fini4)
 *(.fini4)
 *(.fini3)
 *(.fini3)
 *(.fini2)
 *(.fini2)
 *(.fini1)
 *(.fini1)
 *(.fini0)
 .fini0         0x000012b6        0x4 c:/program files (x86)/atmel/studio/7.0/toolchain/avr8/avr8-gnu-toolchain/bin/../lib/gcc/avr/5.4.0/avr6\libgcc.a(_exit.o)
 *(.fini0)
                0x000012ba                _etext = .

.data           0x00800200       0x34 load address 0x000012ba
                0x00800200                PROVIDE (__data_start, .)
 *(.data)
 *(.data*)
 .data.grad     0x00800200        0x1 Termostat.o
                0x00800200                grad
 .data.ResetPoint
                0x00800201        0x4 Termostat.o
                0x00800201                ResetPoint
 .data.MaxTemp  0x00800205        0x4 Termostat.o
                0x00800205                MaxTemp
 .data.analog_reference
                0x00800209        0x1 C:\Users\renep\Documents\Atmel Studio\7.0\Leapyear\Leapyear\ArduinoCore\Debug\libArduinoCore.a(wiring_analog.o)
                0x00800209                analog_reference
 *(.gnu.linkonce.d*)
 *(.rodata)
 *(.rodata*)
 .rodata.str1.1
                0x0080020a        0xf Termostat.o
 .rodata._ZTV13LiquidCrystal
                0x00800219        0xc src/libraries/LiquidCrystal/src/LiquidCrystal.o
                0x00800219                _ZTV13LiquidCrystal
 .rodata.str1.1
                0x00800225        0xf C:\Users\renep\Documents\Atmel Studio\7.0\Leapyear\Leapyear\ArduinoCore\Debug\libArduinoCore.a(Print.o)
 *(.gnu.linkonce.r*)
                0x00800234                . = ALIGN (0x2)
                0x00800234                _edata = .
                0x00800234                PROVIDE (__data_end, .)

.bss            0x00800234       0x23
                0x00800234                PROVIDE (__bss_start, .)
 *(.bss)
 *(.bss*)
 .bss.lcd       0x00800234       0x18 Termostat.o
                0x00800234                lcd
 .bss.lastLEDState
                0x0080024c        0x2 Termostat.o
                0x0080024c                lastLEDState
 .bss.timer0_fract
                0x0080024e        0x1 C:\Users\renep\Documents\Atmel Studio\7.0\Leapyear\Leapyear\ArduinoCore\Debug\libArduinoCore.a(wiring.o)
 .bss.timer0_millis
                0x0080024f        0x4 C:\Users\renep\Documents\Atmel Studio\7.0\Leapyear\Leapyear\ArduinoCore\Debug\libArduinoCore.a(wiring.o)
                0x0080024f                timer0_millis
 .bss.timer0_overflow_count
                0x00800253        0x4 C:\Users\renep\Documents\Atmel Studio\7.0\Leapyear\Leapyear\ArduinoCore\Debug\libArduinoCore.a(wiring.o)
                0x00800253                timer0_overflow_count
 *(COMMON)
                0x00800257                PROVIDE (__bss_end, .)
                0x000012ba                __data_load_start = LOADADDR (.data)
                0x000012ee                __data_load_end = (__data_load_start + SIZEOF (.data))

.noinit         0x00800257        0x0
                [!provide]                PROVIDE (__noinit_start, .)
 *(.noinit*)
                [!provide]                PROVIDE (__noinit_end, .)
                0x00800257                _end = .
                [!provide]                PROVIDE (__heap_start, .)

.eeprom         0x00810000        0x0
 *(.eeprom*)
                0x00810000                __eeprom_end = .

.fuse
 *(.fuse)
 *(.lfuse)
 *(.hfuse)
 *(.efuse)

.lock
 *(.lock*)

.signature
 *(.signature*)

.user_signatures
 *(.user_signatures*)

.stab
 *(.stab)

.stabstr
 *(.stabstr)

.stab.excl
 *(.stab.excl)

.stab.exclstr
 *(.stab.exclstr)

.stab.index
 *(.stab.index)

.stab.indexstr
 *(.stab.indexstr)

.comment        0x00000000       0x30
 *(.comment)
 .comment       0x00000000       0x30 Termostat.o
                                 0x31 (size before relaxing)
 .comment       0x00000030       0x31 src/libraries/LiquidCrystal/src/LiquidCrystal.o
 .comment       0x00000030       0x31 C:\Users\renep\Documents\Atmel Studio\7.0\Leapyear\Leapyear\ArduinoCore\Debug\libArduinoCore.a(main.o)
 .comment       0x00000030       0x31 C:\Users\renep\Documents\Atmel Studio\7.0\Leapyear\Leapyear\ArduinoCore\Debug\libArduinoCore.a(Print.o)
 .comment       0x00000030       0x31 C:\Users\renep\Documents\Atmel Studio\7.0\Leapyear\Leapyear\ArduinoCore\Debug\libArduinoCore.a(wiring.o)
 .comment       0x00000030       0x31 C:\Users\renep\Documents\Atmel Studio\7.0\Leapyear\Leapyear\ArduinoCore\Debug\libArduinoCore.a(wiring_analog.o)
 .comment       0x00000030       0x31 C:\Users\renep\Documents\Atmel Studio\7.0\Leapyear\Leapyear\ArduinoCore\Debug\libArduinoCore.a(wiring_digital.o)

.note.gnu.avr.deviceinfo
                0x00000000       0x40
 .note.gnu.avr.deviceinfo
                0x00000000       0x40 C:/Program Files (x86)/Atmel/Studio/7.0/Packs/atmel/ATmega_DFP/1.6.364/gcc/dev/atmega2560/avr6/crtatmega2560.o

.note.gnu.build-id
 *(.note.gnu.build-id)

.debug
 *(.debug)

.line
 *(.line)

.debug_srcinfo
 *(.debug_srcinfo)

.debug_sfnames
 *(.debug_sfnames)

.debug_aranges  0x00000000      0x320
 *(.debug_aranges)
 .debug_aranges
                0x00000000       0x30 Termostat.o
 .debug_aranges
                0x00000030      0x110 src/libraries/LiquidCrystal/src/LiquidCrystal.o
 .debug_aranges
                0x00000140       0x30 C:\Users\renep\Documents\Atmel Studio\7.0\Leapyear\Leapyear\ArduinoCore\Debug\libArduinoCore.a(main.o)
 .debug_aranges
                0x00000170      0x100 C:\Users\renep\Documents\Atmel Studio\7.0\Leapyear\Leapyear\ArduinoCore\Debug\libArduinoCore.a(Print.o)
 .debug_aranges
                0x00000270       0x48 C:\Users\renep\Documents\Atmel Studio\7.0\Leapyear\Leapyear\ArduinoCore\Debug\libArduinoCore.a(wiring.o)
 .debug_aranges
                0x000002b8       0x30 C:\Users\renep\Documents\Atmel Studio\7.0\Leapyear\Leapyear\ArduinoCore\Debug\libArduinoCore.a(wiring_analog.o)
 .debug_aranges
                0x000002e8       0x38 C:\Users\renep\Documents\Atmel Studio\7.0\Leapyear\Leapyear\ArduinoCore\Debug\libArduinoCore.a(wiring_digital.o)

.debug_pubnames
 *(.debug_pubnames)

.debug_info     0x00000000     0x6637
 *(.debug_info .gnu.linkonce.wi.*)
 .debug_info    0x00000000      0xbbc C:/Program Files (x86)/Atmel/Studio/7.0/Packs/atmel/ATmega_DFP/1.6.364/gcc/dev/atmega2560/avr6/crtatmega2560.o
 .debug_info    0x00000bbc      0x61e Termostat.o
 .debug_info    0x000011da     0x1c3b src/libraries/LiquidCrystal/src/LiquidCrystal.o
 .debug_info    0x00002e15      0x295 C:\Users\renep\Documents\Atmel Studio\7.0\Leapyear\Leapyear\ArduinoCore\Debug\libArduinoCore.a(main.o)
 .debug_info    0x000030aa     0x295d C:\Users\renep\Documents\Atmel Studio\7.0\Leapyear\Leapyear\ArduinoCore\Debug\libArduinoCore.a(Print.o)
 .debug_info    0x00005a07      0x329 C:\Users\renep\Documents\Atmel Studio\7.0\Leapyear\Leapyear\ArduinoCore\Debug\libArduinoCore.a(wiring.o)
 .debug_info    0x00005d30      0x2cd C:\Users\renep\Documents\Atmel Studio\7.0\Leapyear\Leapyear\ArduinoCore\Debug\libArduinoCore.a(wiring_analog.o)
 .debug_info    0x00005ffd      0x63a C:\Users\renep\Documents\Atmel Studio\7.0\Leapyear\Leapyear\ArduinoCore\Debug\libArduinoCore.a(wiring_digital.o)

.debug_abbrev   0x00000000     0x1a21
 *(.debug_abbrev)
 .debug_abbrev  0x00000000      0xb1a C:/Program Files (x86)/Atmel/Studio/7.0/Packs/atmel/ATmega_DFP/1.6.364/gcc/dev/atmega2560/avr6/crtatmega2560.o
 .debug_abbrev  0x00000b1a      0x1e1 Termostat.o
 .debug_abbrev  0x00000cfb      0x365 src/libraries/LiquidCrystal/src/LiquidCrystal.o
 .debug_abbrev  0x00001060      0x12d C:\Users\renep\Documents\Atmel Studio\7.0\Leapyear\Leapyear\ArduinoCore\Debug\libArduinoCore.a(main.o)
 .debug_abbrev  0x0000118d      0x47a C:\Users\renep\Documents\Atmel Studio\7.0\Leapyear\Leapyear\ArduinoCore\Debug\libArduinoCore.a(Print.o)
 .debug_abbrev  0x00001607      0x146 C:\Users\renep\Documents\Atmel Studio\7.0\Leapyear\Leapyear\ArduinoCore\Debug\libArduinoCore.a(wiring.o)
 .debug_abbrev  0x0000174d      0x17a C:\Users\renep\Documents\Atmel Studio\7.0\Leapyear\Leapyear\ArduinoCore\Debug\libArduinoCore.a(wiring_analog.o)
 .debug_abbrev  0x000018c7      0x15a C:\Users\renep\Documents\Atmel Studio\7.0\Leapyear\Leapyear\ArduinoCore\Debug\libArduinoCore.a(wiring_digital.o)

.debug_line     0x00000000     0x1dd2
 *(.debug_line .debug_line.* .debug_line_end)
 .debug_line    0x00000000      0x1fa C:/Program Files (x86)/Atmel/Studio/7.0/Packs/atmel/ATmega_DFP/1.6.364/gcc/dev/atmega2560/avr6/crtatmega2560.o
 .debug_line    0x000001fa      0x297 Termostat.o
 .debug_line    0x00000491      0x94c src/libraries/LiquidCrystal/src/LiquidCrystal.o
 .debug_line    0x00000ddd      0x161 C:\Users\renep\Documents\Atmel Studio\7.0\Leapyear\Leapyear\ArduinoCore\Debug\libArduinoCore.a(main.o)
 .debug_line    0x00000f3e      0x681 C:\Users\renep\Documents\Atmel Studio\7.0\Leapyear\Leapyear\ArduinoCore\Debug\libArduinoCore.a(Print.o)
 .debug_line    0x000015bf      0x2cb C:\Users\renep\Documents\Atmel Studio\7.0\Leapyear\Leapyear\ArduinoCore\Debug\libArduinoCore.a(wiring.o)
 .debug_line    0x0000188a      0x2c4 C:\Users\renep\Documents\Atmel Studio\7.0\Leapyear\Leapyear\ArduinoCore\Debug\libArduinoCore.a(wiring_analog.o)
 .debug_line    0x00001b4e      0x284 C:\Users\renep\Documents\Atmel Studio\7.0\Leapyear\Leapyear\ArduinoCore\Debug\libArduinoCore.a(wiring_digital.o)

.debug_frame    0x00000000      0x950
 *(.debug_frame)
 .debug_frame   0x00000000       0x68 Termostat.o
 .debug_frame   0x00000068      0x354 src/libraries/LiquidCrystal/src/LiquidCrystal.o
 .debug_frame   0x000003bc       0x54 C:\Users\renep\Documents\Atmel Studio\7.0\Leapyear\Leapyear\ArduinoCore\Debug\libArduinoCore.a(main.o)
 .debug_frame   0x00000410      0x3ac C:\Users\renep\Documents\Atmel Studio\7.0\Leapyear\Leapyear\ArduinoCore\Debug\libArduinoCore.a(Print.o)
 .debug_frame   0x000007bc       0xc4 C:\Users\renep\Documents\Atmel Studio\7.0\Leapyear\Leapyear\ArduinoCore\Debug\libArduinoCore.a(wiring.o)
 .debug_frame   0x00000880       0x54 C:\Users\renep\Documents\Atmel Studio\7.0\Leapyear\Leapyear\ArduinoCore\Debug\libArduinoCore.a(wiring_analog.o)
 .debug_frame   0x000008d4       0x7c C:\Users\renep\Documents\Atmel Studio\7.0\Leapyear\Leapyear\ArduinoCore\Debug\libArduinoCore.a(wiring_digital.o)

.debug_str      0x00000000     0x1fc1
 *(.debug_str)
 .debug_str     0x00000000      0x3e6 C:/Program Files (x86)/Atmel/Studio/7.0/Packs/atmel/ATmega_DFP/1.6.364/gcc/dev/atmega2560/avr6/crtatmega2560.o
 .debug_str     0x000003e6      0x39c Termostat.o
                                0x3ea (size before relaxing)
 .debug_str     0x00000782      0x660 src/libraries/LiquidCrystal/src/LiquidCrystal.o
                                0x94e (size before relaxing)
 .debug_str     0x00000de2       0xa8 C:\Users\renep\Documents\Atmel Studio\7.0\Leapyear\Leapyear\ArduinoCore\Debug\libArduinoCore.a(main.o)
                                0x2b5 (size before relaxing)
 .debug_str     0x00000e8a      0xecf C:\Users\renep\Documents\Atmel Studio\7.0\Leapyear\Leapyear\ArduinoCore\Debug\libArduinoCore.a(Print.o)
                               0x1243 (size before relaxing)
 .debug_str     0x00001d59      0x158 C:\Users\renep\Documents\Atmel Studio\7.0\Leapyear\Leapyear\ArduinoCore\Debug\libArduinoCore.a(wiring.o)
                                0x24b (size before relaxing)
 .debug_str     0x00001eb1       0x67 C:\Users\renep\Documents\Atmel Studio\7.0\Leapyear\Leapyear\ArduinoCore\Debug\libArduinoCore.a(wiring_analog.o)
                                0x24f (size before relaxing)
 .debug_str     0x00001f18       0xa9 C:\Users\renep\Documents\Atmel Studio\7.0\Leapyear\Leapyear\ArduinoCore\Debug\libArduinoCore.a(wiring_digital.o)
                                0x2b0 (size before relaxing)

.debug_loc      0x00000000     0x4160
 *(.debug_loc)
 .debug_loc     0x00000000      0x157 Termostat.o
 .debug_loc     0x00000157     0x1a6e src/libraries/LiquidCrystal/src/LiquidCrystal.o
 .debug_loc     0x00001bc5     0x1c87 C:\Users\renep\Documents\Atmel Studio\7.0\Leapyear\Leapyear\ArduinoCore\Debug\libArduinoCore.a(Print.o)
 .debug_loc     0x0000384c      0x28d C:\Users\renep\Documents\Atmel Studio\7.0\Leapyear\Leapyear\ArduinoCore\Debug\libArduinoCore.a(wiring.o)
 .debug_loc     0x00003ad9      0x11c C:\Users\renep\Documents\Atmel Studio\7.0\Leapyear\Leapyear\ArduinoCore\Debug\libArduinoCore.a(wiring_analog.o)
 .debug_loc     0x00003bf5      0x56b C:\Users\renep\Documents\Atmel Studio\7.0\Leapyear\Leapyear\ArduinoCore\Debug\libArduinoCore.a(wiring_digital.o)

.debug_macinfo
 *(.debug_macinfo)

.debug_weaknames
 *(.debug_weaknames)

.debug_funcnames
 *(.debug_funcnames)

.debug_typenames
 *(.debug_typenames)

.debug_varnames
 *(.debug_varnames)

.debug_pubtypes
 *(.debug_pubtypes)

.debug_ranges   0x00000000      0x358
 *(.debug_ranges)
 .debug_ranges  0x00000000       0x20 Termostat.o
 .debug_ranges  0x00000020      0x178 src/libraries/LiquidCrystal/src/LiquidCrystal.o
 .debug_ranges  0x00000198       0x20 C:\Users\renep\Documents\Atmel Studio\7.0\Leapyear\Leapyear\ArduinoCore\Debug\libArduinoCore.a(main.o)
 .debug_ranges  0x000001b8      0x120 C:\Users\renep\Documents\Atmel Studio\7.0\Leapyear\Leapyear\ArduinoCore\Debug\libArduinoCore.a(Print.o)
 .debug_ranges  0x000002d8       0x38 C:\Users\renep\Documents\Atmel Studio\7.0\Leapyear\Leapyear\ArduinoCore\Debug\libArduinoCore.a(wiring.o)
 .debug_ranges  0x00000310       0x20 C:\Users\renep\Documents\Atmel Studio\7.0\Leapyear\Leapyear\ArduinoCore\Debug\libArduinoCore.a(wiring_analog.o)
 .debug_ranges  0x00000330       0x28 C:\Users\renep\Documents\Atmel Studio\7.0\Leapyear\Leapyear\ArduinoCore\Debug\libArduinoCore.a(wiring_digital.o)

.debug_macro
 *(.debug_macro)
OUTPUT(BareMinimum.elf elf32-avr)
LOAD linker stubs
