Archive member included to satisfy reference by file (symbol)

c:/program files (x86)/atmel/studio/7.0/toolchain/avr8/avr8-gnu-toolchain/bin/../lib/gcc/avr/5.4.0/../../../../avr/lib/avr6\libm.a(cmpsf2.o)
                              src/libraries/Wire/src/utility/twi.o (__ltsf2)
c:/program files (x86)/atmel/studio/7.0/toolchain/avr8/avr8-gnu-toolchain/bin/../lib/gcc/avr/5.4.0/../../../../avr/lib/avr6\libm.a(divsf3.o)
                              src/libraries/Wire/src/utility/twi.o (__divsf3)
c:/program files (x86)/atmel/studio/7.0/toolchain/avr8/avr8-gnu-toolchain/bin/../lib/gcc/avr/5.4.0/../../../../avr/lib/avr6\libm.a(divsf3x.o)
                              c:/program files (x86)/atmel/studio/7.0/toolchain/avr8/avr8-gnu-toolchain/bin/../lib/gcc/avr/5.4.0/../../../../avr/lib/avr6\libm.a(divsf3.o) (__divsf3x)
c:/program files (x86)/atmel/studio/7.0/toolchain/avr8/avr8-gnu-toolchain/bin/../lib/gcc/avr/5.4.0/../../../../avr/lib/avr6\libm.a(fixunssfsi.o)
                              src/libraries/Wire/src/utility/twi.o (__fixunssfsi)
c:/program files (x86)/atmel/studio/7.0/toolchain/avr8/avr8-gnu-toolchain/bin/../lib/gcc/avr/5.4.0/../../../../avr/lib/avr6\libm.a(fp_cmp.o)
                              c:/program files (x86)/atmel/studio/7.0/toolchain/avr8/avr8-gnu-toolchain/bin/../lib/gcc/avr/5.4.0/../../../../avr/lib/avr6\libm.a(cmpsf2.o) (__fp_cmp)
c:/program files (x86)/atmel/studio/7.0/toolchain/avr8/avr8-gnu-toolchain/bin/../lib/gcc/avr/5.4.0/../../../../avr/lib/avr6\libm.a(fp_inf.o)
                              c:/program files (x86)/atmel/studio/7.0/toolchain/avr8/avr8-gnu-toolchain/bin/../lib/gcc/avr/5.4.0/../../../../avr/lib/avr6\libm.a(divsf3x.o) (__fp_inf)
c:/program files (x86)/atmel/studio/7.0/toolchain/avr8/avr8-gnu-toolchain/bin/../lib/gcc/avr/5.4.0/../../../../avr/lib/avr6\libm.a(fp_nan.o)
                              c:/program files (x86)/atmel/studio/7.0/toolchain/avr8/avr8-gnu-toolchain/bin/../lib/gcc/avr/5.4.0/../../../../avr/lib/avr6\libm.a(divsf3x.o) (__fp_nan)
c:/program files (x86)/atmel/studio/7.0/toolchain/avr8/avr8-gnu-toolchain/bin/../lib/gcc/avr/5.4.0/../../../../avr/lib/avr6\libm.a(fp_pscA.o)
                              c:/program files (x86)/atmel/studio/7.0/toolchain/avr8/avr8-gnu-toolchain/bin/../lib/gcc/avr/5.4.0/../../../../avr/lib/avr6\libm.a(divsf3x.o) (__fp_pscA)
c:/program files (x86)/atmel/studio/7.0/toolchain/avr8/avr8-gnu-toolchain/bin/../lib/gcc/avr/5.4.0/../../../../avr/lib/avr6\libm.a(fp_pscB.o)
                              c:/program files (x86)/atmel/studio/7.0/toolchain/avr8/avr8-gnu-toolchain/bin/../lib/gcc/avr/5.4.0/../../../../avr/lib/avr6\libm.a(divsf3x.o) (__fp_pscB)
c:/program files (x86)/atmel/studio/7.0/toolchain/avr8/avr8-gnu-toolchain/bin/../lib/gcc/avr/5.4.0/../../../../avr/lib/avr6\libm.a(fp_round.o)
                              c:/program files (x86)/atmel/studio/7.0/toolchain/avr8/avr8-gnu-toolchain/bin/../lib/gcc/avr/5.4.0/../../../../avr/lib/avr6\libm.a(divsf3.o) (__fp_round)
c:/program files (x86)/atmel/studio/7.0/toolchain/avr8/avr8-gnu-toolchain/bin/../lib/gcc/avr/5.4.0/../../../../avr/lib/avr6\libm.a(fp_split3.o)
                              c:/program files (x86)/atmel/studio/7.0/toolchain/avr8/avr8-gnu-toolchain/bin/../lib/gcc/avr/5.4.0/../../../../avr/lib/avr6\libm.a(divsf3x.o) (__fp_split3)
c:/program files (x86)/atmel/studio/7.0/toolchain/avr8/avr8-gnu-toolchain/bin/../lib/gcc/avr/5.4.0/../../../../avr/lib/avr6\libm.a(fp_zero.o)
                              c:/program files (x86)/atmel/studio/7.0/toolchain/avr8/avr8-gnu-toolchain/bin/../lib/gcc/avr/5.4.0/../../../../avr/lib/avr6\libm.a(fixunssfsi.o) (__fp_zero)
c:/program files (x86)/atmel/studio/7.0/toolchain/avr8/avr8-gnu-toolchain/bin/../lib/gcc/avr/5.4.0/../../../../avr/lib/avr6\libm.a(gesf2.o)
                              src/libraries/Wire/src/utility/twi.o (__gtsf2)
c:/program files (x86)/atmel/studio/7.0/toolchain/avr8/avr8-gnu-toolchain/bin/../lib/gcc/avr/5.4.0/../../../../avr/lib/avr6\libm.a(mulsf3.o)
                              src/libraries/Wire/src/utility/twi.o (__mulsf3)
c:/program files (x86)/atmel/studio/7.0/toolchain/avr8/avr8-gnu-toolchain/bin/../lib/gcc/avr/5.4.0/../../../../avr/lib/avr6\libm.a(mulsf3x.o)
                              c:/program files (x86)/atmel/studio/7.0/toolchain/avr8/avr8-gnu-toolchain/bin/../lib/gcc/avr/5.4.0/../../../../avr/lib/avr6\libm.a(mulsf3.o) (__mulsf3x)
C:\Users\renep\Documents\Atmel Studio\7.0\Leapyear\Leapyear\ArduinoCore\Debug\libArduinoCore.a(abi.o)
                              src/libraries/Wire/src/Wire.o (__cxa_pure_virtual)
C:\Users\renep\Documents\Atmel Studio\7.0\Leapyear\Leapyear\ArduinoCore\Debug\libArduinoCore.a(HardwareSerial.o)
                              OLED.o (_ZN14HardwareSerial5beginEmh)
C:\Users\renep\Documents\Atmel Studio\7.0\Leapyear\Leapyear\ArduinoCore\Debug\libArduinoCore.a(HardwareSerial0.o)
                              OLED.o (Serial)
[...]
Memory Configuration

Name             Origin             Length             Attributes
text             0x00000000         0x00040000         xr
data             0x00800200         0x00002000         rw !x
eeprom           0x00810000         0x00001000         rw !x
fuse             0x00820000         0x00000003         rw !x
lock             0x00830000         0x00000400         rw !x
signature        0x00840000         0x00000400         rw !x
user_signatures  0x00850000         0x00000400         rw !x
*default*        0x00000000         0xffffffff

Linker script and memory map

Address of section .data set to 0x800200
LOAD C:/Program Files (x86)/Atmel/Studio/7.0/Packs/atmel/ATmega_DFP/1.6.364/gcc/dev/atmega2560/avr6/crtatmega2560.o
LOAD src/libraries/Wire/src/utility/twi.o
LOAD src/libraries/Wire/src/Wire.o
LOAD OLED.o
LOAD src/libraries/Adafruit_BusIO/Adafruit_BusIO_Register.o
LOAD src/libraries/Adafruit_BusIO/Adafruit_I2CDevice.o
LOAD src/libraries/Adafruit_BusIO/Adafruit_SPIDevice.o
LOAD src/libraries/Adafruit_GFX_Library/Adafruit_GFX.o
LOAD src/libraries/Adafruit_GFX_Library/Adafruit_GrayOLED.o
LOAD src/libraries/Adafruit_GFX_Library/Adafruit_SPITFT.o
LOAD src/libraries/Adafruit_GFX_Library/examples/GFXcanvas/GFXcanvasSerialDemo.o
LOAD src/libraries/Adafruit_GFX_Library/fontconvert/fontconvert.o
LOAD src/libraries/Adafruit_GFX_Library/glcdfont.o
LOAD src/libraries/Adafruit_SSD1306/Adafruit_SSD1306.o
LOAD src/libraries/MFRC522/src/MFRC522.o
LOAD src/libraries/MFRC522/src/MFRC522Extended.o
LOAD src/libraries/SPI/src/SPI.o
LOAD src/libraries/Servo/src/avr/Servo.o
LOAD src/libraries/Servo/src/mbed/Servo.o
LOAD src/libraries/Servo/src/megaavr/Servo.o
LOAD src/libraries/Servo/src/nrf52/Servo.o
LOAD src/libraries/Servo/src/samd/Servo.o
LOAD src/libraries/Servo/src/sam/Servo.o
LOAD src/libraries/Servo/src/stm32f4/Servo.o
LOAD src/libraries/Keypad/src/Key.o
LOAD src/libraries/Keypad/src/Keypad.o
LOAD src/libraries/LiquidCrystal/src/LiquidCrystal.o
START GROUP
LOAD c:/program files (x86)/atmel/studio/7.0/toolchain/avr8/avr8-gnu-toolchain/bin/../lib/gcc/avr/5.4.0/../../../../avr/lib/avr6\libm.a
LOAD C:\Users\renep\Documents\Atmel Studio\7.0\Leapyear\Leapyear\ArduinoCore\Debug\libArduinoCore.a
END GROUP
LOAD c:/program files (x86)/atmel/studio/7.0/toolchain/avr8/avr8-gnu-toolchain/bin/../lib/gcc/avr/5.4.0/avr6\libgcc.a
LOAD c:/program files (x86)/atmel/studio/7.0/toolchain/avr8/avr8-gnu-toolchain/bin/../lib/gcc/avr/5.4.0/../../../../avr/lib/avr6\libm.a
START GROUP
LOAD c:/program files (x86)/atmel/studio/7.0/toolchain/avr8/avr8-gnu-toolchain/bin/../lib/gcc/avr/5.4.0/avr6\libgcc.a
LOAD c:/program files (x86)/atmel/studio/7.0/toolchain/avr8/avr8-gnu-toolchain/bin/../lib/gcc/avr/5.4.0/../../../../avr/lib/avr6\libm.a
LOAD c:/program files (x86)/atmel/studio/7.0/toolchain/avr8/avr8-gnu-toolchain/bin/../lib/gcc/avr/5.4.0/../../../../avr/lib/avr6\libc.a
LOAD C:/Program Files (x86)/Atmel/Studio/7.0/Packs/atmel/ATmega_DFP/1.6.364/gcc/dev/atmega2560/avr6\libatmega2560.a
END GROUP
                0x00000000                __TEXT_REGION_ORIGIN__ = DEFINED (__TEXT_REGION_ORIGIN__)?__TEXT_REGION_ORIGIN__:0x0
                [0x00800200]                __DATA_REGION_ORIGIN__ = DEFINED (__DATA_REGION_ORIGIN__)?__DATA_REGION_ORIGIN__:0x800200
                [0x00040000]                __TEXT_REGION_LENGTH__ = DEFINED (__TEXT_REGION_LENGTH__)?__TEXT_REGION_LENGTH__:0x100000
                [0x00002000]                __DATA_REGION_LENGTH__ = DEFINED (__DATA_REGION_LENGTH__)?__DATA_REGION_LENGTH__:0xfe00
                [0x00001000]                __EEPROM_REGION_LENGTH__ = DEFINED (__EEPROM_REGION_LENGTH__)?__EEPROM_REGION_LENGTH__:0x10000
                [0x00000003]                __FUSE_REGION_LENGTH__ = DEFINED (__FUSE_REGION_LENGTH__)?__FUSE_REGION_LENGTH__:0x400
                0x00000400                __LOCK_REGION_LENGTH__ = DEFINED (__LOCK_REGION_LENGTH__)?__LOCK_REGION_LENGTH__:0x400
                0x00000400                __SIGNATURE_REGION_LENGTH__ = DEFINED (__SIGNATURE_REGION_LENGTH__)?__SIGNATURE_REGION_LENGTH__:0x400
                0x00000400                __USER_SIGNATURE_REGION_LENGTH__ = DEFINED (__USER_SIGNATURE_REGION_LENGTH__)?__USER_SIGNATURE_REGION_LENGTH__:0x400

.hash
 *(.hash)

.dynsym
 *(.dynsym)

.dynstr
 *(.dynstr)

.gnu.version
 *(.gnu.version)

.gnu.version_d
 *(.gnu.version_d)

.gnu.version_r
 *(.gnu.version_r)

.rel.init
 *(.rel.init)

.rela.init
 *(.rela.init)

.rel.text
 *(.rel.text)
 *(.rel.text.*)
 *(.rel.gnu.linkonce.t*)

.rela.text
 *(.rela.text)
 *(.rela.text.*)
 *(.rela.gnu.linkonce.t*)

.rel.fini
 *(.rel.fini)

.rela.fini
 *(.rela.fini)

.rel.rodata
 *(.rel.rodata)
 *(.rel.rodata.*)
 *(.rel.gnu.linkonce.r*)

.rela.rodata
 *(.rela.rodata)
 *(.rela.rodata.*)
 *(.rela.gnu.linkonce.r*)

.rel.data
 *(.rel.data)
 *(.rel.data.*)
 *(.rel.gnu.linkonce.d*)

.rela.data
 *(.rela.data)
 *(.rela.data.*)
 *(.rela.gnu.linkonce.d*)

.rel.ctors
 *(.rel.ctors)

.rela.ctors
 *(.rela.ctors)

.rel.dtors
 *(.rel.dtors)

.rela.dtors
 *(.rela.dtors)

.rel.got
 *(.rel.got)

.rela.got
 *(.rela.got)

.rel.bss
 *(.rel.bss)

.rela.bss
 *(.rela.bss)

.rel.plt
 *(.rel.plt)

.rela.plt
 *(.rela.plt)

.text           0x00000000     0x6e3e
 *(.vectors)
 .vectors       0x00000000       0xe4 C:/Program Files (x86)/Atmel/Studio/7.0/Packs/atmel/ATmega_DFP/1.6.364/gcc/dev/atmega2560/avr6/crtatmega2560.o
                0x00000000                __vector_default
                0x00000000                __vectors
 *(.vectors)
 *(.progmem.gcc*)
 .progmem.gcc_sw_table.__vector_39
                0x000000e4      0x1f2 src/libraries/Wire/src/utility/twi.o
 .progmem.gcc_sw_table.turnOffPWM
                0x000002d6       0x24 C:\Users\renep\Documents\Atmel Studio\7.0\Leapyear\Leapyear\ArduinoCore\Debug\libArduinoCore.a(wiring_digital.o)
                0x000002fa                . = ALIGN (0x2)
                0x000002fa                __trampolines_start = .
 *(.trampolines)
 .trampolines   0x000002fa        0x0 linker stubs
 *(.trampolines*)
                0x000002fa                __trampolines_end = .
 *libprintf_flt.a:*(.progmem.data)
 *libc.a:*(.progmem.data)
 *(.progmem*)
 .progmem.data._ZZ5setupE3__c
                0x000002fa       0x1a OLED.o
 .progmem.data._ZZ4loopE3__c
                0x00000314       0x68 OLED.o
 .progmem.data._ZL4font
                0x0000037c      0x500 src/libraries/Adafruit_GFX_Library/Adafruit_GFX.o
 .progmem.data._ZL12splash1_data
                0x0000087c      0x2c0 src/libraries/Adafruit_SSD1306/Adafruit_SSD1306.o
 .progmem.data._ZL12splash2_data
                0x00000b3c      0x1e0 src/libraries/Adafruit_SSD1306/Adafruit_SSD1306.o
 .progmem.data._ZZN16Adafruit_SSD13065beginEhhbbE5init1
                0x00000d1c        0x4 src/libraries/Adafruit_SSD1306/Adafruit_SSD1306.o
 .progmem.data._ZZN16Adafruit_SSD13065beginEhhbbE5init2
                0x00000d20        0x4 src/libraries/Adafruit_SSD1306/Adafruit_SSD1306.o
 .progmem.data._ZZN16Adafruit_SSD13065beginEhhbbE5init3
                0x00000d24        0x4 src/libraries/Adafruit_SSD1306/Adafruit_SSD1306.o
 .progmem.data._ZZN16Adafruit_SSD13065beginEhhbbE5init5
                0x00000d28        0x6 src/libraries/Adafruit_SSD1306/Adafruit_SSD1306.o
 .progmem.data._ZZN16Adafruit_SSD130621drawFastVLineInternalEiiijE7premask
                0x00000d2e        0x8 src/libraries/Adafruit_SSD1306/Adafruit_SSD1306.o
 .progmem.data._ZZN16Adafruit_SSD130621drawFastVLineInternalEiiijE8postmask
                0x00000d36        0x8 src/libraries/Adafruit_SSD1306/Adafruit_SSD1306.o
 .progmem.data._ZZN16Adafruit_SSD13067displayEvE6dlist1
                0x00000d3e        0x5 src/libraries/Adafruit_SSD1306/Adafruit_SSD1306.o
 .progmem.data.digital_pin_to_timer_PGM
                0x00000d43       0x46 C:\Users\renep\Documents\Atmel Studio\7.0\Leapyear\Leapyear\ArduinoCore\Debug\libArduinoCore.a(wiring_digital.o)
                0x00000d43                digital_pin_to_timer_PGM
 .progmem.data.digital_pin_to_bit_mask_PGM
                0x00000d89       0x46 C:\Users\renep\Documents\Atmel Studio\7.0\Leapyear\Leapyear\ArduinoCore\Debug\libArduinoCore.a(wiring_digital.o)
                0x00000d89                digital_pin_to_bit_mask_PGM
 .progmem.data.digital_pin_to_port_PGM
                0x00000dcf       0x46 C:\Users\renep\Documents\Atmel Studio\7.0\Leapyear\Leapyear\ArduinoCore\Debug\libArduinoCore.a(wiring_digital.o)
                0x00000dcf                digital_pin_to_port_PGM
 .progmem.data.port_to_output_PGM
                0x00000e15       0x1a C:\Users\renep\Documents\Atmel Studio\7.0\Leapyear\Leapyear\ArduinoCore\Debug\libArduinoCore.a(wiring_digital.o)
                0x00000e15                port_to_output_PGM
 .progmem.data.port_to_mode_PGM
                0x00000e2f       0x1a C:\Users\renep\Documents\Atmel Studio\7.0\Leapyear\Leapyear\ArduinoCore\Debug\libArduinoCore.a(wiring_digital.o)
                0x00000e2f                port_to_mode_PGM
                0x00000e4a                . = ALIGN (0x2)
 *fill*         0x00000e49        0x1 
 *(.jumptables)
 *(.jumptables*)
 *(.lowtext)
 *(.lowtext*)
                0x00000e4a                __ctors_start = .
 *(.ctors)
 .ctors         0x00000e4a        0x2 src/libraries/Wire/src/Wire.o
 .ctors         0x00000e4c        0x2 OLED.o
 .ctors         0x00000e4e        0x2 C:\Users\renep\Documents\Atmel Studio\7.0\Leapyear\Leapyear\ArduinoCore\Debug\libArduinoCore.a(HardwareSerial0.o)
                0x00000e50                __ctors_end = .
                0x00000e50                __dtors_start = .
 *(.dtors)
 .dtors         0x00000e50        0x2 OLED.o
                0x00000e52                __dtors_end = .
 SORT(*)(.ctors)
 SORT(*)(.dtors)
 *(.init0)
 .init0         0x00000e52        0x0 C:/Program Files (x86)/Atmel/Studio/7.0/Packs/atmel/ATmega_DFP/1.6.364/gcc/dev/atmega2560/avr6/crtatmega2560.o
                0x00000e52                __init
 *(.init0)
 *(.init1)
 *(.init1)
 *(.init2)
 .init2         0x00000e52       0x10 C:/Program Files (x86)/Atmel/Studio/7.0/Packs/atmel/ATmega_DFP/1.6.364/gcc/dev/atmega2560/avr6/crtatmega2560.o
 *(.init2)
 *(.init3)
 *(.init3)
 *(.init4)
 .init4         0x00000e62       0x1a c:/program files (x86)/atmel/studio/7.0/toolchain/avr8/avr8-gnu-toolchain/bin/../lib/gcc/avr/5.4.0/avr6\libgcc.a(_copy_data.o)
                0x00000e62                __do_copy_data
 .init4         0x00000e7c       0x10 c:/program files (x86)/atmel/studio/7.0/toolchain/avr8/avr8-gnu-toolchain/bin/../lib/gcc/avr/5.4.0/avr6\libgcc.a(_clear_bss.o)
                0x00000e7c                __do_clear_bss
 *(.init4)
 *(.init5)
 *(.init5)
 *(.init6)
 .init6         0x00000e8c       0x20 c:/program files (x86)/atmel/studio/7.0/toolchain/avr8/avr8-gnu-toolchain/bin/../lib/gcc/avr/5.4.0/avr6\libgcc.a(_ctors.o)
                0x00000e8c                __do_global_ctors
 *(.init6)
 *(.init7)
 *(.init7)
 *(.init8)
 *(.init8)
 *(.init9)
 .init9         0x00000eac        0x8 C:/Program Files (x86)/Atmel/Studio/7.0/Packs/atmel/ATmega_DFP/1.6.364/gcc/dev/atmega2560/avr6/crtatmega2560.o
 *(.init9)
 *(.text)
 .text          0x00000eb4        0x2 C:/Program Files (x86)/Atmel/Studio/7.0/Packs/atmel/ATmega_DFP/1.6.364/gcc/dev/atmega2560/avr6/crtatmega2560.o
                0x00000eb4                __vector_38
                0x00000eb4                __vector_22
                0x00000eb4                __vector_28
                0x00000eb4                __vector_1
                0x00000eb4                __vector_34
                0x00000eb4                __vector_24
                0x00000eb4                __vector_12
                0x00000eb4                __vector_55
                0x00000eb4                __vector_46
                0x00000eb4                __bad_interrupt
                0x00000eb4                __vector_6
                0x00000eb4                __vector_31
                0x00000eb4                __vector_35
                0x00000eb4                __vector_3
                0x00000eb4                __vector_30
                0x00000eb4                __vector_45
                0x00000eb4                __vector_11
                0x00000eb4                __vector_54
                0x00000eb4                __vector_13
                0x00000eb4                __vector_19
                0x00000eb4                __vector_56
                0x00000eb4                __vector_7
                0x00000eb4                __vector_49
                0x00000eb4                __vector_41
                0x00000eb4                __vector_43
                0x00000eb4                __vector_27
                0x00000eb4                __vector_5
                0x00000eb4                __vector_33
                0x00000eb4                __vector_52
                0x00000eb4                __vector_37
                0x00000eb4                __vector_4
                0x00000eb4                __vector_44
                0x00000eb4                __vector_51
                0x00000eb4                __vector_9
                0x00000eb4                __vector_2
                0x00000eb4                __vector_21
                0x00000eb4                __vector_15
                0x00000eb4                __vector_36
                0x00000eb4                __vector_29
                0x00000eb4                __vector_40
                0x00000eb4                __vector_8
                0x00000eb4                __vector_48
                0x00000eb4                __vector_14
                0x00000eb4                __vector_53
                0x00000eb4                __vector_10
                0x00000eb4                __vector_50
                0x00000eb4                __vector_16
                0x00000eb4                __vector_18
                0x00000eb4                __vector_20
                0x00000eb6                . = ALIGN (0x2)
 *(.text.*)
 .text.twi_init
                0x00000eb6       0x66 src/libraries/Wire/src/utility/twi.o
                0x00000eb6                twi_init
 .text.twi_disable
                0x00000f1c       0x32 src/libraries/Wire/src/utility/twi.o
                0x00000f1c                twi_disable
 .text.twi_setFrequency
                0x00000f4e       0x5e src/libraries/Wire/src/utility/twi.o
                0x00000f4e                twi_setFrequency
 .text.twi_writeTo
                0x00000fac      0x258 src/libraries/Wire/src/utility/twi.o
                0x00000fac                twi_writeTo
 .text.twi_transmit
                0x00001204       0x92 src/libraries/Wire/src/utility/twi.o
                0x00001204                twi_transmit
 .text.twi_attachSlaveRxEvent
                0x00001296       0x28 src/libraries/Wire/src/utility/twi.o
                0x00001296                twi_attachSlaveRxEvent
 .text.twi_attachSlaveTxEvent
                0x000012be       0x28 src/libraries/Wire/src/utility/twi.o
                0x000012be                twi_attachSlaveTxEvent
 .text.twi_reply
                0x000012e6       0x32 src/libraries/Wire/src/utility/twi.o
                0x000012e6                twi_reply
 .text.twi_stop
                0x00001318      0x2c0 src/libraries/Wire/src/utility/twi.o
                0x00001318                twi_stop
 .text.twi_releaseBus
                0x000015d8       0x1e src/libraries/Wire/src/utility/twi.o
                0x000015d8                twi_releaseBus
 .text.twi_handleTimeout
                0x000015f6       0x52 src/libraries/Wire/src/utility/twi.o
                0x000015f6                twi_handleTimeout
 .text.__vector_39
                0x00001648      0x29a src/libraries/Wire/src/utility/twi.o
                0x00001648                __vector_39
 .text._ZN5Print13setWriteErrorEi
                0x000018e2       0x32 src/libraries/Wire/src/Wire.o
                0x000018e2                _ZN5Print13setWriteErrorEi
 .text._ZN5PrintC2Ev
                0x00001914       0x34 src/libraries/Wire/src/Wire.o
                0x00001914                _ZN5PrintC2Ev
                0x00001914                _ZN5PrintC1Ev
 .text._ZN5Print17availableForWriteEv
                0x00001948       0x1e src/libraries/Wire/src/Wire.o
                0x00001948                _ZN5Print17availableForWriteEv
 .text._ZN5Print5flushEv
                0x00001966       0x1c src/libraries/Wire/src/Wire.o
                0x00001966                _ZN5Print5flushEv
 .text._ZN6StreamC2Ev
                0x00001982       0x46 src/libraries/Wire/src/Wire.o
                0x00001982                _ZN6StreamC1Ev
                0x00001982                _ZN6StreamC2Ev
 .text._ZN7TwoWireC2Ev
                0x000019c8       0x30 src/libraries/Wire/src/Wire.o
                0x000019c8                _ZN7TwoWireC1Ev
                0x000019c8                _ZN7TwoWireC2Ev
 .text._ZN7TwoWire5beginEv
                0x000019f8       0x3a src/libraries/Wire/src/Wire.o
                0x000019f8                _ZN7TwoWire5beginEv
 .text._ZN7TwoWire8setClockEm
                0x00001a32       0x3a src/libraries/Wire/src/Wire.o
                0x00001a32                _ZN7TwoWire8setClockEm
 .text._ZN7TwoWire17beginTransmissionEh
                0x00001a6c       0x32 src/libraries/Wire/src/Wire.o
                0x00001a6c                _ZN7TwoWire17beginTransmissionEh
 .text._ZN7TwoWire17beginTransmissionEi
                0x00001a9e       0x2e src/libraries/Wire/src/Wire.o
                0x00001a9e                _ZN7TwoWire17beginTransmissionEi
 .text._ZN7TwoWire15endTransmissionEh
                0x00001acc       0x48 src/libraries/Wire/src/Wire.o
                0x00001acc                _ZN7TwoWire15endTransmissionEh
 .text._ZN7TwoWire15endTransmissionEv
                0x00001b14       0x22 src/libraries/Wire/src/Wire.o
                0x00001b14                _ZN7TwoWire15endTransmissionEv
 .text._ZN7TwoWire5writeEh
                0x00001b36       0x6e src/libraries/Wire/src/Wire.o
                0x00001b36                _ZN7TwoWire5writeEh
 .text._ZN7TwoWire5writeEPKhj
                0x00001ba4       0x90 src/libraries/Wire/src/Wire.o
                0x00001ba4                _ZN7TwoWire5writeEPKhj
 .text._ZN7TwoWire9availableEv
                0x00001c34       0x32 src/libraries/Wire/src/Wire.o
                0x00001c34                _ZN7TwoWire9availableEv
 .text._ZN7TwoWire4readEv
                0x00001c66       0x58 src/libraries/Wire/src/Wire.o
                0x00001c66                _ZN7TwoWire4readEv
 .text._ZN7TwoWire4peekEv
                0x00001cbe       0x4e src/libraries/Wire/src/Wire.o
                0x00001cbe                _ZN7TwoWire4peekEv
 .text._ZN7TwoWire5flushEv
                0x00001d0c       0x1c src/libraries/Wire/src/Wire.o
                0x00001d0c                _ZN7TwoWire5flushEv
 .text._ZN7TwoWire16onReceiveServiceEPhi
                0x00001d28       0x9a src/libraries/Wire/src/Wire.o
                0x00001d28                _ZN7TwoWire16onReceiveServiceEPhi
 .text._ZN7TwoWire16onRequestServiceEv
                0x00001dc2       0x32 src/libraries/Wire/src/Wire.o
                0x00001dc2                _ZN7TwoWire16onRequestServiceEv
 .text._Z41__static_initialization_and_destruction_0ii
                0x00001df4       0x3a src/libraries/Wire/src/Wire.o
 .text._GLOBAL__sub_I__ZN7TwoWire8rxBufferE
                0x00001e2e       0x18 src/libraries/Wire/src/Wire.o
 .text._ZN14HardwareSerial5beginEm
                0x00001e46       0x44 OLED.o
                0x00001e46                _ZN14HardwareSerial5beginEm
 .text._ZN12Adafruit_GFX9setCursorEii
                0x00001e8a       0x48 OLED.o
                0x00001e8a                _ZN12Adafruit_GFX9setCursorEii
 .text._ZN12Adafruit_GFX12setTextColorEj
                0x00001ed2       0x46 OLED.o
                0x00001ed2                _ZN12Adafruit_GFX12setTextColorEj
 .text.setup    0x00001f18       0x4c OLED.o
                0x00001f18                setup
 .text.loop     0x00001f64       0x5c OLED.o
                0x00001f64                loop
 .text._Z41__static_initialization_and_destruction_0ii
                0x00001fc0       0xa6 OLED.o
 .text._GLOBAL__sub_I_display
                0x00002066       0x18 OLED.o
 .text._GLOBAL__sub_D_display
                0x0000207e       0x18 OLED.o
 .text._ZN8SPIClass16beginTransactionE11SPISettings
                0x00002096       0x84 src/libraries/Adafruit_BusIO/Adafruit_SPIDevice.o
                0x00002096                _ZN8SPIClass16beginTransactionE11SPISettings
 .text._ZN8SPIClass14endTransactionEv
                0x0000211a       0x54 src/libraries/Adafruit_BusIO/Adafruit_SPIDevice.o
                0x0000211a                _ZN8SPIClass14endTransactionEv
 .text._ZNK12Adafruit_GFX5widthEv
                0x0000216e       0x24 src/libraries/Adafruit_GFX_Library/Adafruit_GFX.o
                0x0000216e                _ZNK12Adafruit_GFX5widthEv
 .text._ZNK12Adafruit_GFX6heightEv
                0x00002192       0x24 src/libraries/Adafruit_GFX_Library/Adafruit_GFX.o
                0x00002192                _ZNK12Adafruit_GFX6heightEv
 .text._ZNK12Adafruit_GFX11getRotationEv
                0x000021b6       0x22 src/libraries/Adafruit_GFX_Library/Adafruit_GFX.o
                0x000021b6                _ZNK12Adafruit_GFX11getRotationEv
 .text._Z18pgm_read_glyph_ptrPK7GFXfonth
                0x000021d8       0x6e src/libraries/Adafruit_GFX_Library/Adafruit_GFX.o
                0x000021d8                _Z18pgm_read_glyph_ptrPK7GFXfonth
 .text._Z19pgm_read_bitmap_ptrPK7GFXfont
                0x00002246       0x42 src/libraries/Adafruit_GFX_Library/Adafruit_GFX.o
                0x00002246                _Z19pgm_read_bitmap_ptrPK7GFXfont
 .text._ZN12Adafruit_GFXC2Eii
                0x00002288      0x102 src/libraries/Adafruit_GFX_Library/Adafruit_GFX.o
                0x00002288                _ZN12Adafruit_GFXC2Eii
                0x00002288                _ZN12Adafruit_GFXC1Eii
 .text._ZN12Adafruit_GFX9writeLineEiiiij
                0x0000238a      0x21c src/libraries/Adafruit_GFX_Library/Adafruit_GFX.o
                0x0000238a                _ZN12Adafruit_GFX9writeLineEiiiij
 .text._ZN12Adafruit_GFX10startWriteEv
                0x000025a6       0x1c src/libraries/Adafruit_GFX_Library/Adafruit_GFX.o
                0x000025a6                _ZN12Adafruit_GFX10startWriteEv
 .text._ZN12Adafruit_GFX10writePixelEiij
                0x000025c2       0x5c src/libraries/Adafruit_GFX_Library/Adafruit_GFX.o
                0x000025c2                _ZN12Adafruit_GFX10writePixelEiij
 .text._ZN12Adafruit_GFX14writeFastVLineEiiij
                0x0000261e       0x6e src/libraries/Adafruit_GFX_Library/Adafruit_GFX.o
                0x0000261e                _ZN12Adafruit_GFX14writeFastVLineEiiij
 .text._ZN12Adafruit_GFX14writeFastHLineEiiij
                0x0000268c       0x6e src/libraries/Adafruit_GFX_Library/Adafruit_GFX.o
                0x0000268c                _ZN12Adafruit_GFX14writeFastHLineEiiij
 .text._ZN12Adafruit_GFX13writeFillRectEiiiij
                0x000026fa       0x80 src/libraries/Adafruit_GFX_Library/Adafruit_GFX.o
                0x000026fa                _ZN12Adafruit_GFX13writeFillRectEiiiij
 .text._ZN12Adafruit_GFX8endWriteEv
                0x0000277a       0x1c src/libraries/Adafruit_GFX_Library/Adafruit_GFX.o
                0x0000277a                _ZN12Adafruit_GFX8endWriteEv
 .text._ZN12Adafruit_GFX13drawFastVLineEiiij
                0x00002796       0xbc src/libraries/Adafruit_GFX_Library/Adafruit_GFX.o
                0x00002796                _ZN12Adafruit_GFX13drawFastVLineEiiij
 .text._ZN12Adafruit_GFX13drawFastHLineEiiij
                0x00002852       0xbe src/libraries/Adafruit_GFX_Library/Adafruit_GFX.o
                0x00002852                _ZN12Adafruit_GFX13drawFastHLineEiiij
 .text._ZN12Adafruit_GFX8fillRectEiiiij
                0x00002910       0xd8 src/libraries/Adafruit_GFX_Library/Adafruit_GFX.o
                0x00002910                _ZN12Adafruit_GFX8fillRectEiiiij
 .text._ZN12Adafruit_GFX10fillScreenEj
                0x000029e8       0x78 src/libraries/Adafruit_GFX_Library/Adafruit_GFX.o
                0x000029e8                _ZN12Adafruit_GFX10fillScreenEj
 .text._ZN12Adafruit_GFX8drawLineEiiiij
                0x00002a60      0x198 src/libraries/Adafruit_GFX_Library/Adafruit_GFX.o
                0x00002a60                _ZN12Adafruit_GFX8drawLineEiiiij
 .text._ZN12Adafruit_GFX8drawRectEiiiij
                0x00002bf8      0x148 src/libraries/Adafruit_GFX_Library/Adafruit_GFX.o
                0x00002bf8                _ZN12Adafruit_GFX8drawRectEiiiij
 .text._ZN12Adafruit_GFX10drawBitmapEiiPKhiij
                0x00002d40      0x18c src/libraries/Adafruit_GFX_Library/Adafruit_GFX.o
                0x00002d40                _ZN12Adafruit_GFX10drawBitmapEiiPKhiij
 .text._ZN12Adafruit_GFX8drawCharEiihjjhh
                0x00002ecc      0x6a4 src/libraries/Adafruit_GFX_Library/Adafruit_GFX.o
                0x00002ecc                _ZN12Adafruit_GFX8drawCharEiihjjhh
 .text._ZN12Adafruit_GFX5writeEh
                0x00003570      0x430 src/libraries/Adafruit_GFX_Library/Adafruit_GFX.o
                0x00003570                _ZN12Adafruit_GFX5writeEh
 .text._ZN12Adafruit_GFX11setTextSizeEh
                0x000039a0       0x28 src/libraries/Adafruit_GFX_Library/Adafruit_GFX.o
                0x000039a0                _ZN12Adafruit_GFX11setTextSizeEh
 .text._ZN12Adafruit_GFX11setTextSizeEhh
                0x000039c8       0x4c src/libraries/Adafruit_GFX_Library/Adafruit_GFX.o
                0x000039c8                _ZN12Adafruit_GFX11setTextSizeEhh
 .text._ZN12Adafruit_GFX11setRotationEh
                0x00003a14       0xaa src/libraries/Adafruit_GFX_Library/Adafruit_GFX.o
                0x00003a14                _ZN12Adafruit_GFX11setRotationEh
 .text._ZN12Adafruit_GFX13invertDisplayEb
                0x00003abe       0x1e src/libraries/Adafruit_GFX_Library/Adafruit_GFX.o
                0x00003abe                _ZN12Adafruit_GFX13invertDisplayEb
 .text._ZN8SPIClass8transferEh
                0x00003adc       0x3e src/libraries/Adafruit_GFX_Library/Adafruit_SPITFT.o
                0x00003adc                _ZN8SPIClass8transferEh
 .text._ZN11SPISettingsC2Ev
                0x00003b1a       0xe8 src/libraries/Adafruit_SSD1306/Adafruit_SSD1306.o
                0x00003b1a                _ZN11SPISettingsC2Ev
                0x00003b1a                _ZN11SPISettingsC1Ev
 .text._ZN16Adafruit_SSD1306C2EhhP7TwoWireamm
                0x00003c02      0x124 src/libraries/Adafruit_SSD1306/Adafruit_SSD1306.o
                0x00003c02                _ZN16Adafruit_SSD1306C2EhhP7TwoWireamm
                0x00003c02                _ZN16Adafruit_SSD1306C1EhhP7TwoWireamm
 .text._ZN16Adafruit_SSD1306D2Ev
                0x00003d26       0x50 src/libraries/Adafruit_SSD1306/Adafruit_SSD1306.o
                0x00003d26                _ZN16Adafruit_SSD1306D1Ev
                0x00003d26                _ZN16Adafruit_SSD1306D2Ev
 .text._ZN16Adafruit_SSD130616ssd1306_command1Eh
                0x00003d76      0x1c6 src/libraries/Adafruit_SSD1306/Adafruit_SSD1306.o
                0x00003d76                _ZN16Adafruit_SSD130616ssd1306_command1Eh
 .text._ZN16Adafruit_SSD130619ssd1306_commandListEPKhh
                0x00003f3c      0x2a6 src/libraries/Adafruit_SSD1306/Adafruit_SSD1306.o
                0x00003f3c                _ZN16Adafruit_SSD130619ssd1306_commandListEPKhh
 .text._ZN16Adafruit_SSD13065beginEhhbb
                0x000041e2      0x71e src/libraries/Adafruit_SSD1306/Adafruit_SSD1306.o
                0x000041e2                _ZN16Adafruit_SSD13065beginEhhbb
 .text._ZN16Adafruit_SSD13069drawPixelEiij
                0x00004900      0x382 src/libraries/Adafruit_SSD1306/Adafruit_SSD1306.o
                0x00004900                _ZN16Adafruit_SSD13069drawPixelEiij
 .text._ZN16Adafruit_SSD130612clearDisplayEv
                0x00004c82       0x6a src/libraries/Adafruit_SSD1306/Adafruit_SSD1306.o
                0x00004c82                _ZN16Adafruit_SSD130612clearDisplayEv
 .text._ZN16Adafruit_SSD130613drawFastHLineEiiij
                0x00004cec      0x1a8 src/libraries/Adafruit_SSD1306/Adafruit_SSD1306.o
                0x00004cec                _ZN16Adafruit_SSD130613drawFastHLineEiiij
 .text._ZN16Adafruit_SSD130621drawFastHLineInternalEiiij
                0x00004e94      0x1f0 src/libraries/Adafruit_SSD1306/Adafruit_SSD1306.o
                0x00004e94                _ZN16Adafruit_SSD130621drawFastHLineInternalEiiij
 .text._ZN16Adafruit_SSD130613drawFastVLineEiiij
                0x00005084      0x1a8 src/libraries/Adafruit_SSD1306/Adafruit_SSD1306.o
                0x00005084                _ZN16Adafruit_SSD130613drawFastVLineEiiij
 .text._ZN16Adafruit_SSD130621drawFastVLineInternalEiiij
                0x0000522c      0x312 src/libraries/Adafruit_SSD1306/Adafruit_SSD1306.o
                0x0000522c                _ZN16Adafruit_SSD130621drawFastVLineInternalEiiij
 .text._ZN16Adafruit_SSD13067displayEv
                0x0000553e      0x3e6 src/libraries/Adafruit_SSD1306/Adafruit_SSD1306.o
                0x0000553e                _ZN16Adafruit_SSD13067displayEv
 .text._ZN16Adafruit_SSD130613invertDisplayEb
                0x00005924      0x116 src/libraries/Adafruit_SSD1306/Adafruit_SSD1306.o
                0x00005924                _ZN16Adafruit_SSD130613invertDisplayEb
 .text._ZN8SPIClass5beginEv
                0x00005a3a      0x102 src/libraries/SPI/src/SPI.o
                0x00005a3a                _ZN8SPIClass5beginEv
 .text._ZL17handle_interrupts18timer16_Sequence_tPVjS1_
                0x00005b3c      0x2f8 src/libraries/Servo/src/avr/Servo.o
 .text.__vector_17
                0x00005e34       0x6e src/libraries/Servo/src/avr/Servo.o
                0x00005e34                __vector_17
 .text.__vector_32
                0x00005ea2       0x6e src/libraries/Servo/src/avr/Servo.o
                0x00005ea2                __vector_32
 .text.__vector_42
                0x00005f10       0x6e src/libraries/Servo/src/avr/Servo.o
                0x00005f10                __vector_42
 .text.__vector_47
                0x00005f7e       0x6e src/libraries/Servo/src/avr/Servo.o
                0x00005f7e                __vector_47
 .text.avr-libc.fplib
                0x00005fec        0x8 c:/program files (x86)/atmel/studio/7.0/toolchain/avr8/avr8-gnu-toolchain/bin/../lib/gcc/avr/5.4.0/../../../../avr/lib/avr6\libm.a(cmpsf2.o)
                0x00005fec                __nesf2
                0x00005fec                __eqsf2
                0x00005fec                __cmpsf2
                0x00005fec                __ltsf2
                0x00005fec                __lesf2
 .text.avr-libc.fplib
                0x00005ff4        0x4 c:/program files (x86)/atmel/studio/7.0/toolchain/avr8/avr8-gnu-toolchain/bin/../lib/gcc/avr/5.4.0/../../../../avr/lib/avr6\libm.a(divsf3.o)
                0x00005ff4                __divsf3
 .text.avr-libc.fplib
                0x00005ff8       0xcc c:/program files (x86)/atmel/studio/7.0/toolchain/avr8/avr8-gnu-toolchain/bin/../lib/gcc/avr/5.4.0/../../../../avr/lib/avr6\libm.a(divsf3x.o)
                0x0000600e                __divsf3x
                0x00006012                __divsf3_pse
 .text.avr-libc.fplib
                0x000060c4       0x58 c:/program files (x86)/atmel/studio/7.0/toolchain/avr8/avr8-gnu-toolchain/bin/../lib/gcc/avr/5.4.0/../../../../avr/lib/avr6\libm.a(fixunssfsi.o)
                0x000060c4                __fixunssfsi
 .text.avr-libc.fplib
                0x0000611c       0x48 c:/program files (x86)/atmel/studio/7.0/toolchain/avr8/avr8-gnu-toolchain/bin/../lib/gcc/avr/5.4.0/../../../../avr/lib/avr6\libm.a(fp_cmp.o)
                0x0000611c                __fp_cmp
 .text.avr-libc.fplib
                0x00006164        0xc c:/program files (x86)/atmel/studio/7.0/toolchain/avr8/avr8-gnu-toolchain/bin/../lib/gcc/avr/5.4.0/../../../../avr/lib/avr6\libm.a(fp_inf.o)
                0x00006164                __fp_inf
 .text.avr-libc.fplib
                0x00006170        0x6 c:/program files (x86)/atmel/studio/7.0/toolchain/avr8/avr8-gnu-toolchain/bin/../lib/gcc/avr/5.4.0/../../../../avr/lib/avr6\libm.a(fp_nan.o)
                0x00006170                __fp_nan
 .text.avr-libc.fplib
                0x00006176        0xe c:/program files (x86)/atmel/studio/7.0/toolchain/avr8/avr8-gnu-toolchain/bin/../lib/gcc/avr/5.4.0/../../../../avr/lib/avr6\libm.a(fp_pscA.o)
                0x00006176                __fp_pscA
 .text.avr-libc.fplib
                0x00006184        0xe c:/program files (x86)/atmel/studio/7.0/toolchain/avr8/avr8-gnu-toolchain/bin/../lib/gcc/avr/5.4.0/../../../../avr/lib/avr6\libm.a(fp_pscB.o)
                0x00006184                __fp_pscB
 .text.avr-libc.fplib
                0x00006192       0x22 c:/program files (x86)/atmel/studio/7.0/toolchain/avr8/avr8-gnu-toolchain/bin/../lib/gcc/avr/5.4.0/../../../../avr/lib/avr6\libm.a(fp_round.o)
                0x00006192                __fp_round
 .text.avr-libc.fplib
                0x000061b4       0x44 c:/program files (x86)/atmel/studio/7.0/toolchain/avr8/avr8-gnu-toolchain/bin/../lib/gcc/avr/5.4.0/../../../../avr/lib/avr6\libm.a(fp_split3.o)
                0x000061b4                __fp_split3
                0x000061c4                __fp_splitA
 .text.avr-libc.fplib
                0x000061f8        0xe c:/program files (x86)/atmel/studio/7.0/toolchain/avr8/avr8-gnu-toolchain/bin/../lib/gcc/avr/5.4.0/../../../../avr/lib/avr6\libm.a(fp_zero.o)
                0x000061f8                __fp_zero
                0x000061fa                __fp_szero
 .text.avr-libc.fplib
                0x00006206        0x8 c:/program files (x86)/atmel/studio/7.0/toolchain/avr8/avr8-gnu-toolchain/bin/../lib/gcc/avr/5.4.0/../../../../avr/lib/avr6\libm.a(gesf2.o)
                0x00006206                __gesf2
                0x00006206                __gtsf2
 .text.avr-libc.fplib
                0x0000620e        0x4 c:/program files (x86)/atmel/studio/7.0/toolchain/avr8/avr8-gnu-toolchain/bin/../lib/gcc/avr/5.4.0/../../../../avr/lib/avr6\libm.a(mulsf3.o)
                0x0000620e                __mulsf3
 .text.avr-libc.fplib
                0x00006212       0xc2 c:/program files (x86)/atmel/studio/7.0/toolchain/avr8/avr8-gnu-toolchain/bin/../lib/gcc/avr/5.4.0/../../../../avr/lib/avr6\libm.a(mulsf3x.o)
                0x00006226                __mulsf3x
                0x0000622a                __mulsf3_pse
 .text.__cxa_pure_virtual
                0x000062d4        0x2 C:\Users\renep\Documents\Atmel Studio\7.0\Leapyear\Leapyear\ArduinoCore\Debug\libArduinoCore.a(abi.o)
                0x000062d4                __cxa_pure_virtual
 .text._ZN14HardwareSerial9availableEv
                0x000062d6       0x18 C:\Users\renep\Documents\Atmel Studio\7.0\Leapyear\Leapyear\ArduinoCore\Debug\libArduinoCore.a(HardwareSerial.o)
                0x000062d6                _ZN14HardwareSerial9availableEv
 .text._ZN14HardwareSerial4peekEv
                0x000062ee       0x1c C:\Users\renep\Documents\Atmel Studio\7.0\Leapyear\Leapyear\ArduinoCore\Debug\libArduinoCore.a(HardwareSerial.o)
                0x000062ee                _ZN14HardwareSerial4peekEv
 .text._ZN14HardwareSerial4readEv
                0x0000630a       0x28 C:\Users\renep\Documents\Atmel Studio\7.0\Leapyear\Leapyear\ArduinoCore\Debug\libArduinoCore.a(HardwareSerial.o)
                0x0000630a                _ZN14HardwareSerial4readEv
 .text._ZN14HardwareSerial17availableForWriteEv
                0x00006332       0x1e C:\Users\renep\Documents\Atmel Studio\7.0\Leapyear\Leapyear\ArduinoCore\Debug\libArduinoCore.a(HardwareSerial.o)
                0x00006332                _ZN14HardwareSerial17availableForWriteEv
 .text._Z14serialEventRunv
                0x00006350       0x78 C:\Users\renep\Documents\Atmel Studio\7.0\Leapyear\Leapyear\ArduinoCore\Debug\libArduinoCore.a(HardwareSerial.o)
                0x00006350                _Z14serialEventRunv
 .text._ZN14HardwareSerial17_tx_udr_empty_irqEv
                0x000063c8       0x44 C:\Users\renep\Documents\Atmel Studio\7.0\Leapyear\Leapyear\ArduinoCore\Debug\libArduinoCore.a(HardwareSerial.o)
                0x000063c8                _ZN14HardwareSerial17_tx_udr_empty_irqEv
 .text._ZN14HardwareSerial5writeEh
                0x0000640c       0x98 C:\Users\renep\Documents\Atmel Studio\7.0\Leapyear\Leapyear\ArduinoCore\Debug\libArduinoCore.a(HardwareSerial.o)
                0x0000640c                _ZN14HardwareSerial5writeEh
 .text._ZN14HardwareSerial5flushEv
                0x000064a4       0x42 C:\Users\renep\Documents\Atmel Studio\7.0\Leapyear\Leapyear\ArduinoCore\Debug\libArduinoCore.a(HardwareSerial.o)
                0x000064a4                _ZN14HardwareSerial5flushEv
 .text._ZN14HardwareSerial5beginEmh
                0x000064e6       0xc6 C:\Users\renep\Documents\Atmel Studio\7.0\Leapyear\Leapyear\ArduinoCore\Debug\libArduinoCore.a(HardwareSerial.o)
                0x000064e6                _ZN14HardwareSerial5beginEmh
 .text.__vector_25
                0x000065ac       0x6c C:\Users\renep\Documents\Atmel Studio\7.0\Leapyear\Leapyear\ArduinoCore\Debug\libArduinoCore.a(HardwareSerial0.o)
                0x000065ac                __vector_25
 .text.__vector_26
                0x00006618       0x52 C:\Users\renep\Documents\Atmel Studio\7.0\Leapyear\Leapyear\ArduinoCore\Debug\libArduinoCore.a(HardwareSerial0.o)
                0x00006618                __vector_26
 .text._Z17Serial0_availablev
                0x0000666a       0x12 C:\Users\renep\Documents\Atmel Studio\7.0\Leapyear\Leapyear\ArduinoCore\Debug\libArduinoCore.a(HardwareSerial0.o)
                0x0000666a                _Z17Serial0_availablev
 .text.startup._GLOBAL__sub_I___vector_25
                0x0000667c       0x5a C:\Users\renep\Documents\Atmel Studio\7.0\Leapyear\Leapyear\ArduinoCore\Debug\libArduinoCore.a(HardwareSerial0.o)
 .text.__empty  0x000066d6        0x2 C:\Users\renep\Documents\Atmel Studio\7.0\Leapyear\Leapyear\ArduinoCore\Debug\libArduinoCore.a(hooks.o)
                0x000066d6                yield
 .text.initVariant
                0x000066d8        0x2 C:\Users\renep\Documents\Atmel Studio\7.0\Leapyear\Leapyear\ArduinoCore\Debug\libArduinoCore.a(main.o)
                0x000066d8                initVariant
 .text.startup.main
                0x000066da       0x18 C:\Users\renep\Documents\Atmel Studio\7.0\Leapyear\Leapyear\ArduinoCore\Debug\libArduinoCore.a(main.o)
                0x000066da                main
 .text._ZN5Print5writeEPKhj
                0x000066f2       0x54 C:\Users\renep\Documents\Atmel Studio\7.0\Leapyear\Leapyear\ArduinoCore\Debug\libArduinoCore.a(Print.o)
                0x000066f2                _ZN5Print5writeEPKhj
 .text._ZN5Print5writeEPKc
                0x00006746       0x2a C:\Users\renep\Documents\Atmel Studio\7.0\Leapyear\Leapyear\ArduinoCore\Debug\libArduinoCore.a(Print.o)
                0x00006746                _ZN5Print5writeEPKc
 .text._ZN5Print5printEPK19__FlashStringHelper
                0x00006770       0x48 C:\Users\renep\Documents\Atmel Studio\7.0\Leapyear\Leapyear\ArduinoCore\Debug\libArduinoCore.a(Print.o)
                0x00006770                _ZN5Print5printEPK19__FlashStringHelper
 .text._ZN5Print7printlnEv
                0x000067b8        0x6 C:\Users\renep\Documents\Atmel Studio\7.0\Leapyear\Leapyear\ArduinoCore\Debug\libArduinoCore.a(Print.o)
                0x000067b8                _ZN5Print7printlnEv
 .text._ZN5Print7printlnEPK19__FlashStringHelper
                0x000067be       0x20 C:\Users\renep\Documents\Atmel Studio\7.0\Leapyear\Leapyear\ArduinoCore\Debug\libArduinoCore.a(Print.o)
                0x000067be                _ZN5Print7printlnEPK19__FlashStringHelper
 .text.__vector_23
                0x000067de       0x94 C:\Users\renep\Documents\Atmel Studio\7.0\Leapyear\Leapyear\ArduinoCore\Debug\libArduinoCore.a(wiring.o)
                0x000067de                __vector_23
 .text.micros   0x00006872       0x4a C:\Users\renep\Documents\Atmel Studio\7.0\Leapyear\Leapyear\ArduinoCore\Debug\libArduinoCore.a(wiring.o)
                0x00006872                micros
 .text.delay    0x000068bc       0x72 C:\Users\renep\Documents\Atmel Studio\7.0\Leapyear\Leapyear\ArduinoCore\Debug\libArduinoCore.a(wiring.o)
                0x000068bc                delay
 .text.init     0x0000692e       0xc4 C:\Users\renep\Documents\Atmel Studio\7.0\Leapyear\Leapyear\ArduinoCore\Debug\libArduinoCore.a(wiring.o)
                0x0000692e                init
 .text.turnOffPWM
                0x000069f2       0xaa C:\Users\renep\Documents\Atmel Studio\7.0\Leapyear\Leapyear\ArduinoCore\Debug\libArduinoCore.a(wiring_digital.o)
 .text.pinMode  0x00006a9c       0x78 C:\Users\renep\Documents\Atmel Studio\7.0\Leapyear\Leapyear\ArduinoCore\Debug\libArduinoCore.a(wiring_digital.o)
                0x00006a9c                pinMode
 .text.digitalWrite
                0x00006b14       0x5c C:\Users\renep\Documents\Atmel Studio\7.0\Leapyear\Leapyear\ArduinoCore\Debug\libArduinoCore.a(wiring_digital.o)
                0x00006b14                digitalWrite
 .text.libgcc.div
                0x00006b70       0x44 c:/program files (x86)/atmel/studio/7.0/toolchain/avr8/avr8-gnu-toolchain/bin/../lib/gcc/avr/5.4.0/avr6\libgcc.a(_udivmodsi4.o)
                0x00006b70                __udivmodsi4
 .text.libgcc   0x00006bb4       0x10 c:/program files (x86)/atmel/studio/7.0/toolchain/avr8/avr8-gnu-toolchain/bin/../lib/gcc/avr/5.4.0/avr6\libgcc.a(_tablejump2.o)
                0x00006bb4                __tablejump2__
 .text.avr-libc
                0x00006bc4      0x242 c:/program files (x86)/atmel/studio/7.0/toolchain/avr8/avr8-gnu-toolchain/bin/../lib/gcc/avr/5.4.0/../../../../avr/lib/avr6\libc.a(malloc.o)
                0x00006bc4                malloc
                0x00006cf4                free
 .text.avr-libc
                0x00006e06        0x8 c:/program files (x86)/atmel/studio/7.0/toolchain/avr8/avr8-gnu-toolchain/bin/../lib/gcc/avr/5.4.0/../../../../avr/lib/avr6\libc.a(abort.o)
                0x00006e06                abort
 .text.avr-libc
                0x00006e0e        0xe c:/program files (x86)/atmel/studio/7.0/toolchain/avr8/avr8-gnu-toolchain/bin/../lib/gcc/avr/5.4.0/../../../../avr/lib/avr6\libc.a(memset.o)
                0x00006e0e                memset
                0x00006e1c                . = ALIGN (0x2)
 *(.fini9)
 .fini9         0x00006e1c        0x0 c:/program files (x86)/atmel/studio/7.0/toolchain/avr8/avr8-gnu-toolchain/bin/../lib/gcc/avr/5.4.0/avr6\libgcc.a(_exit.o)
                0x00006e1c                _exit
                0x00006e1c                exit
 *(.fini9)
 *(.fini8)
 *(.fini8)
 *(.fini7)
 *(.fini7)
 *(.fini6)
 .fini6         0x00006e1c       0x1e c:/program files (x86)/atmel/studio/7.0/toolchain/avr8/avr8-gnu-toolchain/bin/../lib/gcc/avr/5.4.0/avr6\libgcc.a(_dtors.o)
                0x00006e1c                __do_global_dtors
 *(.fini6)
 *(.fini5)
 *(.fini5)
 *(.fini4)
 *(.fini4)
 *(.fini3)
 *(.fini3)
 *(.fini2)
 *(.fini2)
 *(.fini1)
 *(.fini1)
 *(.fini0)
 .fini0         0x00006e3a        0x4 c:/program files (x86)/atmel/studio/7.0/toolchain/avr8/avr8-gnu-toolchain/bin/../lib/gcc/avr/5.4.0/avr6\libgcc.a(_exit.o)
 *(.fini0)
                0x00006e3e                _etext = .

.data           0x00800200       0xb0 load address 0x00006e3e
                0x00800200                PROVIDE (__data_start, .)
 *(.data)
 .data          0x00800200        0x6 c:/program files (x86)/atmel/studio/7.0/toolchain/avr8/avr8-gnu-toolchain/bin/../lib/gcc/avr/5.4.0/../../../../avr/lib/avr6\libc.a(malloc.o)
                0x00800200                __malloc_heap_end
                0x00800202                __malloc_heap_start
                0x00800204                __malloc_margin
 *(.data*)
 *(.gnu.linkonce.d*)
 *(.rodata)
 *(.rodata*)
 .rodata._ZTV7TwoWire
                0x00800206       0x12 src/libraries/Wire/src/Wire.o
                0x00800206                _ZTV7TwoWire
 .rodata._ZTV6Stream
                0x00800218       0x12 src/libraries/Wire/src/Wire.o
                0x00800218                _ZTV6Stream
 .rodata._ZTV12Adafruit_GFX
                0x0080022a       0x2c src/libraries/Adafruit_GFX_Library/Adafruit_GFX.o
                0x0080022a                _ZTV12Adafruit_GFX
 .rodata._ZTV16Adafruit_SSD1306
                0x00800256       0x2c src/libraries/Adafruit_SSD1306/Adafruit_SSD1306.o
                0x00800256                _ZTV16Adafruit_SSD1306
 .rodata._ZTV14HardwareSerial
                0x00800282       0x12 C:\Users\renep\Documents\Atmel Studio\7.0\Leapyear\Leapyear\ArduinoCore\Debug\libArduinoCore.a(HardwareSerial.o)
                0x00800282                _ZTV14HardwareSerial
 .rodata.str1.1
                0x00800294        0xf C:\Users\renep\Documents\Atmel Studio\7.0\Leapyear\Leapyear\ArduinoCore\Debug\libArduinoCore.a(Print.o)
 .rodata._ZTV5Print
                0x008002a3        0xc C:\Users\renep\Documents\Atmel Studio\7.0\Leapyear\Leapyear\ArduinoCore\Debug\libArduinoCore.a(Print.o)
                0x008002a3                _ZTV5Print
 *(.gnu.linkonce.r*)
                0x008002b0                . = ALIGN (0x2)
 *fill*         0x008002af        0x1 
                0x008002b0                _edata = .
                0x008002b0                PROVIDE (__data_end, .)

.bss            0x008002b0      0x24d
                0x008002b0                PROVIDE (__bss_start, .)
 *(.bss)
 *(.bss*)
 .bss.twi_state
                0x008002b0        0x1 src/libraries/Wire/src/utility/twi.o
 .bss.twi_slarw
                0x008002b1        0x1 src/libraries/Wire/src/utility/twi.o
 .bss.twi_sendStop
                0x008002b2        0x1 src/libraries/Wire/src/utility/twi.o
 .bss.twi_inRepStart
                0x008002b3        0x1 src/libraries/Wire/src/utility/twi.o
 .bss.twi_timeout_us
                0x008002b4        0x4 src/libraries/Wire/src/utility/twi.o
 .bss.twi_timed_out_flag
                0x008002b8        0x1 src/libraries/Wire/src/utility/twi.o
 .bss.twi_do_reset_on_timeout
                0x008002b9        0x1 src/libraries/Wire/src/utility/twi.o
 .bss.twi_onSlaveTransmit
                0x008002ba        0x2 src/libraries/Wire/src/utility/twi.o
 .bss.twi_onSlaveReceive
                0x008002bc        0x2 src/libraries/Wire/src/utility/twi.o
 .bss.twi_masterBuffer
                0x008002be       0x20 src/libraries/Wire/src/utility/twi.o
 .bss.twi_masterBufferIndex
                0x008002de        0x1 src/libraries/Wire/src/utility/twi.o
 .bss.twi_masterBufferLength
                0x008002df        0x1 src/libraries/Wire/src/utility/twi.o
 .bss.twi_txBuffer
                0x008002e0       0x20 src/libraries/Wire/src/utility/twi.o
 .bss.twi_txBufferIndex
                0x00800300        0x1 src/libraries/Wire/src/utility/twi.o
 .bss.twi_txBufferLength
                0x00800301        0x1 src/libraries/Wire/src/utility/twi.o
 .bss.twi_rxBuffer
                0x00800302       0x20 src/libraries/Wire/src/utility/twi.o
 .bss.twi_rxBufferIndex
                0x00800322        0x1 src/libraries/Wire/src/utility/twi.o
 .bss.twi_error
                0x00800323        0x1 src/libraries/Wire/src/utility/twi.o
 .bss._ZN7TwoWire8rxBufferE
                0x00800324       0x20 src/libraries/Wire/src/Wire.o
                0x00800324                _ZN7TwoWire8rxBufferE
 .bss._ZN7TwoWire13rxBufferIndexE
                0x00800344        0x1 src/libraries/Wire/src/Wire.o
                0x00800344                _ZN7TwoWire13rxBufferIndexE
 .bss._ZN7TwoWire14rxBufferLengthE
                0x00800345        0x1 src/libraries/Wire/src/Wire.o
                0x00800345                _ZN7TwoWire14rxBufferLengthE
 .bss._ZN7TwoWire9txAddressE
                0x00800346        0x1 src/libraries/Wire/src/Wire.o
                0x00800346                _ZN7TwoWire9txAddressE
 .bss._ZN7TwoWire8txBufferE
                0x00800347       0x20 src/libraries/Wire/src/Wire.o
                0x00800347                _ZN7TwoWire8txBufferE
 .bss._ZN7TwoWire13txBufferIndexE
                0x00800367        0x1 src/libraries/Wire/src/Wire.o
                0x00800367                _ZN7TwoWire13txBufferIndexE
 .bss._ZN7TwoWire14txBufferLengthE
                0x00800368        0x1 src/libraries/Wire/src/Wire.o
                0x00800368                _ZN7TwoWire14txBufferLengthE
 .bss._ZN7TwoWire12transmittingE
                0x00800369        0x1 src/libraries/Wire/src/Wire.o
                0x00800369                _ZN7TwoWire12transmittingE
 .bss._ZN7TwoWire14user_onRequestE
                0x0080036a        0x2 src/libraries/Wire/src/Wire.o
                0x0080036a                _ZN7TwoWire14user_onRequestE
 .bss._ZN7TwoWire14user_onReceiveE
                0x0080036c        0x2 src/libraries/Wire/src/Wire.o
                0x0080036c                _ZN7TwoWire14user_onReceiveE
 .bss.Wire      0x0080036e        0xc src/libraries/Wire/src/Wire.o
                0x0080036e                Wire
 .bss.display   0x0080037a       0x40 OLED.o
                0x0080037a                display
 .bss._ZN8SPIClass11initializedE
                0x008003ba        0x1 src/libraries/SPI/src/SPI.o
                0x008003ba                _ZN8SPIClass11initializedE
 .bss._ZN8SPIClass13interruptModeE
                0x008003bb        0x1 src/libraries/SPI/src/SPI.o
                0x008003bb                _ZN8SPIClass13interruptModeE
 .bss._ZN8SPIClass13interruptMaskE
                0x008003bc        0x1 src/libraries/SPI/src/SPI.o
                0x008003bc                _ZN8SPIClass13interruptMaskE
 .bss._ZN8SPIClass13interruptSaveE
                0x008003bd        0x1 src/libraries/SPI/src/SPI.o
                0x008003bd                _ZN8SPIClass13interruptSaveE
 .bss._ZL6servos
                0x008003be       0x90 src/libraries/Servo/src/avr/Servo.o
 .bss._ZL7Channel
                0x0080044e        0x4 src/libraries/Servo/src/avr/Servo.o
 .bss.ServoCount
                0x00800452        0x1 src/libraries/Servo/src/avr/Servo.o
                0x00800452                ServoCount
 .bss.Serial    0x00800453       0x9d C:\Users\renep\Documents\Atmel Studio\7.0\Leapyear\Leapyear\ArduinoCore\Debug\libArduinoCore.a(HardwareSerial0.o)
                0x00800453                Serial
 .bss.timer0_fract
                0x008004f0        0x1 C:\Users\renep\Documents\Atmel Studio\7.0\Leapyear\Leapyear\ArduinoCore\Debug\libArduinoCore.a(wiring.o)
 .bss.timer0_millis
                0x008004f1        0x4 C:\Users\renep\Documents\Atmel Studio\7.0\Leapyear\Leapyear\ArduinoCore\Debug\libArduinoCore.a(wiring.o)
                0x008004f1                timer0_millis
 .bss.timer0_overflow_count
                0x008004f5        0x4 C:\Users\renep\Documents\Atmel Studio\7.0\Leapyear\Leapyear\ArduinoCore\Debug\libArduinoCore.a(wiring.o)
                0x008004f5                timer0_overflow_count
 *(COMMON)
 COMMON         0x008004f9        0x4 c:/program files (x86)/atmel/studio/7.0/toolchain/avr8/avr8-gnu-toolchain/bin/../lib/gcc/avr/5.4.0/../../../../avr/lib/avr6\libc.a(malloc.o)
                0x008004f9                __brkval
                0x008004fb                __flp
                0x008004fd                PROVIDE (__bss_end, .)
                0x00006e3e                __data_load_start = LOADADDR (.data)
                0x00006eee                __data_load_end = (__data_load_start + SIZEOF (.data))

.noinit         0x008004fd        0x0
                [!provide]                PROVIDE (__noinit_start, .)
 *(.noinit*)
                [!provide]                PROVIDE (__noinit_end, .)
                0x008004fd                _end = .
                0x008004fd                PROVIDE (__heap_start, .)

.eeprom         0x00810000        0x0
 *(.eeprom*)
                0x00810000                __eeprom_end = .

.fuse
 *(.fuse)
 *(.lfuse)
 *(.hfuse)
 *(.efuse)

.lock
 *(.lock*)

.signature
 *(.signature*)

.user_signatures
 *(.user_signatures*)

.stab
 *(.stab)

.stabstr
 *(.stabstr)

.stab.excl
 *(.stab.excl)

.stab.exclstr
 *(.stab.exclstr)

.stab.index
 *(.stab.index)

.stab.indexstr
 *(.stab.indexstr)

.comment        0x00000000       0x30
 *(.comment)
 .comment       0x00000000       0x30 src/libraries/Wire/src/utility/twi.o
                                 0x31 (size before relaxing)
 .comment       0x00000030       0x31 src/libraries/Wire/src/Wire.o
 .comment       0x00000030       0x31 OLED.o
 .comment       0x00000030       0x31 src/libraries/Adafruit_BusIO/Adafruit_SPIDevice.o
 .comment       0x00000030       0x31 src/libraries/Adafruit_GFX_Library/Adafruit_GFX.o
 .comment       0x00000030       0x31 src/libraries/Adafruit_GFX_Library/Adafruit_SPITFT.o
 .comment       0x00000030       0x31 src/libraries/Adafruit_SSD1306/Adafruit_SSD1306.o
 .comment       0x00000030       0x31 src/libraries/SPI/src/SPI.o
 .comment       0x00000030       0x31 src/libraries/Servo/src/avr/Servo.o
 .comment       0x00000030       0x31 C:\Users\renep\Documents\Atmel Studio\7.0\Leapyear\Leapyear\ArduinoCore\Debug\libArduinoCore.a(abi.o)
 .comment       0x00000030       0x31 C:\Users\renep\Documents\Atmel Studio\7.0\Leapyear\Leapyear\ArduinoCore\Debug\libArduinoCore.a(HardwareSerial.o)
 .comment       0x00000030       0x31 C:\Users\renep\Documents\Atmel Studio\7.0\Leapyear\Leapyear\ArduinoCore\Debug\libArduinoCore.a(HardwareSerial0.o)
 .comment       0x00000030       0x31 C:\Users\renep\Documents\Atmel Studio\7.0\Leapyear\Leapyear\ArduinoCore\Debug\libArduinoCore.a(hooks.o)
 .comment       0x00000030       0x31 C:\Users\renep\Documents\Atmel Studio\7.0\Leapyear\Leapyear\ArduinoCore\Debug\libArduinoCore.a(main.o)
 .comment       0x00000030       0x31 C:\Users\renep\Documents\Atmel Studio\7.0\Leapyear\Leapyear\ArduinoCore\Debug\libArduinoCore.a(Print.o)
 .comment       0x00000030       0x31 C:\Users\renep\Documents\Atmel Studio\7.0\Leapyear\Leapyear\ArduinoCore\Debug\libArduinoCore.a(wiring.o)
 .comment       0x00000030       0x31 C:\Users\renep\Documents\Atmel Studio\7.0\Leapyear\Leapyear\ArduinoCore\Debug\libArduinoCore.a(wiring_digital.o)
 .comment       0x00000030       0x31 c:/program files (x86)/atmel/studio/7.0/toolchain/avr8/avr8-gnu-toolchain/bin/../lib/gcc/avr/5.4.0/../../../../avr/lib/avr6\libc.a(malloc.o)

.note.gnu.avr.deviceinfo
                0x00000000       0x40
 .note.gnu.avr.deviceinfo
                0x00000000       0x40 C:/Program Files (x86)/Atmel/Studio/7.0/Packs/atmel/ATmega_DFP/1.6.364/gcc/dev/atmega2560/avr6/crtatmega2560.o

.note.gnu.build-id
 *(.note.gnu.build-id)

.debug
 *(.debug)

.line
 *(.line)

.debug_srcinfo
 *(.debug_srcinfo)

.debug_sfnames
 *(.debug_sfnames)

.debug_aranges  0x00000000      0xcc8
 *(.debug_aranges)
 .debug_aranges
                0x00000000       0x98 src/libraries/Wire/src/utility/twi.o
 .debug_aranges
                0x00000098      0x130 src/libraries/Wire/src/Wire.o
 .debug_aranges
                0x000001c8       0x58 OLED.o
 .debug_aranges
                0x00000220       0xb8 src/libraries/Adafruit_BusIO/Adafruit_SPIDevice.o
 .debug_aranges
                0x000002d8      0x338 src/libraries/Adafruit_GFX_Library/Adafruit_GFX.o
 .debug_aranges
                0x00000610      0x1f8 src/libraries/Adafruit_GFX_Library/Adafruit_SPITFT.o
 .debug_aranges
                0x00000808      0x148 src/libraries/Adafruit_SSD1306/Adafruit_SSD1306.o
 .debug_aranges
                0x00000950       0x38 src/libraries/SPI/src/SPI.o
 .debug_aranges
                0x00000988       0xa0 src/libraries/Servo/src/avr/Servo.o
 .debug_aranges
                0x00000a28       0x20 C:\Users\renep\Documents\Atmel Studio\7.0\Leapyear\Leapyear\ArduinoCore\Debug\libArduinoCore.a(abi.o)
 .debug_aranges
                0x00000a48       0x68 C:\Users\renep\Documents\Atmel Studio\7.0\Leapyear\Leapyear\ArduinoCore\Debug\libArduinoCore.a(HardwareSerial.o)
 .debug_aranges
                0x00000ab0       0x48 C:\Users\renep\Documents\Atmel Studio\7.0\Leapyear\Leapyear\ArduinoCore\Debug\libArduinoCore.a(HardwareSerial0.o)
 .debug_aranges
                0x00000af8       0x20 C:\Users\renep\Documents\Atmel Studio\7.0\Leapyear\Leapyear\ArduinoCore\Debug\libArduinoCore.a(hooks.o)
 .debug_aranges
                0x00000b18       0x30 C:\Users\renep\Documents\Atmel Studio\7.0\Leapyear\Leapyear\ArduinoCore\Debug\libArduinoCore.a(main.o)
 .debug_aranges
                0x00000b48      0x100 C:\Users\renep\Documents\Atmel Studio\7.0\Leapyear\Leapyear\ArduinoCore\Debug\libArduinoCore.a(Print.o)
 .debug_aranges
                0x00000c48       0x48 C:\Users\renep\Documents\Atmel Studio\7.0\Leapyear\Leapyear\ArduinoCore\Debug\libArduinoCore.a(wiring.o)
 .debug_aranges
                0x00000c90       0x38 C:\Users\renep\Documents\Atmel Studio\7.0\Leapyear\Leapyear\ArduinoCore\Debug\libArduinoCore.a(wiring_digital.o)

.debug_pubnames
 *(.debug_pubnames)

.debug_info     0x00000000    0x188fb
 *(.debug_info .gnu.linkonce.wi.*)
 .debug_info    0x00000000      0xbbc C:/Program Files (x86)/Atmel/Studio/7.0/Packs/atmel/ATmega_DFP/1.6.364/gcc/dev/atmega2560/avr6/crtatmega2560.o
 .debug_info    0x00000bbc      0x88c src/libraries/Wire/src/utility/twi.o
 .debug_info    0x00001448     0x2574 src/libraries/Wire/src/Wire.o
 .debug_info    0x000039bc      0x515 OLED.o
 .debug_info    0x00003ed1     0x1360 src/libraries/Adafruit_BusIO/Adafruit_SPIDevice.o
 .debug_info    0x00005231     0x6571 src/libraries/Adafruit_GFX_Library/Adafruit_GFX.o
 .debug_info    0x0000b7a2     0x304a src/libraries/Adafruit_GFX_Library/Adafruit_SPITFT.o
 .debug_info    0x0000e7ec     0x202a src/libraries/Adafruit_SSD1306/Adafruit_SSD1306.o
 .debug_info    0x00010816      0x6b0 src/libraries/SPI/src/SPI.o
 .debug_info    0x00010ec6      0x85a src/libraries/Servo/src/avr/Servo.o
 .debug_info    0x00011720       0x76 C:\Users\renep\Documents\Atmel Studio\7.0\Leapyear\Leapyear\ArduinoCore\Debug\libArduinoCore.a(abi.o)
 .debug_info    0x00011796     0x205e C:\Users\renep\Documents\Atmel Studio\7.0\Leapyear\Leapyear\ArduinoCore\Debug\libArduinoCore.a(HardwareSerial.o)
 .debug_info    0x000137f4     0x1b74 C:\Users\renep\Documents\Atmel Studio\7.0\Leapyear\Leapyear\ArduinoCore\Debug\libArduinoCore.a(HardwareSerial0.o)
 .debug_info    0x00015368       0x3e C:\Users\renep\Documents\Atmel Studio\7.0\Leapyear\Leapyear\ArduinoCore\Debug\libArduinoCore.a(hooks.o)
 .debug_info    0x000153a6      0x295 C:\Users\renep\Documents\Atmel Studio\7.0\Leapyear\Leapyear\ArduinoCore\Debug\libArduinoCore.a(main.o)
 .debug_info    0x0001563b     0x295d C:\Users\renep\Documents\Atmel Studio\7.0\Leapyear\Leapyear\ArduinoCore\Debug\libArduinoCore.a(Print.o)
 .debug_info    0x00017f98      0x329 C:\Users\renep\Documents\Atmel Studio\7.0\Leapyear\Leapyear\ArduinoCore\Debug\libArduinoCore.a(wiring.o)
 .debug_info    0x000182c1      0x63a C:\Users\renep\Documents\Atmel Studio\7.0\Leapyear\Leapyear\ArduinoCore\Debug\libArduinoCore.a(wiring_digital.o)

.debug_abbrev   0x00000000     0x3c4b
 *(.debug_abbrev)
 .debug_abbrev  0x00000000      0xb1a C:/Program Files (x86)/Atmel/Studio/7.0/Packs/atmel/ATmega_DFP/1.6.364/gcc/dev/atmega2560/avr6/crtatmega2560.o
 .debug_abbrev  0x00000b1a      0x253 src/libraries/Wire/src/utility/twi.o
 .debug_abbrev  0x00000d6d      0x48c src/libraries/Wire/src/Wire.o
 .debug_abbrev  0x000011f9      0x1c5 OLED.o
 .debug_abbrev  0x000013be      0x349 src/libraries/Adafruit_BusIO/Adafruit_SPIDevice.o
 .debug_abbrev  0x00001707      0x534 src/libraries/Adafruit_GFX_Library/Adafruit_GFX.o
 .debug_abbrev  0x00001c3b      0x510 src/libraries/Adafruit_GFX_Library/Adafruit_SPITFT.o
 .debug_abbrev  0x0000214b      0x4ac src/libraries/Adafruit_SSD1306/Adafruit_SSD1306.o
 .debug_abbrev  0x000025f7      0x220 src/libraries/SPI/src/SPI.o
 .debug_abbrev  0x00002817      0x2d1 src/libraries/Servo/src/avr/Servo.o
 .debug_abbrev  0x00002ae8       0x6d C:\Users\renep\Documents\Atmel Studio\7.0\Leapyear\Leapyear\ArduinoCore\Debug\libArduinoCore.a(abi.o)
 .debug_abbrev  0x00002b55      0x4b7 C:\Users\renep\Documents\Atmel Studio\7.0\Leapyear\Leapyear\ArduinoCore\Debug\libArduinoCore.a(HardwareSerial.o)
 .debug_abbrev  0x0000300c      0x3ce C:\Users\renep\Documents\Atmel Studio\7.0\Leapyear\Leapyear\ArduinoCore\Debug\libArduinoCore.a(HardwareSerial0.o)
 .debug_abbrev  0x000033da       0x2a C:\Users\renep\Documents\Atmel Studio\7.0\Leapyear\Leapyear\ArduinoCore\Debug\libArduinoCore.a(hooks.o)
 .debug_abbrev  0x00003404      0x12d C:\Users\renep\Documents\Atmel Studio\7.0\Leapyear\Leapyear\ArduinoCore\Debug\libArduinoCore.a(main.o)
 .debug_abbrev  0x00003531      0x47a C:\Users\renep\Documents\Atmel Studio\7.0\Leapyear\Leapyear\ArduinoCore\Debug\libArduinoCore.a(Print.o)
 .debug_abbrev  0x000039ab      0x146 C:\Users\renep\Documents\Atmel Studio\7.0\Leapyear\Leapyear\ArduinoCore\Debug\libArduinoCore.a(wiring.o)
 .debug_abbrev  0x00003af1      0x15a C:\Users\renep\Documents\Atmel Studio\7.0\Leapyear\Leapyear\ArduinoCore\Debug\libArduinoCore.a(wiring_digital.o)

.debug_line     0x00000000     0x9368
 *(.debug_line .debug_line.* .debug_line_end)
 .debug_line    0x00000000      0x1fa C:/Program Files (x86)/Atmel/Studio/7.0/Packs/atmel/ATmega_DFP/1.6.364/gcc/dev/atmega2560/avr6/crtatmega2560.o
 .debug_line    0x000001fa      0x8f1 src/libraries/Wire/src/utility/twi.o
 .debug_line    0x00000aeb      0x736 src/libraries/Wire/src/Wire.o
 .debug_line    0x00001221      0x328 OLED.o
 .debug_line    0x00001549      0x898 src/libraries/Adafruit_BusIO/Adafruit_SPIDevice.o
 .debug_line    0x00001de1     0x2ad8 src/libraries/Adafruit_GFX_Library/Adafruit_GFX.o
 .debug_line    0x000048b9     0x170f src/libraries/Adafruit_GFX_Library/Adafruit_SPITFT.o
 .debug_line    0x00005fc8     0x14d1 src/libraries/Adafruit_SSD1306/Adafruit_SSD1306.o
 .debug_line    0x00007499      0x36d src/libraries/SPI/src/SPI.o
 .debug_line    0x00007806      0x598 src/libraries/Servo/src/avr/Servo.o
 .debug_line    0x00007d9e       0xa9 C:\Users\renep\Documents\Atmel Studio\7.0\Leapyear\Leapyear\ArduinoCore\Debug\libArduinoCore.a(abi.o)
 .debug_line    0x00007e47      0x527 C:\Users\renep\Documents\Atmel Studio\7.0\Leapyear\Leapyear\ArduinoCore\Debug\libArduinoCore.a(HardwareSerial.o)
 .debug_line    0x0000836e      0x288 C:\Users\renep\Documents\Atmel Studio\7.0\Leapyear\Leapyear\ArduinoCore\Debug\libArduinoCore.a(HardwareSerial0.o)
 .debug_line    0x000085f6       0x41 C:\Users\renep\Documents\Atmel Studio\7.0\Leapyear\Leapyear\ArduinoCore\Debug\libArduinoCore.a(hooks.o)
 .debug_line    0x00008637      0x161 C:\Users\renep\Documents\Atmel Studio\7.0\Leapyear\Leapyear\ArduinoCore\Debug\libArduinoCore.a(main.o)
 .debug_line    0x00008798      0x681 C:\Users\renep\Documents\Atmel Studio\7.0\Leapyear\Leapyear\ArduinoCore\Debug\libArduinoCore.a(Print.o)
 .debug_line    0x00008e19      0x2cb C:\Users\renep\Documents\Atmel Studio\7.0\Leapyear\Leapyear\ArduinoCore\Debug\libArduinoCore.a(wiring.o)
 .debug_line    0x000090e4      0x284 C:\Users\renep\Documents\Atmel Studio\7.0\Leapyear\Leapyear\ArduinoCore\Debug\libArduinoCore.a(wiring_digital.o)

.debug_frame    0x00000000     0x3840
 *(.debug_frame)
 .debug_frame   0x00000000      0x26c src/libraries/Wire/src/utility/twi.o
 .debug_frame   0x0000026c      0x4a4 src/libraries/Wire/src/Wire.o
 .debug_frame   0x00000710      0x148 OLED.o
 .debug_frame   0x00000858      0x300 src/libraries/Adafruit_BusIO/Adafruit_SPIDevice.o
 .debug_frame   0x00000b58     0x1270 src/libraries/Adafruit_GFX_Library/Adafruit_GFX.o
 .debug_frame   0x00001dc8      0x8dc src/libraries/Adafruit_GFX_Library/Adafruit_SPITFT.o
 .debug_frame   0x000026a4      0x5b0 src/libraries/Adafruit_SSD1306/Adafruit_SSD1306.o
 .debug_frame   0x00002c54       0x94 src/libraries/SPI/src/SPI.o
 .debug_frame   0x00002ce8      0x3d0 src/libraries/Servo/src/avr/Servo.o
 .debug_frame   0x000030b8       0x34 C:\Users\renep\Documents\Atmel Studio\7.0\Leapyear\Leapyear\ArduinoCore\Debug\libArduinoCore.a(abi.o)
 .debug_frame   0x000030ec      0x110 C:\Users\renep\Documents\Atmel Studio\7.0\Leapyear\Leapyear\ArduinoCore\Debug\libArduinoCore.a(HardwareSerial.o)
 .debug_frame   0x000031fc       0xe0 C:\Users\renep\Documents\Atmel Studio\7.0\Leapyear\Leapyear\ArduinoCore\Debug\libArduinoCore.a(HardwareSerial0.o)
 .debug_frame   0x000032dc       0x24 C:\Users\renep\Documents\Atmel Studio\7.0\Leapyear\Leapyear\ArduinoCore\Debug\libArduinoCore.a(hooks.o)
 .debug_frame   0x00003300       0x54 C:\Users\renep\Documents\Atmel Studio\7.0\Leapyear\Leapyear\ArduinoCore\Debug\libArduinoCore.a(main.o)
 .debug_frame   0x00003354      0x3ac C:\Users\renep\Documents\Atmel Studio\7.0\Leapyear\Leapyear\ArduinoCore\Debug\libArduinoCore.a(Print.o)
 .debug_frame   0x00003700       0xc4 C:\Users\renep\Documents\Atmel Studio\7.0\Leapyear\Leapyear\ArduinoCore\Debug\libArduinoCore.a(wiring.o)
 .debug_frame   0x000037c4       0x7c C:\Users\renep\Documents\Atmel Studio\7.0\Leapyear\Leapyear\ArduinoCore\Debug\libArduinoCore.a(wiring_digital.o)

.debug_str      0x00000000     0x6346
 *(.debug_str)
 .debug_str     0x00000000      0x3e6 C:/Program Files (x86)/Atmel/Studio/7.0/Packs/atmel/ATmega_DFP/1.6.364/gcc/dev/atmega2560/avr6/crtatmega2560.o
 .debug_str     0x000003e6      0x4a8 src/libraries/Wire/src/utility/twi.o
                                0x506 (size before relaxing)
 .debug_str     0x0000088e     0x16f6 src/libraries/Wire/src/Wire.o
                               0x1911 (size before relaxing)
 .debug_str     0x00001f84       0xfb OLED.o
                                0x3f9 (size before relaxing)
 .debug_str     0x0000207f      0x90d src/libraries/Adafruit_BusIO/Adafruit_SPIDevice.o
                                0xbf2 (size before relaxing)
 .debug_str     0x0000298c     0x158c src/libraries/Adafruit_GFX_Library/Adafruit_GFX.o
                               0x2532 (size before relaxing)
 .debug_str     0x00003f18      0xd23 src/libraries/Adafruit_GFX_Library/Adafruit_SPITFT.o
                               0x154d (size before relaxing)
 .debug_str     0x00004c3b      0x7f1 src/libraries/Adafruit_SSD1306/Adafruit_SSD1306.o
                               0x1032 (size before relaxing)
 .debug_str     0x0000542c       0xa8 src/libraries/SPI/src/SPI.o
                                0x69d (size before relaxing)
 .debug_str     0x000054d4      0x250 src/libraries/Servo/src/avr/Servo.o
                                0x4fb (size before relaxing)
 .debug_str     0x00005724      0x189 C:\Users\renep\Documents\Atmel Studio\7.0\Leapyear\Leapyear\ArduinoCore\Debug\libArduinoCore.a(abi.o)
                                0x19f (size before relaxing)
 .debug_str     0x000058ad      0x49f C:\Users\renep\Documents\Atmel Studio\7.0\Leapyear\Leapyear\ArduinoCore\Debug\libArduinoCore.a(HardwareSerial.o)
                               0x16ee (size before relaxing)
 .debug_str     0x00005d4c       0x47 C:\Users\renep\Documents\Atmel Studio\7.0\Leapyear\Leapyear\ArduinoCore\Debug\libArduinoCore.a(HardwareSerial0.o)
                               0x1409 (size before relaxing)
 .debug_str     0x00005d93       0xf2 C:\Users\renep\Documents\Atmel Studio\7.0\Leapyear\Leapyear\ArduinoCore\Debug\libArduinoCore.a(hooks.o)
                                0x140 (size before relaxing)
 .debug_str     0x00005e85       0x37 C:\Users\renep\Documents\Atmel Studio\7.0\Leapyear\Leapyear\ArduinoCore\Debug\libArduinoCore.a(main.o)
                                0x2b5 (size before relaxing)
 .debug_str     0x00005ebc      0x3b1 C:\Users\renep\Documents\Atmel Studio\7.0\Leapyear\Leapyear\ArduinoCore\Debug\libArduinoCore.a(Print.o)
                               0x1243 (size before relaxing)
 .debug_str     0x0000626d       0x77 C:\Users\renep\Documents\Atmel Studio\7.0\Leapyear\Leapyear\ArduinoCore\Debug\libArduinoCore.a(wiring.o)
                                0x24b (size before relaxing)
 .debug_str     0x000062e4       0x62 C:\Users\renep\Documents\Atmel Studio\7.0\Leapyear\Leapyear\ArduinoCore\Debug\libArduinoCore.a(wiring_digital.o)
                                0x2b0 (size before relaxing)

.debug_loc      0x00000000     0x9847
 *(.debug_loc)
 .debug_loc     0x00000000      0x526 src/libraries/Wire/src/utility/twi.o
 .debug_loc     0x00000526      0xa2f src/libraries/Wire/src/Wire.o
 .debug_loc     0x00000f55      0x28e OLED.o
 .debug_loc     0x000011e3      0x68f src/libraries/Adafruit_BusIO/Adafruit_SPIDevice.o
 .debug_loc     0x00001872     0x2a65 src/libraries/Adafruit_GFX_Library/Adafruit_GFX.o
 .debug_loc     0x000042d7     0x13d5 src/libraries/Adafruit_GFX_Library/Adafruit_SPITFT.o
 .debug_loc     0x000056ac      0xc9a src/libraries/Adafruit_SSD1306/Adafruit_SSD1306.o
 .debug_loc     0x00006346      0x11f src/libraries/SPI/src/SPI.o
 .debug_loc     0x00006465      0x8d7 src/libraries/Servo/src/avr/Servo.o
 .debug_loc     0x00006d3c      0x4dc C:\Users\renep\Documents\Atmel Studio\7.0\Leapyear\Leapyear\ArduinoCore\Debug\libArduinoCore.a(HardwareSerial.o)
 .debug_loc     0x00007218      0x1b0 C:\Users\renep\Documents\Atmel Studio\7.0\Leapyear\Leapyear\ArduinoCore\Debug\libArduinoCore.a(HardwareSerial0.o)
 .debug_loc     0x000073c8     0x1c87 C:\Users\renep\Documents\Atmel Studio\7.0\Leapyear\Leapyear\ArduinoCore\Debug\libArduinoCore.a(Print.o)
 .debug_loc     0x0000904f      0x28d C:\Users\renep\Documents\Atmel Studio\7.0\Leapyear\Leapyear\ArduinoCore\Debug\libArduinoCore.a(wiring.o)
 .debug_loc     0x000092dc      0x56b C:\Users\renep\Documents\Atmel Studio\7.0\Leapyear\Leapyear\ArduinoCore\Debug\libArduinoCore.a(wiring_digital.o)

.debug_macinfo
 *(.debug_macinfo)

.debug_weaknames
 *(.debug_weaknames)

.debug_funcnames
 *(.debug_funcnames)

.debug_typenames
 *(.debug_typenames)

.debug_varnames
 *(.debug_varnames)

.debug_pubtypes
 *(.debug_pubtypes)

.debug_ranges   0x00000000      0xd08
 *(.debug_ranges)
 .debug_ranges  0x00000000       0x88 src/libraries/Wire/src/utility/twi.o
 .debug_ranges  0x00000088      0x120 src/libraries/Wire/src/Wire.o
 .debug_ranges  0x000001a8       0x48 OLED.o
 .debug_ranges  0x000001f0       0xc0 src/libraries/Adafruit_BusIO/Adafruit_SPIDevice.o
 .debug_ranges  0x000002b0      0x3a0 src/libraries/Adafruit_GFX_Library/Adafruit_GFX.o
 .debug_ranges  0x00000650      0x200 src/libraries/Adafruit_GFX_Library/Adafruit_SPITFT.o
 .debug_ranges  0x00000850      0x1b0 src/libraries/Adafruit_SSD1306/Adafruit_SSD1306.o
 .debug_ranges  0x00000a00       0x28 src/libraries/SPI/src/SPI.o
 .debug_ranges  0x00000a28       0x90 src/libraries/Servo/src/avr/Servo.o
 .debug_ranges  0x00000ab8       0x10 C:\Users\renep\Documents\Atmel Studio\7.0\Leapyear\Leapyear\ArduinoCore\Debug\libArduinoCore.a(abi.o)
 .debug_ranges  0x00000ac8       0x58 C:\Users\renep\Documents\Atmel Studio\7.0\Leapyear\Leapyear\ArduinoCore\Debug\libArduinoCore.a(HardwareSerial.o)
 .debug_ranges  0x00000b20       0x38 C:\Users\renep\Documents\Atmel Studio\7.0\Leapyear\Leapyear\ArduinoCore\Debug\libArduinoCore.a(HardwareSerial0.o)
 .debug_ranges  0x00000b58       0x10 C:\Users\renep\Documents\Atmel Studio\7.0\Leapyear\Leapyear\ArduinoCore\Debug\libArduinoCore.a(hooks.o)
 .debug_ranges  0x00000b68       0x20 C:\Users\renep\Documents\Atmel Studio\7.0\Leapyear\Leapyear\ArduinoCore\Debug\libArduinoCore.a(main.o)
 .debug_ranges  0x00000b88      0x120 C:\Users\renep\Documents\Atmel Studio\7.0\Leapyear\Leapyear\ArduinoCore\Debug\libArduinoCore.a(Print.o)
 .debug_ranges  0x00000ca8       0x38 C:\Users\renep\Documents\Atmel Studio\7.0\Leapyear\Leapyear\ArduinoCore\Debug\libArduinoCore.a(wiring.o)
 .debug_ranges  0x00000ce0       0x28 C:\Users\renep\Documents\Atmel Studio\7.0\Leapyear\Leapyear\ArduinoCore\Debug\libArduinoCore.a(wiring_digital.o)

.debug_macro
 *(.debug_macro)
OUTPUT(BareMinimum.elf elf32-avr)
LOAD linker stubs
